Archive member included to satisfy reference by file (symbol)

/opt/gcc-arm-none-eabi-10.3-2021.07/bin/../lib/gcc/arm-none-eabi/10.3.1/../../../../arm-none-eabi/lib/thumb/v7e-m/nofp/libc.a(lib_a-malloc.o)
                              build/machines/cortex/armv7em/stm32f303/coroLabBoard/tft/Adafruit-GFX-Library/Adafruit_GFX.cpp.o (malloc)
/opt/gcc-arm-none-eabi-10.3-2021.07/bin/../lib/gcc/arm-none-eabi/10.3.1/../../../../arm-none-eabi/lib/thumb/v7e-m/nofp/libc.a(lib_a-mallocr.o)
                              /opt/gcc-arm-none-eabi-10.3-2021.07/bin/../lib/gcc/arm-none-eabi/10.3.1/../../../../arm-none-eabi/lib/thumb/v7e-m/nofp/libc.a(lib_a-malloc.o) (_malloc_r)
/opt/gcc-arm-none-eabi-10.3-2021.07/bin/../lib/gcc/arm-none-eabi/10.3.1/../../../../arm-none-eabi/lib/thumb/v7e-m/nofp/libc.a(lib_a-memset.o)
                              build/machines/cortex/armv7em/stm32f303/coroLabBoard/tft/Adafruit-GFX-Library/Adafruit_GFX.cpp.o (memset)
/opt/gcc-arm-none-eabi-10.3-2021.07/bin/../lib/gcc/arm-none-eabi/10.3.1/../../../../arm-none-eabi/lib/thumb/v7e-m/nofp/libc.a(lib_a-mlock.o)
                              /opt/gcc-arm-none-eabi-10.3-2021.07/bin/../lib/gcc/arm-none-eabi/10.3.1/../../../../arm-none-eabi/lib/thumb/v7e-m/nofp/libc.a(lib_a-mallocr.o) (__malloc_lock)
/opt/gcc-arm-none-eabi-10.3-2021.07/bin/../lib/gcc/arm-none-eabi/10.3.1/../../../../arm-none-eabi/lib/thumb/v7e-m/nofp/libc.a(lib_a-printf.o)
                              build/lab1.cpp.o (printf)
/opt/gcc-arm-none-eabi-10.3-2021.07/bin/../lib/gcc/arm-none-eabi/10.3.1/../../../../arm-none-eabi/lib/thumb/v7e-m/nofp/libc.a(lib_a-sbrkr.o)
                              /opt/gcc-arm-none-eabi-10.3-2021.07/bin/../lib/gcc/arm-none-eabi/10.3.1/../../../../arm-none-eabi/lib/thumb/v7e-m/nofp/libc.a(lib_a-mallocr.o) (_sbrk_r)
/opt/gcc-arm-none-eabi-10.3-2021.07/bin/../lib/gcc/arm-none-eabi/10.3.1/../../../../arm-none-eabi/lib/thumb/v7e-m/nofp/libc.a(lib_a-strlen.o)
                              build/machines/cortex/armv7em/stm32f303/coroLabBoard/tft/arduinoCore/Print.cpp.o (strlen)
/opt/gcc-arm-none-eabi-10.3-2021.07/bin/../lib/gcc/arm-none-eabi/10.3.1/../../../../arm-none-eabi/lib/thumb/v7e-m/nofp/libc.a(lib_a-strncpy.o)
                              build/machines/cortex/armv7em/stm32f303/coroLabBoard/tft/Adafruit-GFX-Library/Adafruit_GFX.cpp.o (strncpy)
/opt/gcc-arm-none-eabi-10.3-2021.07/bin/../lib/gcc/arm-none-eabi/10.3.1/../../../../arm-none-eabi/lib/thumb/v7e-m/nofp/libc.a(lib_a-vfprintf.o)
                              /opt/gcc-arm-none-eabi-10.3-2021.07/bin/../lib/gcc/arm-none-eabi/10.3.1/../../../../arm-none-eabi/lib/thumb/v7e-m/nofp/libc.a(lib_a-printf.o) (_vfprintf_r)
/opt/gcc-arm-none-eabi-10.3-2021.07/bin/../lib/gcc/arm-none-eabi/10.3.1/../../../../arm-none-eabi/lib/thumb/v7e-m/nofp/libc.a(lib_a-wsetup.o)
                              /opt/gcc-arm-none-eabi-10.3-2021.07/bin/../lib/gcc/arm-none-eabi/10.3.1/../../../../arm-none-eabi/lib/thumb/v7e-m/nofp/libc.a(lib_a-vfprintf.o) (__swsetup_r)
/opt/gcc-arm-none-eabi-10.3-2021.07/bin/../lib/gcc/arm-none-eabi/10.3.1/../../../../arm-none-eabi/lib/thumb/v7e-m/nofp/libc.a(lib_a-dtoa.o)
                              /opt/gcc-arm-none-eabi-10.3-2021.07/bin/../lib/gcc/arm-none-eabi/10.3.1/../../../../arm-none-eabi/lib/thumb/v7e-m/nofp/libc.a(lib_a-vfprintf.o) (_dtoa_r)
/opt/gcc-arm-none-eabi-10.3-2021.07/bin/../lib/gcc/arm-none-eabi/10.3.1/../../../../arm-none-eabi/lib/thumb/v7e-m/nofp/libc.a(lib_a-fflush.o)
                              /opt/gcc-arm-none-eabi-10.3-2021.07/bin/../lib/gcc/arm-none-eabi/10.3.1/../../../../arm-none-eabi/lib/thumb/v7e-m/nofp/libc.a(lib_a-vfprintf.o) (_fflush_r)
/opt/gcc-arm-none-eabi-10.3-2021.07/bin/../lib/gcc/arm-none-eabi/10.3.1/../../../../arm-none-eabi/lib/thumb/v7e-m/nofp/libc.a(lib_a-findfp.o)
                              /opt/gcc-arm-none-eabi-10.3-2021.07/bin/../lib/gcc/arm-none-eabi/10.3.1/../../../../arm-none-eabi/lib/thumb/v7e-m/nofp/libc.a(lib_a-vfprintf.o) (__sinit)
/opt/gcc-arm-none-eabi-10.3-2021.07/bin/../lib/gcc/arm-none-eabi/10.3.1/../../../../arm-none-eabi/lib/thumb/v7e-m/nofp/libc.a(lib_a-freer.o)
                              /opt/gcc-arm-none-eabi-10.3-2021.07/bin/../lib/gcc/arm-none-eabi/10.3.1/../../../../arm-none-eabi/lib/thumb/v7e-m/nofp/libc.a(lib_a-malloc.o) (_free_r)
/opt/gcc-arm-none-eabi-10.3-2021.07/bin/../lib/gcc/arm-none-eabi/10.3.1/../../../../arm-none-eabi/lib/thumb/v7e-m/nofp/libc.a(lib_a-fwalk.o)
                              /opt/gcc-arm-none-eabi-10.3-2021.07/bin/../lib/gcc/arm-none-eabi/10.3.1/../../../../arm-none-eabi/lib/thumb/v7e-m/nofp/libc.a(lib_a-findfp.o) (_fwalk)
/opt/gcc-arm-none-eabi-10.3-2021.07/bin/../lib/gcc/arm-none-eabi/10.3.1/../../../../arm-none-eabi/lib/thumb/v7e-m/nofp/libc.a(lib_a-impure.o)
                              /opt/gcc-arm-none-eabi-10.3-2021.07/bin/../lib/gcc/arm-none-eabi/10.3.1/../../../../arm-none-eabi/lib/thumb/v7e-m/nofp/libc.a(lib_a-fflush.o) (_global_impure_ptr)
[...]
Memory Configuration

Name             Origin             Length             Attributes
VECTOR           0x0000000008000000 0x0000000000000168 xr
FLASH            0x0000000008000168 0x000000000000fe98 xr
RAM              0x0000000020000000 0x0000000000003000 xrw
MEMORY_B1        0x0000000060000000 0x0000000000000000 xr
*default*        0x0000000000000000 0xffffffffffffffff

Linker script and memory map

LOAD build/os/tpl_os_kernel.c.o
LOAD build/os/tpl_os_timeobj_kernel.c.o
LOAD build/os/tpl_os_action.c.o
LOAD build/os/tpl_os_error.c.o
LOAD build/os/tpl_os_os_kernel.c.o
LOAD build/os/tpl_os_os.c.o
LOAD build/os/tpl_os_interrupt_kernel.c.o
LOAD build/os/tpl_os_task_kernel.c.o
LOAD build/os/tpl_os_resource_kernel.c.o
LOAD build/lab1/tpl_app_config.c.o
LOAD build/lab1/tpl_dispatch_table.c.o
LOAD build/lab1/tpl_invoque.S.o
LOAD build/lab1/tpl_primary_irq.S.o
LOAD build/lab1/tpl_vectors.c.o
LOAD build/lab1/tpl_external_interrupts.c.o
LOAD build/lab1/tpl_app_interrupts.c.o
LOAD build/machines/cortex/tpl_machine_cortex.c.o
LOAD build/machines/cortex/tpl_sc_handler.S.o
LOAD build/machines/cortex/tpl_startup.S.o
LOAD build/machines/cortex/armv7em/tpl_ctx_switch.S.o
LOAD build/machines/cortex/armv7em/tpl_ctx_switch_under_it.S.o
LOAD build/machines/cortex/armv7em/tpl_interrupts.S.o
LOAD build/machines/cortex/armv7em/stm32f303/handlers_stm32f3xx.c.o
LOAD build/machines/cortex/armv7em/stm32f303/startup_stm32f3xx.c.o
LOAD build/machines/cortex/armv7em/stm32f303/system_stm32f30x.c.o
LOAD build/machines/cortex/armv7em/stm32f303/tpl_machine_stm32f303.c.o
LOAD build/machines/cortex/armv7em/stm32f303/tpl_memory_protection.c.o
LOAD build/machines/cortex/armv7em/stm32f303/lib/pinAccess.c.o
LOAD build/machines/cortex/armv7em/stm32f303/tpl_trace.c.o
LOAD build/machines/cortex/armv7em/stm32f303/coroLabBoard/spi.c.o
LOAD build/lab1.cpp.o
LOAD build/machines/cortex/armv7em/stm32f303/coroLabBoard/mcp23s17.cpp.o
LOAD build/machines/cortex/armv7em/stm32f303/coroLabBoard/coroBoard.cpp.o
LOAD build/machines/cortex/armv7em/stm32f303/coroLabBoard/tft/arduinoCore/Print.cpp.o
LOAD build/machines/cortex/armv7em/stm32f303/coroLabBoard/tft/tft.cpp.o
LOAD build/machines/cortex/armv7em/stm32f303/coroLabBoard/tft/Adafruit-ST7735-Library/Adafruit_ST7735.cpp.o
LOAD build/machines/cortex/armv7em/stm32f303/coroLabBoard/tft/Adafruit-ST7735-Library/Adafruit_ST77xx.cpp.o
LOAD build/machines/cortex/armv7em/stm32f303/coroLabBoard/tft/Adafruit-GFX-Library/Adafruit_GFX.cpp.o
LOAD build/machines/cortex/armv7em/stm32f303/coroLabBoard/tft/Adafruit-GFX-Library/Adafruit_SPITFT.cpp.o
                0x0000000020003000                _estack = 0x20003000
                0x0000000000000000                _Min_Heap_Size = 0x0
                0x0000000000000400                _Min_Stack_Size = 0x400

.isr_vector     0x0000000008000000      0x168
                0x0000000008000000                . = ALIGN (0x4)
 *(.isr_vector)
 .isr_vector    0x0000000008000000      0x168 build/lab1/tpl_vectors.c.o
                0x0000000008000000                tpl_it_vectors
                0x0000000008000168                . = ALIGN (0x4)
                0x0000000008000168                . = ALIGN (0x4)

ostext          0x0000000008000168     0x183c
 *(.SC_handler)
 *(.EI_handler)
 *(.osCode)
 .osCode        0x0000000008000168      0x83c build/os/tpl_os_kernel.c.o
                0x0000000008000168                tpl_current_os_state
                0x00000000080001bc                tpl_schedule_from_running
                0x0000000008000204                tpl_start_scheduling
                0x000000000800021c                tpl_start
                0x0000000008000294                tpl_run_elected
                0x000000000800030c                tpl_block
                0x0000000008000338                tpl_release
                0x0000000008000374                tpl_front_proc
                0x00000000080003a0                tpl_terminate
                0x00000000080003d4                tpl_init_proc
                0x0000000008000408                tpl_put_preempted_proc
                0x0000000008000468                tpl_put_new_proc
                0x00000000080004f4                tpl_init_os
                0x0000000008000558                tpl_get_internal_resource
                0x00000000080005e4                tpl_release_internal_resource
                0x0000000008000634                tpl_call_terminate_task_service
                0x0000000008000668                tpl_call_terminate_isr2_service
                0x00000000080006b0                tpl_activate_task
                0x0000000008000728                tpl_set_event
                0x0000000008000748                tpl_compare_entries
                0x00000000080007e0                tpl_bubble_up
                0x0000000008000860                tpl_bubble_down
                0x0000000008000916                tpl_remove_front_proc
                0x0000000008000978                tpl_preempt
 .osCode        0x00000000080009a4      0x2f0 build/os/tpl_os_timeobj_kernel.c.o
                0x00000000080009a4                tpl_enable_counters
                0x00000000080009bc                tpl_insert_time_obj
                0x0000000008000a9a                tpl_remove_time_obj
                0x0000000008000b0c                tpl_counter_tick
 .osCode        0x0000000008000c94       0xac build/os/tpl_os_os_kernel.c.o
                0x0000000008000c94                tpl_get_active_application_mode_service
                0x0000000008000cc4                tpl_start_os_service
                0x0000000008000d10                tpl_call_shutdown_os
                0x0000000008000d26                tpl_shutdown_os_service
 .osCode        0x0000000008000d40      0x1e0 build/os/tpl_os_interrupt_kernel.c.o
                0x0000000008000d40                tpl_get_interrupt_lock_status
                0x0000000008000d80                tpl_reset_interrupt_lock_status
                0x0000000008000dbc                tpl_terminate_isr2_service
                0x0000000008000e00                tpl_null_it
                0x0000000008000e12                tpl_enable_all_interrupts_service
                0x0000000008000e30                tpl_disable_all_interrupts_service
                0x0000000008000e60                tpl_resume_all_interrupts_service
                0x0000000008000e98                tpl_suspend_all_interrupts_service
                0x0000000008000ec0                tpl_resume_os_interrupts_service
                0x0000000008000ef8                tpl_suspend_os_interrupts_service
 .osCode        0x0000000008000f20      0x2b4 build/os/tpl_os_task_kernel.c.o
                0x0000000008000f20                tpl_activate_task_service
                0x0000000008000f84                tpl_terminate_task_service
                0x0000000008000ff4                tpl_chain_task_service
                0x00000000080010a4                tpl_schedule_service
                0x0000000008001120                tpl_get_task_id_service
                0x0000000008001170                tpl_get_task_state_service
 .osCode        0x00000000080011d4      0x20c build/os/tpl_os_resource_kernel.c.o
                0x00000000080011d4                tpl_release_all_resources
                0x0000000008001234                tpl_get_resource_service
                0x000000000800132c                tpl_release_resource_service
 .osCode        0x00000000080013e0       0x40 build/lab1/tpl_app_config.c.o
                0x00000000080013e0                tpl_tick_SysTick
                0x0000000008001414                SysTick_Handler
 .osCode        0x0000000008001420       0x30 build/lab1/tpl_primary_irq.S.o
                0x0000000008001420                tpl_primary_irq_handler_SysTick
 .osCode        0x0000000008001450       0x20 build/lab1/tpl_external_interrupts.c.o
                0x0000000008001450                tpl_init_external_interrupts
 .osCode        0x0000000008001470       0x24 build/lab1/tpl_app_interrupts.c.o
                0x0000000008001470                tpl_init_it_priority
                0x000000000800147c                tpl_disable_os_interrupts
                0x0000000008001488                tpl_enable_os_interrupts
 .osCode        0x0000000008001494      0x164 build/machines/cortex/tpl_machine_cortex.c.o
                0x0000000008001494                tpl_init_context
                0x0000000008001580                tpl_init_machine
                0x0000000008001590                tpl_shutdown
                0x000000000800159a                tpl_init_machine_generic
                0x00000000080015a6                tpl_init_machine_specific
                0x00000000080015dc                tpl_check_stack_footprint
 .osCode        0x00000000080015f8       0x6c build/machines/cortex/tpl_sc_handler.S.o
                0x00000000080015f8                tpl_sc_handler
 .osCode        0x0000000008001664       0x1c build/machines/cortex/tpl_startup.S.o
                0x0000000008001664                tpl_reset_handler
 .osCode        0x0000000008001680       0x4c build/machines/cortex/armv7em/tpl_ctx_switch.S.o
                0x0000000008001680                tpl_save_context
                0x00000000080016a6                tpl_load_context
 .osCode        0x00000000080016cc       0x44 build/machines/cortex/armv7em/tpl_ctx_switch_under_it.S.o
                0x00000000080016cc                tpl_save_context_under_it
                0x00000000080016ee                tpl_load_context_under_it
 .osCode        0x0000000008001710       0x2c build/machines/cortex/armv7em/tpl_interrupts.S.o
                0x0000000008001710                tpl_disable_interrupts
                0x0000000008001724                tpl_enable_interrupts
 .osCode        0x000000000800173c       0x7c build/machines/cortex/armv7em/stm32f303/tpl_machine_stm32f303.c.o
                0x000000000800178c                tpl_set_systick_timer
 *(.osApiCode)
 .osApiCode     0x00000000080017b8       0x2a build/os/tpl_os_os.c.o
                0x00000000080017b8                StartOS
 .osApiCode     0x00000000080017e2      0x1c2 build/lab1/tpl_invoque.S.o
                0x00000000080017e2                GetActiveApplicationMode
                0x00000000080017f8                tpl_start_os
                0x000000000800180e                ShutdownOS
                0x0000000008001824                EnableAllInterrupts
                0x000000000800183e                DisableAllInterrupts
                0x0000000008001858                ResumeAllInterrupts
                0x0000000008001872                SuspendAllInterrupts
                0x000000000800188c                ResumeOSInterrupts
                0x00000000080018a6                SuspendOSInterrupts
                0x00000000080018c0                CallTerminateISR2
                0x00000000080018da                ActivateTask
                0x00000000080018f0                TerminateTask
                0x0000000008001906                ChainTask
                0x000000000800191c                Schedule
                0x0000000008001932                GetTaskID
                0x0000000008001948                GetTaskState
                0x000000000800195e                CallTerminateTask
                0x0000000008001978                GetResource
                0x000000000800198e                ReleaseResource
 *(.appCommonCode)
                0x00000000080019a4                . = ALIGN (0x4)

osconst         0x00000000080019a4       0xf4
 *(.osConst)
 .osConst       0x00000000080019a4        0x2 build/os/tpl_os_kernel.c.o
                0x00000000080019a4                INVALID_PROC
                0x00000000080019a5                INVALID_TASK
 *fill*         0x00000000080019a6        0x2 
 .osConst       0x00000000080019a8       0x84 build/lab1/tpl_app_config.c.o
                0x00000000080019a8                tpl_stat_proc_table
                0x00000000080019b8                tpl_dyn_proc_table
                0x00000000080019c8                tpl_resource_table
                0x00000000080019cc                IDLE_TASK_task_stat_desc
                0x00000000080019e4                task2_task_stat_desc
                0x00000000080019fc                task1_task_stat_desc
                0x0000000008001a14                task3_task_stat_desc
 .osConst       0x0000000008001a2c       0x4c build/lab1/tpl_dispatch_table.c.o
                0x0000000008001a2c                tpl_dispatch_table
 *(.osApiConst)
 .osApiConst    0x0000000008001a78       0x20 build/lab1/tpl_app_config.c.o
                0x0000000008001a78                proc_name_table
                0x0000000008001a88                task2
                0x0000000008001a89                task1
                0x0000000008001a8a                task3
                0x0000000008001a8c                OSTICKSPERBASE
                0x0000000008001a90                OSMAXALLOWEDVALUE
                0x0000000008001a94                OSMINCYCLE
                0x0000000008001a98                . = ALIGN (0x4)

apptext         0x0000000008001a98        0x0
                0x0000000008001a98                __PROGCONST_SECTION_START = .
                0x0000000008001a98                __SEG_START_APP_CODE_CONST_RGN = .
                0x0000000008001a98                . = ALIGN (0x4)
 *(.Task_task2Code)
 *(.Task_task1Code)
 *(.Task_task3Code)
                0x0000000008001a98                . = ALIGN (0x4)

appconst        0x0000000008001a98     0x1235
 *(.rodata)
 .rodata        0x0000000008001a98       0x1f build/lab1/tpl_app_config.c.o
 *fill*         0x0000000008001ab7        0x1 
 .rodata        0x0000000008001ab8      0x17b build/lab1.cpp.o
 *(.rodata*)
 .rodata.OSDEFAULTAPPMODE
                0x0000000008001c33        0x1 build/lab1/tpl_app_config.c.o
                0x0000000008001c33                OSDEFAULTAPPMODE
 .rodata.tpl_task_app_mode
                0x0000000008001c34        0x3 build/lab1/tpl_app_config.c.o
                0x0000000008001c34                tpl_task_app_mode
 .rodata.AHBPrescTable
                0x0000000008001c37       0x10 build/machines/cortex/armv7em/stm32f303/system_stm32f30x.c.o
                0x0000000008001c37                AHBPrescTable
 *fill*         0x0000000008001c47        0x1 
 .rodata._ZTV5Print
                0x0000000008001c48       0x10 build/machines/cortex/armv7em/stm32f303/coroLabBoard/tft/arduinoCore/Print.cpp.o
                0x0000000008001c48                vtable for Print
 .rodata._ZL20VeraMono6pt7bBitmaps
                0x0000000008001c58      0x21f build/machines/cortex/armv7em/stm32f303/coroLabBoard/tft/tft.cpp.o
 *fill*         0x0000000008001e77        0x1 
 .rodata._ZL19VeraMono6pt7bGlyphs
                0x0000000008001e78      0x2f8 build/machines/cortex/armv7em/stm32f303/coroLabBoard/tft/tft.cpp.o
 .rodata._ZL13VeraMono6pt7b
                0x0000000008002170        0xc build/machines/cortex/armv7em/stm32f303/coroLabBoard/tft/tft.cpp.o
 .rodata._ZTV3tft
                0x000000000800217c       0x58 build/machines/cortex/armv7em/stm32f303/coroLabBoard/tft/tft.cpp.o
                0x000000000800217c                vtable for tft
 .rodata._ZL5Rcmd1
                0x00000000080021d4       0x3b build/machines/cortex/armv7em/stm32f303/coroLabBoard/tft/Adafruit-ST7735-Library/Adafruit_ST7735.cpp.o
 *fill*         0x000000000800220f        0x1 
 .rodata._ZL10Rcmd2green
                0x0000000008002210        0xd build/machines/cortex/armv7em/stm32f303/coroLabBoard/tft/Adafruit-ST7735-Library/Adafruit_ST7735.cpp.o
 *fill*         0x000000000800221d        0x3 
 .rodata._ZL8Rcmd2red
                0x0000000008002220        0xd build/machines/cortex/armv7em/stm32f303/coroLabBoard/tft/Adafruit-ST7735-Library/Adafruit_ST7735.cpp.o
 *fill*         0x000000000800222d        0x3 
 .rodata._ZL13Rcmd2green144
                0x0000000008002230        0xd build/machines/cortex/armv7em/stm32f303/coroLabBoard/tft/Adafruit-ST7735-Library/Adafruit_ST7735.cpp.o
 *fill*         0x000000000800223d        0x3 
 .rodata._ZL16Rcmd2green160x80
                0x0000000008002240        0xd build/machines/cortex/armv7em/stm32f303/coroLabBoard/tft/Adafruit-ST7735-Library/Adafruit_ST7735.cpp.o
 *fill*         0x000000000800224d        0x3 
 .rodata._ZL5Rcmd3
                0x0000000008002250       0x2b build/machines/cortex/armv7em/stm32f303/coroLabBoard/tft/Adafruit-ST7735-Library/Adafruit_ST7735.cpp.o
 *fill*         0x000000000800227b        0x1 
 .rodata._ZTV15Adafruit_ST7735
                0x000000000800227c       0x58 build/machines/cortex/armv7em/stm32f303/coroLabBoard/tft/Adafruit-ST7735-Library/Adafruit_ST7735.cpp.o
                0x000000000800227c                vtable for Adafruit_ST7735
 .rodata._ZTV15Adafruit_ST77xx
                0x00000000080022d4       0x58 build/machines/cortex/armv7em/stm32f303/coroLabBoard/tft/Adafruit-ST7735-Library/Adafruit_ST77xx.cpp.o
                0x00000000080022d4                vtable for Adafruit_ST77xx
 .rodata._ZL4font
                0x000000000800232c      0x500 build/machines/cortex/armv7em/stm32f303/coroLabBoard/tft/Adafruit-GFX-Library/Adafruit_GFX.cpp.o
 .rodata._ZTV12Adafruit_GFX
                0x000000000800282c       0x50 build/machines/cortex/armv7em/stm32f303/coroLabBoard/tft/Adafruit-GFX-Library/Adafruit_GFX.cpp.o
                0x000000000800282c                vtable for Adafruit_GFX
 .rodata._ZTV15Adafruit_SPITFT
                0x000000000800287c       0x58 build/machines/cortex/armv7em/stm32f303/coroLabBoard/tft/Adafruit-GFX-Library/Adafruit_SPITFT.cpp.o
                0x000000000800287c                vtable for Adafruit_SPITFT
 .rodata._vfprintf_r.str1.4
                0x00000000080028d4       0x42 /opt/gcc-arm-none-eabi-10.3-2021.07/bin/../lib/gcc/arm-none-eabi/10.3.1/../../../../arm-none-eabi/lib/thumb/v7e-m/nofp/libc.a(lib_a-vfprintf.o)
 *fill*         0x0000000008002916        0x2 
 .rodata.blanks.1
                0x0000000008002918       0x10 /opt/gcc-arm-none-eabi-10.3-2021.07/bin/../lib/gcc/arm-none-eabi/10.3.1/../../../../arm-none-eabi/lib/thumb/v7e-m/nofp/libc.a(lib_a-vfprintf.o)
 .rodata.zeroes.0
                0x0000000008002928       0x10 /opt/gcc-arm-none-eabi-10.3-2021.07/bin/../lib/gcc/arm-none-eabi/10.3.1/../../../../arm-none-eabi/lib/thumb/v7e-m/nofp/libc.a(lib_a-vfprintf.o)
 .rodata._dtoa_r.str1.4
                0x0000000008002938       0xa2 /opt/gcc-arm-none-eabi-10.3-2021.07/bin/../lib/gcc/arm-none-eabi/10.3.1/../../../../arm-none-eabi/lib/thumb/v7e-m/nofp/libc.a(lib_a-dtoa.o)
                                         0xa6 (size before relaxing)
 *fill*         0x00000000080029da        0x2 
 .rodata.__multadd.str1.4
                0x00000000080029dc       0x7f /opt/gcc-arm-none-eabi-10.3-2021.07/bin/../lib/gcc/arm-none-eabi/10.3.1/../../../../arm-none-eabi/lib/thumb/v7e-m/nofp/libc.a(lib_a-mprec.o)
                                         0x93 (size before relaxing)
 *fill*         0x0000000008002a5b        0x5 
 .rodata.__mprec_bigtens
                0x0000000008002a60       0x28 /opt/gcc-arm-none-eabi-10.3-2021.07/bin/../lib/gcc/arm-none-eabi/10.3.1/../../../../arm-none-eabi/lib/thumb/v7e-m/nofp/libc.a(lib_a-mprec.o)
                0x0000000008002a60                __mprec_bigtens
 .rodata.__mprec_tens
                0x0000000008002a88       0xc8 /opt/gcc-arm-none-eabi-10.3-2021.07/bin/../lib/gcc/arm-none-eabi/10.3.1/../../../../arm-none-eabi/lib/thumb/v7e-m/nofp/libc.a(lib_a-mprec.o)
                0x0000000008002a88                __mprec_tens
 .rodata.p05.0  0x0000000008002b50        0xc /opt/gcc-arm-none-eabi-10.3-2021.07/bin/../lib/gcc/arm-none-eabi/10.3.1/../../../../arm-none-eabi/lib/thumb/v7e-m/nofp/libc.a(lib_a-mprec.o)
 .rodata._vfiprintf_r.str1.4
                0x0000000008002b5c       0x2f /opt/gcc-arm-none-eabi-10.3-2021.07/bin/../lib/gcc/arm-none-eabi/10.3.1/../../../../arm-none-eabi/lib/thumb/v7e-m/nofp/libc.a(lib_a-vfiprintf.o)
 .rodata.blanks.1
                0x0000000008002b5c       0x10 /opt/gcc-arm-none-eabi-10.3-2021.07/bin/../lib/gcc/arm-none-eabi/10.3.1/../../../../arm-none-eabi/lib/thumb/v7e-m/nofp/libc.a(lib_a-vfiprintf.o)
 .rodata.zeroes.0
                0x0000000008002b6c       0x10 /opt/gcc-arm-none-eabi-10.3-2021.07/bin/../lib/gcc/arm-none-eabi/10.3.1/../../../../arm-none-eabi/lib/thumb/v7e-m/nofp/libc.a(lib_a-vfiprintf.o)
 .rodata.__assert_func.str1.4
                0x0000000008002b7c       0x3f /opt/gcc-arm-none-eabi-10.3-2021.07/bin/../lib/gcc/arm-none-eabi/10.3.1/../../../../arm-none-eabi/lib/thumb/v7e-m/nofp/libc.a(lib_a-assert.o)
                                         0x43 (size before relaxing)
 *fill*         0x0000000008002bbb        0x1 
 .rodata._setlocale_r.str1.4
                0x0000000008002bbc        0xa /opt/gcc-arm-none-eabi-10.3-2021.07/bin/../lib/gcc/arm-none-eabi/10.3.1/../../../../arm-none-eabi/lib/thumb/v7e-m/nofp/libc.a(lib_a-locale.o)
                                          0xd (size before relaxing)
 *fill*         0x0000000008002bc6        0x2 
 .rodata.str1.4
                0x0000000008002bc8        0x2 /opt/gcc-arm-none-eabi-10.3-2021.07/bin/../lib/gcc/arm-none-eabi/10.3.1/../../../../arm-none-eabi/lib/thumb/v7e-m/nofp/libc.a(lib_a-locale.o)
 *fill*         0x0000000008002bca        0x2 
 .rodata._ctype_
                0x0000000008002bcc      0x101 /opt/gcc-arm-none-eabi-10.3-2021.07/bin/../lib/gcc/arm-none-eabi/10.3.1/../../../../arm-none-eabi/lib/thumb/v7e-m/nofp/libc.a(lib_a-ctype_.o)
                0x0000000008002bcc                _ctype_
                0x0000000008002cd0                . = ALIGN (0x4)

procconst       0x0000000008002ccd        0x3
 *(.Task_task2_SEC_CONST_32BIT)
 *(.Task_task2_SEC_CALIB_32BIT)
 *(.Task_task2_SEC_CARTO_32BIT)
 *(.Task_task2_SEC_CONFIG_DATA_32BIT)
 *(.Task_task2_SEC_CONST_16BIT)
 *(.Task_task2_SEC_CALIB_16BIT)
 *(.Task_task2_SEC_CARTO_16BIT)
 *(.Task_task2_SEC_CONFIG_DATA_16BIT)
 *(.Task_task2_SEC_CONST_8BIT)
 *(.Task_task2_SEC_CALIB_8BIT)
 *(.Task_task2_SEC_CARTO_8BIT)
 *(.Task_task2_SEC_CONFIG_DATA_8BIT)
 *(.Task_task2_SEC_CONST_BOOLEAN)
 *(.Task_task2_SEC_CALIB_BOOLEAN)
 *(.Task_task2_SEC_CARTO_BOOLEAN)
 *(.Task_task2_SEC_CONFIG_DATA_BOOLEAN)
 *(.Task_task2_SEC_CONST_UNSPECIFIED)
 *(.Task_task2_SEC_CALIB_UNSPECIFIED)
 *(.Task_task2_SEC_CARTO_UNSPECIFIED)
 *(.Task_task2_SEC_CONFIG_DATA_UNSPECIFIED)
 *(.Task_task1_SEC_CONST_32BIT)
 *(.Task_task1_SEC_CALIB_32BIT)
 *(.Task_task1_SEC_CARTO_32BIT)
 *(.Task_task1_SEC_CONFIG_DATA_32BIT)
 *(.Task_task1_SEC_CONST_16BIT)
 *(.Task_task1_SEC_CALIB_16BIT)
 *(.Task_task1_SEC_CARTO_16BIT)
 *(.Task_task1_SEC_CONFIG_DATA_16BIT)
 *(.Task_task1_SEC_CONST_8BIT)
 *(.Task_task1_SEC_CALIB_8BIT)
 *(.Task_task1_SEC_CARTO_8BIT)
 *(.Task_task1_SEC_CONFIG_DATA_8BIT)
 *(.Task_task1_SEC_CONST_BOOLEAN)
 *(.Task_task1_SEC_CALIB_BOOLEAN)
 *(.Task_task1_SEC_CARTO_BOOLEAN)
 *(.Task_task1_SEC_CONFIG_DATA_BOOLEAN)
 *(.Task_task1_SEC_CONST_UNSPECIFIED)
 *(.Task_task1_SEC_CALIB_UNSPECIFIED)
 *(.Task_task1_SEC_CARTO_UNSPECIFIED)
 *(.Task_task1_SEC_CONFIG_DATA_UNSPECIFIED)
 *(.Task_task3_SEC_CONST_32BIT)
 *(.Task_task3_SEC_CALIB_32BIT)
 *(.Task_task3_SEC_CARTO_32BIT)
 *(.Task_task3_SEC_CONFIG_DATA_32BIT)
 *(.Task_task3_SEC_CONST_16BIT)
 *(.Task_task3_SEC_CALIB_16BIT)
 *(.Task_task3_SEC_CARTO_16BIT)
 *(.Task_task3_SEC_CONFIG_DATA_16BIT)
 *(.Task_task3_SEC_CONST_8BIT)
 *(.Task_task3_SEC_CALIB_8BIT)
 *(.Task_task3_SEC_CARTO_8BIT)
 *(.Task_task3_SEC_CONFIG_DATA_8BIT)
 *(.Task_task3_SEC_CONST_BOOLEAN)
 *(.Task_task3_SEC_CALIB_BOOLEAN)
 *(.Task_task3_SEC_CARTO_BOOLEAN)
 *(.Task_task3_SEC_CONFIG_DATA_BOOLEAN)
 *(.Task_task3_SEC_CONST_UNSPECIFIED)
 *(.Task_task3_SEC_CALIB_UNSPECIFIED)
 *(.Task_task3_SEC_CARTO_UNSPECIFIED)
 *(.Task_task3_SEC_CONFIG_DATA_UNSPECIFIED)
                0x0000000008002cd0                . = ALIGN (0x4)
 *fill*         0x0000000008002ccd        0x3 
                0x0000000008002ccf                __SEG_STOP_APP_CODE_CONST_RGN = (. - 0x1)
                0x0000000008002ccf                __PROGCONST_SECTION_STOP = (. - 0x1)

.text           0x0000000008002d00     0x917c
                0x0000000008002d00                . = ALIGN (0x4)
 *(.text)
 .text          0x0000000008002d00       0xdc /opt/gcc-arm-none-eabi-10.3-2021.07/bin/../lib/gcc/arm-none-eabi/10.3.1/../../../../arm-none-eabi/lib/thumb/v7e-m/nofp/libc.a(lib_a-strlen.o)
                0x0000000008002d00                strlen
 *fill*         0x0000000008002ddc        0x4 
 .text          0x0000000008002de0       0xa0 /opt/gcc-arm-none-eabi-10.3-2021.07/bin/../lib/gcc/arm-none-eabi/10.3.1/../../../../arm-none-eabi/lib/thumb/v7e-m/nofp/libc.a(lib_a-memchr.o)
                0x0000000008002de0                memchr
 .text          0x0000000008002e80      0x134 /opt/gcc-arm-none-eabi-10.3-2021.07/bin/../lib/gcc/arm-none-eabi/10.3.1/../../../../arm-none-eabi/lib/thumb/v7e-m/nofp/libc.a(lib_a-memcpy.o)
                0x0000000008002e80                memcpy
 .text          0x0000000008002fb4      0x378 /opt/gcc-arm-none-eabi-10.3-2021.07/bin/../lib/gcc/arm-none-eabi/10.3.1/thumb/v7e-m/nofp/libgcc.a(_arm_addsubdf3.o)
                0x0000000008002fb4                __aeabi_drsub
                0x0000000008002fbc                __aeabi_dsub
                0x0000000008002fbc                __subdf3
                0x0000000008002fc0                __adddf3
                0x0000000008002fc0                __aeabi_dadd
                0x0000000008003238                __aeabi_ui2d
                0x0000000008003238                __floatunsidf
                0x0000000008003258                __floatsidf
                0x0000000008003258                __aeabi_i2d
                0x000000000800327c                __extendsfdf2
                0x000000000800327c                __aeabi_f2d
                0x00000000080032c0                __aeabi_ul2d
                0x00000000080032c0                __floatundidf
                0x00000000080032d0                __floatdidf
                0x00000000080032d0                __aeabi_l2d
 .text          0x000000000800332c      0x424 /opt/gcc-arm-none-eabi-10.3-2021.07/bin/../lib/gcc/arm-none-eabi/10.3.1/thumb/v7e-m/nofp/libgcc.a(_arm_muldivdf3.o)
                0x000000000800332c                __aeabi_dmul
                0x000000000800332c                __muldf3
                0x0000000008003580                __aeabi_ddiv
                0x0000000008003580                __divdf3
 .text          0x0000000008003750      0x110 /opt/gcc-arm-none-eabi-10.3-2021.07/bin/../lib/gcc/arm-none-eabi/10.3.1/thumb/v7e-m/nofp/libgcc.a(_arm_cmpdf2.o)
                0x0000000008003750                __gtdf2
                0x0000000008003750                __gedf2
                0x0000000008003758                __ltdf2
                0x0000000008003758                __ledf2
                0x0000000008003760                __cmpdf2
                0x0000000008003760                __eqdf2
                0x0000000008003760                __nedf2
                0x00000000080037dc                __aeabi_cdrcmple
                0x00000000080037ec                __aeabi_cdcmple
                0x00000000080037ec                __aeabi_cdcmpeq
                0x00000000080037fc                __aeabi_dcmpeq
                0x0000000008003810                __aeabi_dcmplt
                0x0000000008003824                __aeabi_dcmple
                0x0000000008003838                __aeabi_dcmpge
                0x000000000800384c                __aeabi_dcmpgt
 .text          0x0000000008003860       0x2c /opt/gcc-arm-none-eabi-10.3-2021.07/bin/../lib/gcc/arm-none-eabi/10.3.1/thumb/v7e-m/nofp/libgcc.a(_arm_unorddf2.o)
                0x0000000008003860                __aeabi_dcmpun
                0x0000000008003860                __unorddf2
 .text          0x000000000800388c       0x50 /opt/gcc-arm-none-eabi-10.3-2021.07/bin/../lib/gcc/arm-none-eabi/10.3.1/thumb/v7e-m/nofp/libgcc.a(_arm_fixdfsi.o)
                0x000000000800388c                __fixdfsi
                0x000000000800388c                __aeabi_d2iz
 .text          0x00000000080038dc       0x30 /opt/gcc-arm-none-eabi-10.3-2021.07/bin/../lib/gcc/arm-none-eabi/10.3.1/thumb/v7e-m/nofp/libgcc.a(_aeabi_uldivmod.o)
                0x00000000080038dc                __aeabi_uldivmod
 .text          0x000000000800390c      0x2d0 /opt/gcc-arm-none-eabi-10.3-2021.07/bin/../lib/gcc/arm-none-eabi/10.3.1/thumb/v7e-m/nofp/libgcc.a(_udivmoddi4.o)
                0x000000000800390c                __udivmoddi4
 .text          0x0000000008003bdc        0x4 /opt/gcc-arm-none-eabi-10.3-2021.07/bin/../lib/gcc/arm-none-eabi/10.3.1/thumb/v7e-m/nofp/libgcc.a(_dvmd_tls.o)
                0x0000000008003bdc                __aeabi_ldiv0
                0x0000000008003bdc                __aeabi_idiv0
 *(.text*)
 .text.NVIC_SetPriority
                0x0000000008003be0       0x54 build/machines/cortex/tpl_machine_cortex.c.o
 .text.idle_function
                0x0000000008003c34        0x6 build/machines/cortex/tpl_machine_cortex.c.o
                0x0000000008003c34                idle_function
 .text.NMI_Handler
                0x0000000008003c3a        0x8 build/machines/cortex/armv7em/stm32f303/handlers_stm32f3xx.c.o
                0x0000000008003c3a                NMI_Handler
 *fill*         0x0000000008003c42        0x2 
 .text.HardFault_Handler
                0x0000000008003c44       0x64 build/machines/cortex/armv7em/stm32f303/handlers_stm32f3xx.c.o
                0x0000000008003c44                HardFault_Handler
 .text.MemManage_Handler
                0x0000000008003ca8        0x8 build/machines/cortex/armv7em/stm32f303/handlers_stm32f3xx.c.o
                0x0000000008003ca8                MemManage_Handler
 .text.BusFault_Handler
                0x0000000008003cb0        0x8 build/machines/cortex/armv7em/stm32f303/handlers_stm32f3xx.c.o
                0x0000000008003cb0                BusFault_Handler
 .text.UsageFault_Handler
                0x0000000008003cb8        0x8 build/machines/cortex/armv7em/stm32f303/handlers_stm32f3xx.c.o
                0x0000000008003cb8                UsageFault_Handler
 .text.DebugMonitor_Handler
                0x0000000008003cc0        0x6 build/machines/cortex/armv7em/stm32f303/handlers_stm32f3xx.c.o
                0x0000000008003cc0                DebugMonitor_Handler
 *fill*         0x0000000008003cc6        0x2 
 .text.__libc_init_array
                0x0000000008003cc8       0x44 build/machines/cortex/armv7em/stm32f303/startup_stm32f3xx.c.o
                0x0000000008003cc8                __libc_init_array
 .text.__libc_fini_array
                0x0000000008003d0c       0x20 build/machines/cortex/armv7em/stm32f303/startup_stm32f3xx.c.o
                0x0000000008003d0c                __libc_fini_array
 .text.__cxa_pure_virtual
                0x0000000008003d2c        0x2 build/machines/cortex/armv7em/stm32f303/startup_stm32f3xx.c.o
                0x0000000008003d2c                __cxa_pure_virtual
 *fill*         0x0000000008003d2e        0x2 
 .text.SystemCoreClockUpdate
                0x0000000008003d30       0x60 build/machines/cortex/armv7em/stm32f303/system_stm32f30x.c.o
                0x0000000008003d30                SystemCoreClockUpdate
 .text.SystemInit
                0x0000000008003d90       0x5c build/machines/cortex/armv7em/stm32f303/system_stm32f30x.c.o
                0x0000000008003d90                SystemInit
 .text.NVIC_SetPriority
                0x0000000008003dec       0x54 build/machines/cortex/armv7em/stm32f303/tpl_machine_stm32f303.c.o
 .text.clockForGpio
                0x0000000008003e40       0x68 build/machines/cortex/armv7em/stm32f303/lib/pinAccess.c.o
                0x0000000008003e40                clockForGpio
 .text.pinMode  0x0000000008003ea8       0xac build/machines/cortex/armv7em/stm32f303/lib/pinAccess.c.o
                0x0000000008003ea8                pinMode
 .text.setupSPI
                0x0000000008003f54       0x7c build/machines/cortex/armv7em/stm32f303/coroLabBoard/spi.c.o
                0x0000000008003f54                setupSPI
 .text.beginTransaction
                0x0000000008003fd0        0xc build/machines/cortex/armv7em/stm32f303/coroLabBoard/spi.c.o
                0x0000000008003fd0                beginTransaction
 .text.endTransaction
                0x0000000008003fdc       0x18 build/machines/cortex/armv7em/stm32f303/coroLabBoard/spi.c.o
                0x0000000008003fdc                endTransaction
 .text.transfer8
                0x0000000008003ff4       0x30 build/machines/cortex/armv7em/stm32f303/coroLabBoard/spi.c.o
                0x0000000008003ff4                transfer8
 .text.write8   0x0000000008004024       0x14 build/machines/cortex/armv7em/stm32f303/coroLabBoard/spi.c.o
                0x0000000008004024                write8
 .text.main     0x0000000008004038       0x20 build/lab1.cpp.o
                0x0000000008004038                main
 .text.task1_function
                0x0000000008004058       0x78 build/lab1.cpp.o
                0x0000000008004058                task1_function
 .text.task2_function
                0x00000000080040d0       0x30 build/lab1.cpp.o
                0x00000000080040d0                task2_function
 .text.task3_function
                0x0000000008004100       0x30 build/lab1.cpp.o
                0x0000000008004100                task3_function
 .text._ZN8mcp23s17C2Ev
                0x0000000008004130       0x4c build/machines/cortex/armv7em/stm32f303/coroLabBoard/mcp23s17.cpp.o
                0x0000000008004130                mcp23s17::mcp23s17()
                0x0000000008004130                mcp23s17::mcp23s17()
 .text._ZN8mcp23s175beginEv
                0x000000000800417c       0x48 build/machines/cortex/armv7em/stm32f303/coroLabBoard/mcp23s17.cpp.o
                0x000000000800417c                mcp23s17::begin()
 .text._ZN8mcp23s178writeRegEhh
                0x00000000080041c4       0x36 build/machines/cortex/armv7em/stm32f303/coroLabBoard/mcp23s17.cpp.o
                0x00000000080041c4                mcp23s17::writeReg(unsigned char, unsigned char)
 .text._ZN8mcp23s177readRegEh
                0x00000000080041fa       0x36 build/machines/cortex/armv7em/stm32f303/coroLabBoard/mcp23s17.cpp.o
                0x00000000080041fa                mcp23s17::readReg(unsigned char)
 .text._ZN8mcp23s177pinModeENS_4portEhNS_4modeE
                0x0000000008004230       0x80 build/machines/cortex/armv7em/stm32f303/coroLabBoard/mcp23s17.cpp.o
                0x0000000008004230                mcp23s17::pinMode(mcp23s17::port, unsigned char, mcp23s17::mode)
 .text._ZN8mcp23s1712digitalWriteENS_4portEhb
                0x00000000080042b0       0x86 build/machines/cortex/armv7em/stm32f303/coroLabBoard/mcp23s17.cpp.o
                0x00000000080042b0                mcp23s17::digitalWrite(mcp23s17::port, unsigned char, bool)
 .text._ZN8mcp23s1711setBitInRegEhh
                0x0000000008004336       0x50 build/machines/cortex/armv7em/stm32f303/coroLabBoard/mcp23s17.cpp.o
                0x0000000008004336                mcp23s17::setBitInReg(unsigned char, unsigned char)
 .text._ZN8mcp23s1713clearBitInRegEhh
                0x0000000008004386       0x54 build/machines/cortex/armv7em/stm32f303/coroLabBoard/mcp23s17.cpp.o
                0x0000000008004386                mcp23s17::clearBitInReg(unsigned char, unsigned char)
 .text._ZN8mcp23s1715attachInterruptENS_4portEh
                0x00000000080043da       0x40 build/machines/cortex/armv7em/stm32f303/coroLabBoard/mcp23s17.cpp.o
                0x00000000080043da                mcp23s17::attachInterrupt(mcp23s17::port, unsigned char)
 *fill*         0x000000000800441a        0x2 
 .text._Z41__static_initialization_and_destruction_0ii
                0x000000000800441c       0x2c build/machines/cortex/armv7em/stm32f303/coroLabBoard/mcp23s17.cpp.o
 .text._GLOBAL__sub_I__ZN8mcp23s17C2Ev
                0x0000000008004448       0x10 build/machines/cortex/armv7em/stm32f303/coroLabBoard/mcp23s17.cpp.o
 .text._Z15setupIOExtenderv
                0x0000000008004458       0x80 build/machines/cortex/armv7em/stm32f303/coroLabBoard/coroBoard.cpp.o
                0x0000000008004458                setupIOExtender()
 .text._Z10setupTimerv
                0x00000000080044d8       0x5c build/machines/cortex/armv7em/stm32f303/coroLabBoard/coroBoard.cpp.o
                0x00000000080044d8                setupTimer()
 .text._Z13initCoroBoardv
                0x0000000008004534       0x28 build/machines/cortex/armv7em/stm32f303/coroLabBoard/coroBoard.cpp.o
                0x0000000008004534                initCoroBoard()
 .text._ZN5Print5writeEPKhj
                0x000000000800455c       0x5c build/machines/cortex/armv7em/stm32f303/coroLabBoard/tft/arduinoCore/Print.cpp.o
                0x000000000800455c                Print::write(unsigned char const*, unsigned int)
 .text._ZN15Adafruit_ST7735C2Ev
                0x00000000080045b8       0x24 build/machines/cortex/armv7em/stm32f303/coroLabBoard/tft/tft.cpp.o
                0x00000000080045b8                Adafruit_ST7735::Adafruit_ST7735()
                0x00000000080045b8                Adafruit_ST7735::Adafruit_ST7735()
 .text._ZN3tftC2Ev
                0x00000000080045dc       0x24 build/machines/cortex/armv7em/stm32f303/coroLabBoard/tft/tft.cpp.o
                0x00000000080045dc                tft::tft()
                0x00000000080045dc                tft::tft()
 .text._ZN3tft5eraseEv
                0x0000000008004600       0x2c build/machines/cortex/armv7em/stm32f303/coroLabBoard/tft/tft.cpp.o
                0x0000000008004600                tft::erase()
 .text._ZN3tft5setupEv
                0x000000000800462c       0x3c build/machines/cortex/armv7em/stm32f303/coroLabBoard/tft/tft.cpp.o
                0x000000000800462c                tft::setup()
 .text._Z41__static_initialization_and_destruction_0ii
                0x0000000008004668       0x2c build/machines/cortex/armv7em/stm32f303/coroLabBoard/tft/tft.cpp.o
 .text._GLOBAL__sub_I__ZN3tft5eraseEv
                0x0000000008004694       0x10 build/machines/cortex/armv7em/stm32f303/coroLabBoard/tft/tft.cpp.o
 .text._ZN15Adafruit_ST77355initREh
                0x00000000080046a4      0x11c build/machines/cortex/armv7em/stm32f303/coroLabBoard/tft/Adafruit-ST7735-Library/Adafruit_ST7735.cpp.o
                0x00000000080046a4                Adafruit_ST7735::initR(unsigned char)
 .text._ZN15Adafruit_ST773511setRotationEh
                0x00000000080047c0      0x248 build/machines/cortex/armv7em/stm32f303/coroLabBoard/tft/Adafruit-ST7735-Library/Adafruit_ST7735.cpp.o
                0x00000000080047c0                Adafruit_ST7735::setRotation(unsigned char)
 .text._ZN15Adafruit_ST77xxC2Ev
                0x0000000008004a08       0x38 build/machines/cortex/armv7em/stm32f303/coroLabBoard/tft/Adafruit-ST7735-Library/Adafruit_ST77xx.cpp.o
                0x0000000008004a08                Adafruit_ST77xx::Adafruit_ST77xx()
                0x0000000008004a08                Adafruit_ST77xx::Adafruit_ST77xx()
 .text._ZN15Adafruit_ST77xx11displayInitEPKh
                0x0000000008004a40       0xee build/machines/cortex/armv7em/stm32f303/coroLabBoard/tft/Adafruit-ST7735-Library/Adafruit_ST77xx.cpp.o
                0x0000000008004a40                Adafruit_ST77xx::displayInit(unsigned char const*)
 *fill*         0x0000000008004b2e        0x2 
 .text._ZN15Adafruit_ST77xx5beginEm
                0x0000000008004b30       0x40 build/machines/cortex/armv7em/stm32f303/coroLabBoard/tft/Adafruit-ST7735-Library/Adafruit_ST77xx.cpp.o
                0x0000000008004b30                Adafruit_ST77xx::begin(unsigned long)
 .text._ZN15Adafruit_ST77xx10commonInitEPKh
                0x0000000008004b70       0x2e build/machines/cortex/armv7em/stm32f303/coroLabBoard/tft/Adafruit-ST7735-Library/Adafruit_ST77xx.cpp.o
                0x0000000008004b70                Adafruit_ST77xx::commonInit(unsigned char const*)
 .text._ZN15Adafruit_ST77xx13setAddrWindowEtttt
                0x0000000008004b9e       0xd8 build/machines/cortex/armv7em/stm32f303/coroLabBoard/tft/Adafruit-ST7735-Library/Adafruit_ST77xx.cpp.o
                0x0000000008004b9e                Adafruit_ST77xx::setAddrWindow(unsigned short, unsigned short, unsigned short, unsigned short)
 *fill*         0x0000000008004c76        0x2 
 .text._ZN15Adafruit_ST77xx11setRotationEh
                0x0000000008004c78       0xf0 build/machines/cortex/armv7em/stm32f303/coroLabBoard/tft/Adafruit-ST7735-Library/Adafruit_ST77xx.cpp.o
                0x0000000008004c78                Adafruit_ST77xx::setRotation(unsigned char)
 .text._ZN5PrintC2Ev
                0x0000000008004d68       0x24 build/machines/cortex/armv7em/stm32f303/coroLabBoard/tft/Adafruit-GFX-Library/Adafruit_GFX.cpp.o
                0x0000000008004d68                Print::Print()
                0x0000000008004d68                Print::Print()
 .text._ZN12Adafruit_GFXC2Ess
                0x0000000008004d8c       0x8c build/machines/cortex/armv7em/stm32f303/coroLabBoard/tft/Adafruit-GFX-Library/Adafruit_GFX.cpp.o
                0x0000000008004d8c                Adafruit_GFX::Adafruit_GFX(short, short)
                0x0000000008004d8c                Adafruit_GFX::Adafruit_GFX(short, short)
 .text._ZN12Adafruit_GFX9writeLineEsssst
                0x0000000008004e18      0x14a build/machines/cortex/armv7em/stm32f303/coroLabBoard/tft/Adafruit-GFX-Library/Adafruit_GFX.cpp.o
                0x0000000008004e18                Adafruit_GFX::writeLine(short, short, short, short, unsigned short)
 .text._ZN12Adafruit_GFX10startWriteEv
                0x0000000008004f62       0x12 build/machines/cortex/armv7em/stm32f303/coroLabBoard/tft/Adafruit-GFX-Library/Adafruit_GFX.cpp.o
                0x0000000008004f62                Adafruit_GFX::startWrite()
 .text._ZN12Adafruit_GFX10writePixelEsst
                0x0000000008004f74       0x38 build/machines/cortex/armv7em/stm32f303/coroLabBoard/tft/Adafruit-GFX-Library/Adafruit_GFX.cpp.o
                0x0000000008004f74                Adafruit_GFX::writePixel(short, short, unsigned short)
 .text._ZN12Adafruit_GFX14writeFastVLineEssst
                0x0000000008004fac       0x40 build/machines/cortex/armv7em/stm32f303/coroLabBoard/tft/Adafruit-GFX-Library/Adafruit_GFX.cpp.o
                0x0000000008004fac                Adafruit_GFX::writeFastVLine(short, short, short, unsigned short)
 .text._ZN12Adafruit_GFX14writeFastHLineEssst
                0x0000000008004fec       0x40 build/machines/cortex/armv7em/stm32f303/coroLabBoard/tft/Adafruit-GFX-Library/Adafruit_GFX.cpp.o
                0x0000000008004fec                Adafruit_GFX::writeFastHLine(short, short, short, unsigned short)
 .text._ZN12Adafruit_GFX13writeFillRectEsssst
                0x000000000800502c       0x46 build/machines/cortex/armv7em/stm32f303/coroLabBoard/tft/Adafruit-GFX-Library/Adafruit_GFX.cpp.o
                0x000000000800502c                Adafruit_GFX::writeFillRect(short, short, short, short, unsigned short)
 .text._ZN12Adafruit_GFX8endWriteEv
                0x0000000008005072       0x12 build/machines/cortex/armv7em/stm32f303/coroLabBoard/tft/Adafruit-GFX-Library/Adafruit_GFX.cpp.o
                0x0000000008005072                Adafruit_GFX::endWrite()
 .text._ZN12Adafruit_GFX13drawFastVLineEssst
                0x0000000008005084       0x6a build/machines/cortex/armv7em/stm32f303/coroLabBoard/tft/Adafruit-GFX-Library/Adafruit_GFX.cpp.o
                0x0000000008005084                Adafruit_GFX::drawFastVLine(short, short, short, unsigned short)
 .text._ZN12Adafruit_GFX13drawFastHLineEssst
                0x00000000080050ee       0x68 build/machines/cortex/armv7em/stm32f303/coroLabBoard/tft/Adafruit-GFX-Library/Adafruit_GFX.cpp.o
                0x00000000080050ee                Adafruit_GFX::drawFastHLine(short, short, short, unsigned short)
 .text._ZN12Adafruit_GFX8fillRectEsssst
                0x0000000008005156       0x7c build/machines/cortex/armv7em/stm32f303/coroLabBoard/tft/Adafruit-GFX-Library/Adafruit_GFX.cpp.o
                0x0000000008005156                Adafruit_GFX::fillRect(short, short, short, short, unsigned short)
 .text._ZN12Adafruit_GFX10fillScreenEt
                0x00000000080051d2       0x38 build/machines/cortex/armv7em/stm32f303/coroLabBoard/tft/Adafruit-GFX-Library/Adafruit_GFX.cpp.o
                0x00000000080051d2                Adafruit_GFX::fillScreen(unsigned short)
 .text._ZN12Adafruit_GFX8drawLineEsssst
                0x000000000800520a       0xfa build/machines/cortex/armv7em/stm32f303/coroLabBoard/tft/Adafruit-GFX-Library/Adafruit_GFX.cpp.o
                0x000000000800520a                Adafruit_GFX::drawLine(short, short, short, short, unsigned short)
 .text._ZN12Adafruit_GFX8drawRectEsssst
                0x0000000008005304       0xc6 build/machines/cortex/armv7em/stm32f303/coroLabBoard/tft/Adafruit-GFX-Library/Adafruit_GFX.cpp.o
                0x0000000008005304                Adafruit_GFX::drawRect(short, short, short, short, unsigned short)
 *fill*         0x00000000080053ca        0x2 
 .text._ZN12Adafruit_GFX8drawCharEsshtth
                0x00000000080053cc      0x478 build/machines/cortex/armv7em/stm32f303/coroLabBoard/tft/Adafruit-GFX-Library/Adafruit_GFX.cpp.o
                0x00000000080053cc                Adafruit_GFX::drawChar(short, short, unsigned char, unsigned short, unsigned short, unsigned char)
 .text._ZN12Adafruit_GFX5writeEh
                0x0000000008005844      0x232 build/machines/cortex/armv7em/stm32f303/coroLabBoard/tft/Adafruit-GFX-Library/Adafruit_GFX.cpp.o
                0x0000000008005844                Adafruit_GFX::write(unsigned char)
 .text._ZN12Adafruit_GFX9setCursorEss
                0x0000000008005a76       0x26 build/machines/cortex/armv7em/stm32f303/coroLabBoard/tft/Adafruit-GFX-Library/Adafruit_GFX.cpp.o
                0x0000000008005a76                Adafruit_GFX::setCursor(short, short)
 .text._ZN12Adafruit_GFX12setTextColorEt
                0x0000000008005a9c       0x24 build/machines/cortex/armv7em/stm32f303/coroLabBoard/tft/Adafruit-GFX-Library/Adafruit_GFX.cpp.o
                0x0000000008005a9c                Adafruit_GFX::setTextColor(unsigned short)
 .text._ZN12Adafruit_GFX11setRotationEh
                0x0000000008005ac0       0x70 build/machines/cortex/armv7em/stm32f303/coroLabBoard/tft/Adafruit-GFX-Library/Adafruit_GFX.cpp.o
                0x0000000008005ac0                Adafruit_GFX::setRotation(unsigned char)
 .text._ZN12Adafruit_GFX7setFontEPK7GFXfont
                0x0000000008005b30       0x56 build/machines/cortex/armv7em/stm32f303/coroLabBoard/tft/Adafruit-GFX-Library/Adafruit_GFX.cpp.o
                0x0000000008005b30                Adafruit_GFX::setFont(GFXfont const*)
 .text._ZN12Adafruit_GFX13invertDisplayEb
                0x0000000008005b86       0x16 build/machines/cortex/armv7em/stm32f303/coroLabBoard/tft/Adafruit-GFX-Library/Adafruit_GFX.cpp.o
                0x0000000008005b86                Adafruit_GFX::invertDisplay(bool)
 .text._ZN15Adafruit_SPITFT10writePixelEt
                0x0000000008005b9c       0x2c build/machines/cortex/armv7em/stm32f303/coroLabBoard/tft/Adafruit-GFX-Library/Adafruit_SPITFT.cpp.o
                0x0000000008005b9c                Adafruit_SPITFT::writePixel(unsigned short)
 .text._ZN15Adafruit_SPITFTC2Ett
                0x0000000008005bc8       0x50 build/machines/cortex/armv7em/stm32f303/coroLabBoard/tft/Adafruit-GFX-Library/Adafruit_SPITFT.cpp.o
                0x0000000008005bc8                Adafruit_SPITFT::Adafruit_SPITFT(unsigned short, unsigned short)
                0x0000000008005bc8                Adafruit_SPITFT::Adafruit_SPITFT(unsigned short, unsigned short)
 .text._ZN15Adafruit_SPITFT7initSPIEm
                0x0000000008005c18       0x30 build/machines/cortex/armv7em/stm32f303/coroLabBoard/tft/Adafruit-GFX-Library/Adafruit_SPITFT.cpp.o
                0x0000000008005c18                Adafruit_SPITFT::initSPI(unsigned long)
 .text._ZN15Adafruit_SPITFT8spiWriteEh
                0x0000000008005c48       0x1c build/machines/cortex/armv7em/stm32f303/coroLabBoard/tft/Adafruit-GFX-Library/Adafruit_SPITFT.cpp.o
                0x0000000008005c48                Adafruit_SPITFT::spiWrite(unsigned char)
 .text._ZN15Adafruit_SPITFT10startWriteEv
                0x0000000008005c64       0x1c build/machines/cortex/armv7em/stm32f303/coroLabBoard/tft/Adafruit-GFX-Library/Adafruit_SPITFT.cpp.o
                0x0000000008005c64                Adafruit_SPITFT::startWrite()
 .text._ZN15Adafruit_SPITFT8endWriteEv
                0x0000000008005c80       0x1a build/machines/cortex/armv7em/stm32f303/coroLabBoard/tft/Adafruit-GFX-Library/Adafruit_SPITFT.cpp.o
                0x0000000008005c80                Adafruit_SPITFT::endWrite()
 .text._ZN15Adafruit_SPITFT12writeCommandEh
                0x0000000008005c9a       0x32 build/machines/cortex/armv7em/stm32f303/coroLabBoard/tft/Adafruit-GFX-Library/Adafruit_SPITFT.cpp.o
                0x0000000008005c9a                Adafruit_SPITFT::writeCommand(unsigned char)
 .text._ZN15Adafruit_SPITFT10writeColorEtm
                0x0000000008005ccc       0x44 build/machines/cortex/armv7em/stm32f303/coroLabBoard/tft/Adafruit-GFX-Library/Adafruit_SPITFT.cpp.o
                0x0000000008005ccc                Adafruit_SPITFT::writeColor(unsigned short, unsigned long)
 .text._ZN15Adafruit_SPITFT10writePixelEsst
                0x0000000008005d10       0x70 build/machines/cortex/armv7em/stm32f303/coroLabBoard/tft/Adafruit-GFX-Library/Adafruit_SPITFT.cpp.o
                0x0000000008005d10                Adafruit_SPITFT::writePixel(short, short, unsigned short)
 .text._ZN15Adafruit_SPITFT13writeFillRectEsssst
                0x0000000008005d80      0x106 build/machines/cortex/armv7em/stm32f303/coroLabBoard/tft/Adafruit-GFX-Library/Adafruit_SPITFT.cpp.o
                0x0000000008005d80                Adafruit_SPITFT::writeFillRect(short, short, short, short, unsigned short)
 .text._ZN15Adafruit_SPITFT14writeFastVLineEssst
                0x0000000008005e86       0x42 build/machines/cortex/armv7em/stm32f303/coroLabBoard/tft/Adafruit-GFX-Library/Adafruit_SPITFT.cpp.o
                0x0000000008005e86                Adafruit_SPITFT::writeFastVLine(short, short, short, unsigned short)
 .text._ZN15Adafruit_SPITFT14writeFastHLineEssst
                0x0000000008005ec8       0x44 build/machines/cortex/armv7em/stm32f303/coroLabBoard/tft/Adafruit-GFX-Library/Adafruit_SPITFT.cpp.o
                0x0000000008005ec8                Adafruit_SPITFT::writeFastHLine(short, short, short, unsigned short)
 .text._ZN15Adafruit_SPITFT9drawPixelEsst
                0x0000000008005f0c       0x50 build/machines/cortex/armv7em/stm32f303/coroLabBoard/tft/Adafruit-GFX-Library/Adafruit_SPITFT.cpp.o
                0x0000000008005f0c                Adafruit_SPITFT::drawPixel(short, short, unsigned short)
 .text._ZN15Adafruit_SPITFT13drawFastVLineEssst
                0x0000000008005f5c       0x58 build/machines/cortex/armv7em/stm32f303/coroLabBoard/tft/Adafruit-GFX-Library/Adafruit_SPITFT.cpp.o
                0x0000000008005f5c                Adafruit_SPITFT::drawFastVLine(short, short, short, unsigned short)
 .text._ZN15Adafruit_SPITFT13drawFastHLineEssst
                0x0000000008005fb4       0x58 build/machines/cortex/armv7em/stm32f303/coroLabBoard/tft/Adafruit-GFX-Library/Adafruit_SPITFT.cpp.o
                0x0000000008005fb4                Adafruit_SPITFT::drawFastHLine(short, short, short, unsigned short)
 .text._ZN15Adafruit_SPITFT8fillRectEsssst
                0x000000000800600c       0x5e build/machines/cortex/armv7em/stm32f303/coroLabBoard/tft/Adafruit-GFX-Library/Adafruit_SPITFT.cpp.o
                0x000000000800600c                Adafruit_SPITFT::fillRect(short, short, short, short, unsigned short)
 .text._ZN15Adafruit_SPITFT13invertDisplayEb
                0x000000000800606a       0x48 build/machines/cortex/armv7em/stm32f303/coroLabBoard/tft/Adafruit-GFX-Library/Adafruit_SPITFT.cpp.o
                0x000000000800606a                Adafruit_SPITFT::invertDisplay(bool)
 *fill*         0x00000000080060b2        0x2 
 .text._malloc_r
                0x00000000080060b4      0x560 /opt/gcc-arm-none-eabi-10.3-2021.07/bin/../lib/gcc/arm-none-eabi/10.3.1/../../../../arm-none-eabi/lib/thumb/v7e-m/nofp/libc.a(lib_a-mallocr.o)
                0x00000000080060b4                _malloc_r
 .text.memset   0x0000000008006614       0xa4 /opt/gcc-arm-none-eabi-10.3-2021.07/bin/../lib/gcc/arm-none-eabi/10.3.1/../../../../arm-none-eabi/lib/thumb/v7e-m/nofp/libc.a(lib_a-memset.o)
                0x0000000008006614                memset
 .text.__malloc_lock
                0x00000000080066b8        0xc /opt/gcc-arm-none-eabi-10.3-2021.07/bin/../lib/gcc/arm-none-eabi/10.3.1/../../../../arm-none-eabi/lib/thumb/v7e-m/nofp/libc.a(lib_a-mlock.o)
                0x00000000080066b8                __malloc_lock
 .text.__malloc_unlock
                0x00000000080066c4        0xc /opt/gcc-arm-none-eabi-10.3-2021.07/bin/../lib/gcc/arm-none-eabi/10.3.1/../../../../arm-none-eabi/lib/thumb/v7e-m/nofp/libc.a(lib_a-mlock.o)
                0x00000000080066c4                __malloc_unlock
 .text.printf   0x00000000080066d0       0x28 /opt/gcc-arm-none-eabi-10.3-2021.07/bin/../lib/gcc/arm-none-eabi/10.3.1/../../../../arm-none-eabi/lib/thumb/v7e-m/nofp/libc.a(lib_a-printf.o)
                0x00000000080066d0                printf
 .text._sbrk_r  0x00000000080066f8       0x24 /opt/gcc-arm-none-eabi-10.3-2021.07/bin/../lib/gcc/arm-none-eabi/10.3.1/../../../../arm-none-eabi/lib/thumb/v7e-m/nofp/libc.a(lib_a-sbrkr.o)
                0x00000000080066f8                _sbrk_r
 .text.strncpy  0x000000000800671c       0x64 /opt/gcc-arm-none-eabi-10.3-2021.07/bin/../lib/gcc/arm-none-eabi/10.3.1/../../../../arm-none-eabi/lib/thumb/v7e-m/nofp/libc.a(lib_a-strncpy.o)
                0x000000000800671c                strncpy
 .text._vfprintf_r
                0x0000000008006780     0x1ad4 /opt/gcc-arm-none-eabi-10.3-2021.07/bin/../lib/gcc/arm-none-eabi/10.3.1/../../../../arm-none-eabi/lib/thumb/v7e-m/nofp/libc.a(lib_a-vfprintf.o)
                0x0000000008006780                _vfprintf_r
 .text.__sbprintf
                0x0000000008008254       0x80 /opt/gcc-arm-none-eabi-10.3-2021.07/bin/../lib/gcc/arm-none-eabi/10.3.1/../../../../arm-none-eabi/lib/thumb/v7e-m/nofp/libc.a(lib_a-vfprintf.o)
 .text.__swsetup_r
                0x00000000080082d4       0xd4 /opt/gcc-arm-none-eabi-10.3-2021.07/bin/../lib/gcc/arm-none-eabi/10.3.1/../../../../arm-none-eabi/lib/thumb/v7e-m/nofp/libc.a(lib_a-wsetup.o)
                0x00000000080082d4                __swsetup_r
 .text.quorem   0x00000000080083a8      0x124 /opt/gcc-arm-none-eabi-10.3-2021.07/bin/../lib/gcc/arm-none-eabi/10.3.1/../../../../arm-none-eabi/lib/thumb/v7e-m/nofp/libc.a(lib_a-dtoa.o)
 *fill*         0x00000000080084cc        0x4 
 .text._dtoa_r  0x00000000080084d0      0xec4 /opt/gcc-arm-none-eabi-10.3-2021.07/bin/../lib/gcc/arm-none-eabi/10.3.1/../../../../arm-none-eabi/lib/thumb/v7e-m/nofp/libc.a(lib_a-dtoa.o)
                0x00000000080084d0                _dtoa_r
 .text.__sflush_r
                0x0000000008009394      0x120 /opt/gcc-arm-none-eabi-10.3-2021.07/bin/../lib/gcc/arm-none-eabi/10.3.1/../../../../arm-none-eabi/lib/thumb/v7e-m/nofp/libc.a(lib_a-fflush.o)
                0x0000000008009394                __sflush_r
 .text._fflush_r
                0x00000000080094b4       0x5c /opt/gcc-arm-none-eabi-10.3-2021.07/bin/../lib/gcc/arm-none-eabi/10.3.1/../../../../arm-none-eabi/lib/thumb/v7e-m/nofp/libc.a(lib_a-fflush.o)
                0x00000000080094b4                _fflush_r
 .text._cleanup_r
                0x0000000008009510        0xc /opt/gcc-arm-none-eabi-10.3-2021.07/bin/../lib/gcc/arm-none-eabi/10.3.1/../../../../arm-none-eabi/lib/thumb/v7e-m/nofp/libc.a(lib_a-findfp.o)
                0x0000000008009510                _cleanup_r
 .text.__sinit  0x000000000800951c      0x10c /opt/gcc-arm-none-eabi-10.3-2021.07/bin/../lib/gcc/arm-none-eabi/10.3.1/../../../../arm-none-eabi/lib/thumb/v7e-m/nofp/libc.a(lib_a-findfp.o)
                0x000000000800951c                __sinit
 .text.__sfp_lock_acquire
                0x0000000008009628        0xc /opt/gcc-arm-none-eabi-10.3-2021.07/bin/../lib/gcc/arm-none-eabi/10.3.1/../../../../arm-none-eabi/lib/thumb/v7e-m/nofp/libc.a(lib_a-findfp.o)
                0x0000000008009628                __sfp_lock_acquire
 .text.__sfp_lock_release
                0x0000000008009634        0xc /opt/gcc-arm-none-eabi-10.3-2021.07/bin/../lib/gcc/arm-none-eabi/10.3.1/../../../../arm-none-eabi/lib/thumb/v7e-m/nofp/libc.a(lib_a-findfp.o)
                0x0000000008009634                __sfp_lock_release
 .text._malloc_trim_r
                0x0000000008009640       0xa0 /opt/gcc-arm-none-eabi-10.3-2021.07/bin/../lib/gcc/arm-none-eabi/10.3.1/../../../../arm-none-eabi/lib/thumb/v7e-m/nofp/libc.a(lib_a-freer.o)
                0x0000000008009640                _malloc_trim_r
 .text._free_r  0x00000000080096e0      0x20c /opt/gcc-arm-none-eabi-10.3-2021.07/bin/../lib/gcc/arm-none-eabi/10.3.1/../../../../arm-none-eabi/lib/thumb/v7e-m/nofp/libc.a(lib_a-freer.o)
                0x00000000080096e0                _free_r
 .text._fwalk_reent
                0x00000000080098ec       0x48 /opt/gcc-arm-none-eabi-10.3-2021.07/bin/../lib/gcc/arm-none-eabi/10.3.1/../../../../arm-none-eabi/lib/thumb/v7e-m/nofp/libc.a(lib_a-fwalk.o)
                0x00000000080098ec                _fwalk_reent
 .text._localeconv_r
                0x0000000008009934        0x8 /opt/gcc-arm-none-eabi-10.3-2021.07/bin/../lib/gcc/arm-none-eabi/10.3.1/../../../../arm-none-eabi/lib/thumb/v7e-m/nofp/libc.a(lib_a-localeconv.o)
                0x0000000008009934                _localeconv_r
 .text.__retarget_lock_init_recursive
                0x000000000800993c        0x4 /opt/gcc-arm-none-eabi-10.3-2021.07/bin/../lib/gcc/arm-none-eabi/10.3.1/../../../../arm-none-eabi/lib/thumb/v7e-m/nofp/libc.a(lib_a-lock.o)
                0x000000000800993c                __retarget_lock_init_recursive
 .text.__retarget_lock_close_recursive
                0x0000000008009940        0x4 /opt/gcc-arm-none-eabi-10.3-2021.07/bin/../lib/gcc/arm-none-eabi/10.3.1/../../../../arm-none-eabi/lib/thumb/v7e-m/nofp/libc.a(lib_a-lock.o)
                0x0000000008009940                __retarget_lock_close_recursive
 .text.__retarget_lock_acquire_recursive
                0x0000000008009944        0x4 /opt/gcc-arm-none-eabi-10.3-2021.07/bin/../lib/gcc/arm-none-eabi/10.3.1/../../../../arm-none-eabi/lib/thumb/v7e-m/nofp/libc.a(lib_a-lock.o)
                0x0000000008009944                __retarget_lock_acquire_recursive
 .text.__retarget_lock_release_recursive
                0x0000000008009948        0x4 /opt/gcc-arm-none-eabi-10.3-2021.07/bin/../lib/gcc/arm-none-eabi/10.3.1/../../../../arm-none-eabi/lib/thumb/v7e-m/nofp/libc.a(lib_a-lock.o)
                0x0000000008009948                __retarget_lock_release_recursive
 .text.__smakebuf_r
                0x000000000800994c       0xe0 /opt/gcc-arm-none-eabi-10.3-2021.07/bin/../lib/gcc/arm-none-eabi/10.3.1/../../../../arm-none-eabi/lib/thumb/v7e-m/nofp/libc.a(lib_a-makebuf.o)
                0x000000000800994c                __smakebuf_r
 .text._Balloc  0x0000000008009a2c       0x4c /opt/gcc-arm-none-eabi-10.3-2021.07/bin/../lib/gcc/arm-none-eabi/10.3.1/../../../../arm-none-eabi/lib/thumb/v7e-m/nofp/libc.a(lib_a-mprec.o)
                0x0000000008009a2c                _Balloc
 .text._Bfree   0x0000000008009a78       0x14 /opt/gcc-arm-none-eabi-10.3-2021.07/bin/../lib/gcc/arm-none-eabi/10.3.1/../../../../arm-none-eabi/lib/thumb/v7e-m/nofp/libc.a(lib_a-mprec.o)
                0x0000000008009a78                _Bfree
 .text.__multadd
                0x0000000008009a8c       0xa0 /opt/gcc-arm-none-eabi-10.3-2021.07/bin/../lib/gcc/arm-none-eabi/10.3.1/../../../../arm-none-eabi/lib/thumb/v7e-m/nofp/libc.a(lib_a-mprec.o)
                0x0000000008009a8c                __multadd
 .text.__hi0bits
                0x0000000008009b2c       0x40 /opt/gcc-arm-none-eabi-10.3-2021.07/bin/../lib/gcc/arm-none-eabi/10.3.1/../../../../arm-none-eabi/lib/thumb/v7e-m/nofp/libc.a(lib_a-mprec.o)
                0x0000000008009b2c                __hi0bits
 .text.__lo0bits
                0x0000000008009b6c       0x5c /opt/gcc-arm-none-eabi-10.3-2021.07/bin/../lib/gcc/arm-none-eabi/10.3.1/../../../../arm-none-eabi/lib/thumb/v7e-m/nofp/libc.a(lib_a-mprec.o)
                0x0000000008009b6c                __lo0bits
 .text.__i2b    0x0000000008009bc8       0x5c /opt/gcc-arm-none-eabi-10.3-2021.07/bin/../lib/gcc/arm-none-eabi/10.3.1/../../../../arm-none-eabi/lib/thumb/v7e-m/nofp/libc.a(lib_a-mprec.o)
                0x0000000008009bc8                __i2b
 .text.__multiply
                0x0000000008009c24      0x15c /opt/gcc-arm-none-eabi-10.3-2021.07/bin/../lib/gcc/arm-none-eabi/10.3.1/../../../../arm-none-eabi/lib/thumb/v7e-m/nofp/libc.a(lib_a-mprec.o)
                0x0000000008009c24                __multiply
 .text.__pow5mult
                0x0000000008009d80       0xc0 /opt/gcc-arm-none-eabi-10.3-2021.07/bin/../lib/gcc/arm-none-eabi/10.3.1/../../../../arm-none-eabi/lib/thumb/v7e-m/nofp/libc.a(lib_a-mprec.o)
                0x0000000008009d80                __pow5mult
 .text.__lshift
                0x0000000008009e40       0xf0 /opt/gcc-arm-none-eabi-10.3-2021.07/bin/../lib/gcc/arm-none-eabi/10.3.1/../../../../arm-none-eabi/lib/thumb/v7e-m/nofp/libc.a(lib_a-mprec.o)
                0x0000000008009e40                __lshift
 .text.__mcmp   0x0000000008009f30       0x40 /opt/gcc-arm-none-eabi-10.3-2021.07/bin/../lib/gcc/arm-none-eabi/10.3.1/../../../../arm-none-eabi/lib/thumb/v7e-m/nofp/libc.a(lib_a-mprec.o)
                0x0000000008009f30                __mcmp
 .text.__mdiff  0x0000000008009f70      0x14c /opt/gcc-arm-none-eabi-10.3-2021.07/bin/../lib/gcc/arm-none-eabi/10.3.1/../../../../arm-none-eabi/lib/thumb/v7e-m/nofp/libc.a(lib_a-mprec.o)
                0x0000000008009f70                __mdiff
 .text.__d2b    0x000000000800a0bc       0xc4 /opt/gcc-arm-none-eabi-10.3-2021.07/bin/../lib/gcc/arm-none-eabi/10.3.1/../../../../arm-none-eabi/lib/thumb/v7e-m/nofp/libc.a(lib_a-mprec.o)
                0x000000000800a0bc                __d2b
 .text.frexp    0x000000000800a180       0x70 /opt/gcc-arm-none-eabi-10.3-2021.07/bin/../lib/gcc/arm-none-eabi/10.3.1/../../../../arm-none-eabi/lib/thumb/v7e-m/nofp/libc.a(lib_a-s_frexp.o)
                0x000000000800a180                frexp
 .text.__sread  0x000000000800a1f0       0x24 /opt/gcc-arm-none-eabi-10.3-2021.07/bin/../lib/gcc/arm-none-eabi/10.3.1/../../../../arm-none-eabi/lib/thumb/v7e-m/nofp/libc.a(lib_a-stdio.o)
                0x000000000800a1f0                __sread
 .text.__swrite
                0x000000000800a214       0x40 /opt/gcc-arm-none-eabi-10.3-2021.07/bin/../lib/gcc/arm-none-eabi/10.3.1/../../../../arm-none-eabi/lib/thumb/v7e-m/nofp/libc.a(lib_a-stdio.o)
                0x000000000800a214                __swrite
 .text.__sseek  0x000000000800a254       0x20 /opt/gcc-arm-none-eabi-10.3-2021.07/bin/../lib/gcc/arm-none-eabi/10.3.1/../../../../arm-none-eabi/lib/thumb/v7e-m/nofp/libc.a(lib_a-stdio.o)
                0x000000000800a254                __sseek
 .text.__sclose
                0x000000000800a274        0x8 /opt/gcc-arm-none-eabi-10.3-2021.07/bin/../lib/gcc/arm-none-eabi/10.3.1/../../../../arm-none-eabi/lib/thumb/v7e-m/nofp/libc.a(lib_a-stdio.o)
                0x000000000800a274                __sclose
 .text.__sprint_r.part.0
                0x000000000800a27c       0x78 /opt/gcc-arm-none-eabi-10.3-2021.07/bin/../lib/gcc/arm-none-eabi/10.3.1/../../../../arm-none-eabi/lib/thumb/v7e-m/nofp/libc.a(lib_a-vfiprintf.o)
 .text.__sprint_r
                0x000000000800a2f4       0x14 /opt/gcc-arm-none-eabi-10.3-2021.07/bin/../lib/gcc/arm-none-eabi/10.3.1/../../../../arm-none-eabi/lib/thumb/v7e-m/nofp/libc.a(lib_a-vfiprintf.o)
                0x000000000800a2f4                __sprint_r
 .text._vfiprintf_r
                0x000000000800a308      0xda0 /opt/gcc-arm-none-eabi-10.3-2021.07/bin/../lib/gcc/arm-none-eabi/10.3.1/../../../../arm-none-eabi/lib/thumb/v7e-m/nofp/libc.a(lib_a-vfiprintf.o)
                0x000000000800a308                _vfiprintf_r
 .text.__sbprintf
                0x000000000800b0a8       0x80 /opt/gcc-arm-none-eabi-10.3-2021.07/bin/../lib/gcc/arm-none-eabi/10.3.1/../../../../arm-none-eabi/lib/thumb/v7e-m/nofp/libc.a(lib_a-vfiprintf.o)
 .text._write_r
                0x000000000800b128       0x2c /opt/gcc-arm-none-eabi-10.3-2021.07/bin/../lib/gcc/arm-none-eabi/10.3.1/../../../../arm-none-eabi/lib/thumb/v7e-m/nofp/libc.a(lib_a-writer.o)
                0x000000000800b128                _write_r
 .text.__assert_func
                0x000000000800b154       0x40 /opt/gcc-arm-none-eabi-10.3-2021.07/bin/../lib/gcc/arm-none-eabi/10.3.1/../../../../arm-none-eabi/lib/thumb/v7e-m/nofp/libc.a(lib_a-assert.o)
                0x000000000800b154                __assert_func
 .text._calloc_r
                0x000000000800b194       0x78 /opt/gcc-arm-none-eabi-10.3-2021.07/bin/../lib/gcc/arm-none-eabi/10.3.1/../../../../arm-none-eabi/lib/thumb/v7e-m/nofp/libc.a(lib_a-callocr.o)
                0x000000000800b194                _calloc_r
 .text._close_r
                0x000000000800b20c       0x24 /opt/gcc-arm-none-eabi-10.3-2021.07/bin/../lib/gcc/arm-none-eabi/10.3.1/../../../../arm-none-eabi/lib/thumb/v7e-m/nofp/libc.a(lib_a-closer.o)
                0x000000000800b20c                _close_r
 .text.__errno  0x000000000800b230        0xc /opt/gcc-arm-none-eabi-10.3-2021.07/bin/../lib/gcc/arm-none-eabi/10.3.1/../../../../arm-none-eabi/lib/thumb/v7e-m/nofp/libc.a(lib_a-errno.o)
                0x000000000800b230                __errno
 .text._fclose_r
                0x000000000800b23c       0xcc /opt/gcc-arm-none-eabi-10.3-2021.07/bin/../lib/gcc/arm-none-eabi/10.3.1/../../../../arm-none-eabi/lib/thumb/v7e-m/nofp/libc.a(lib_a-fclose.o)
                0x000000000800b23c                _fclose_r
 .text.fiprintf
                0x000000000800b308       0x28 /opt/gcc-arm-none-eabi-10.3-2021.07/bin/../lib/gcc/arm-none-eabi/10.3.1/../../../../arm-none-eabi/lib/thumb/v7e-m/nofp/libc.a(lib_a-fiprintf.o)
                0x000000000800b308                fiprintf
 .text.__fputwc
                0x000000000800b330       0xa8 /opt/gcc-arm-none-eabi-10.3-2021.07/bin/../lib/gcc/arm-none-eabi/10.3.1/../../../../arm-none-eabi/lib/thumb/v7e-m/nofp/libc.a(lib_a-fputwc.o)
                0x000000000800b330                __fputwc
 .text._fputwc_r
                0x000000000800b3d8       0x68 /opt/gcc-arm-none-eabi-10.3-2021.07/bin/../lib/gcc/arm-none-eabi/10.3.1/../../../../arm-none-eabi/lib/thumb/v7e-m/nofp/libc.a(lib_a-fputwc.o)
                0x000000000800b3d8                _fputwc_r
 .text._fstat_r
                0x000000000800b440       0x2c /opt/gcc-arm-none-eabi-10.3-2021.07/bin/../lib/gcc/arm-none-eabi/10.3.1/../../../../arm-none-eabi/lib/thumb/v7e-m/nofp/libc.a(lib_a-fstatr.o)
                0x000000000800b440                _fstat_r
 .text.__sfvwrite_r
                0x000000000800b46c      0x2e8 /opt/gcc-arm-none-eabi-10.3-2021.07/bin/../lib/gcc/arm-none-eabi/10.3.1/../../../../arm-none-eabi/lib/thumb/v7e-m/nofp/libc.a(lib_a-fvwrite.o)
                0x000000000800b46c                __sfvwrite_r
 .text._isatty_r
                0x000000000800b754       0x24 /opt/gcc-arm-none-eabi-10.3-2021.07/bin/../lib/gcc/arm-none-eabi/10.3.1/../../../../arm-none-eabi/lib/thumb/v7e-m/nofp/libc.a(lib_a-isattyr.o)
                0x000000000800b754                _isatty_r
 .text.__locale_mb_cur_max
                0x000000000800b778        0xc /opt/gcc-arm-none-eabi-10.3-2021.07/bin/../lib/gcc/arm-none-eabi/10.3.1/../../../../arm-none-eabi/lib/thumb/v7e-m/nofp/libc.a(lib_a-locale.o)
                0x000000000800b778                __locale_mb_cur_max
 .text._lseek_r
                0x000000000800b784       0x2c /opt/gcc-arm-none-eabi-10.3-2021.07/bin/../lib/gcc/arm-none-eabi/10.3.1/../../../../arm-none-eabi/lib/thumb/v7e-m/nofp/libc.a(lib_a-lseekr.o)
                0x000000000800b784                _lseek_r
 .text.__ascii_mbtowc
                0x000000000800b7b0       0x2c /opt/gcc-arm-none-eabi-10.3-2021.07/bin/../lib/gcc/arm-none-eabi/10.3.1/../../../../arm-none-eabi/lib/thumb/v7e-m/nofp/libc.a(lib_a-mbtowc_r.o)
                0x000000000800b7b0                __ascii_mbtowc
 .text.memmove  0x000000000800b7dc       0xf8 /opt/gcc-arm-none-eabi-10.3-2021.07/bin/../lib/gcc/arm-none-eabi/10.3.1/../../../../arm-none-eabi/lib/thumb/v7e-m/nofp/libc.a(lib_a-memmove.o)
                0x000000000800b7dc                memmove
 .text._read_r  0x000000000800b8d4       0x2c /opt/gcc-arm-none-eabi-10.3-2021.07/bin/../lib/gcc/arm-none-eabi/10.3.1/../../../../arm-none-eabi/lib/thumb/v7e-m/nofp/libc.a(lib_a-readr.o)
                0x000000000800b8d4                _read_r
 .text._realloc_r
                0x000000000800b900      0x3d8 /opt/gcc-arm-none-eabi-10.3-2021.07/bin/../lib/gcc/arm-none-eabi/10.3.1/../../../../arm-none-eabi/lib/thumb/v7e-m/nofp/libc.a(lib_a-reallocr.o)
                0x000000000800b900                _realloc_r
 .text.__swbuf_r
                0x000000000800bcd8       0xb0 /opt/gcc-arm-none-eabi-10.3-2021.07/bin/../lib/gcc/arm-none-eabi/10.3.1/../../../../arm-none-eabi/lib/thumb/v7e-m/nofp/libc.a(lib_a-wbuf.o)
                0x000000000800bcd8                __swbuf_r
 .text._wcrtomb_r
                0x000000000800bd88       0x3c /opt/gcc-arm-none-eabi-10.3-2021.07/bin/../lib/gcc/arm-none-eabi/10.3.1/../../../../arm-none-eabi/lib/thumb/v7e-m/nofp/libc.a(lib_a-wcrtomb.o)
                0x000000000800bd88                _wcrtomb_r
 .text.__ascii_wctomb
                0x000000000800bdc4       0x1c /opt/gcc-arm-none-eabi-10.3-2021.07/bin/../lib/gcc/arm-none-eabi/10.3.1/../../../../arm-none-eabi/lib/thumb/v7e-m/nofp/libc.a(lib_a-wctomb_r.o)
                0x000000000800bdc4                __ascii_wctomb
 .text.abort    0x000000000800bde0       0x10 /opt/gcc-arm-none-eabi-10.3-2021.07/bin/../lib/gcc/arm-none-eabi/10.3.1/../../../../arm-none-eabi/lib/thumb/v7e-m/nofp/libc.a(lib_a-abort.o)
                0x000000000800bde0                abort
 .text.raise    0x000000000800bdf0       0x5c /opt/gcc-arm-none-eabi-10.3-2021.07/bin/../lib/gcc/arm-none-eabi/10.3.1/../../../../arm-none-eabi/lib/thumb/v7e-m/nofp/libc.a(lib_a-signal.o)
                0x000000000800bdf0                raise
 .text._kill_r  0x000000000800be4c       0x2c /opt/gcc-arm-none-eabi-10.3-2021.07/bin/../lib/gcc/arm-none-eabi/10.3.1/../../../../arm-none-eabi/lib/thumb/v7e-m/nofp/libc.a(lib_a-signalr.o)
                0x000000000800be4c                _kill_r
 .text._getpid_r
                0x000000000800be78        0x4 /opt/gcc-arm-none-eabi-10.3-2021.07/bin/../lib/gcc/arm-none-eabi/10.3.1/../../../../arm-none-eabi/lib/thumb/v7e-m/nofp/libc.a(lib_a-signalr.o)
                0x000000000800be78                _getpid_r
 *(.glue_7)
 .glue_7        0x000000000800be7c        0x0 linker stubs
 *(.glue_7t)
 .glue_7t       0x000000000800be7c        0x0 linker stubs
 *(.eh_frame)
 *(.init)
 *(.fini)
                0x000000000800be7c                . = ALIGN (0x4)
                0x000000000800be7c                _etext = .
                0x000000000800be7c                _exit = .

.vfp11_veneer   0x000000000800be7c        0x0
 .vfp11_veneer  0x000000000800be7c        0x0 linker stubs

.v4_bx          0x000000000800be7c        0x0
 .v4_bx         0x000000000800be7c        0x0 linker stubs

.iplt           0x000000000800be7c        0x0
 .iplt          0x000000000800be7c        0x0 build/os/tpl_os_kernel.c.o

.after_vectors  0x000000000800be7c       0x58
 .after_vectors
                0x000000000800be7c       0x58 build/machines/cortex/armv7em/stm32f303/startup_stm32f3xx.c.o
                0x000000000800be7c                system_init
                0x000000000800bea0                tpl_continue_reset_handler

.ARM.extab
 *(.ARM.extab* .gnu.linkonce.armextab.*)

.ARM            0x000000000800bed4        0x8
                0x000000000800bed4                __exidx_start = .
 *(.ARM.exidx*)
 .ARM.exidx     0x000000000800bed4        0x8 /opt/gcc-arm-none-eabi-10.3-2021.07/bin/../lib/gcc/arm-none-eabi/10.3.1/thumb/v7e-m/nofp/libgcc.a(_udivmoddi4.o)
                0x000000000800bedc                __exidx_end = .

.rel.dyn        0x000000000800bedc        0x0
 .rel.iplt      0x000000000800bedc        0x0 build/os/tpl_os_kernel.c.o

.preinit_array  0x000000000800bedc        0x4
                0x000000000800bedc                PROVIDE (__preinit_array_start = .)
 *(.preinit_array*)
 .preinit_array_sysinit
                0x000000000800bedc        0x4 build/machines/cortex/armv7em/stm32f303/startup_stm32f3xx.c.o
                0x000000000800bedc                p_system_init
                0x000000000800bee0                PROVIDE (__preinit_array_end = .)

.init_array     0x000000000800bee0        0x8
                0x000000000800bee0                PROVIDE (__init_array_start = .)
 *(SORT_BY_NAME(.init_array.*))
 *(.init_array*)
 .init_array    0x000000000800bee0        0x4 build/machines/cortex/armv7em/stm32f303/coroLabBoard/mcp23s17.cpp.o
 .init_array    0x000000000800bee4        0x4 build/machines/cortex/armv7em/stm32f303/coroLabBoard/tft/tft.cpp.o
                0x000000000800bee8                PROVIDE (__init_array_end = .)

.fini_array     0x000000000800bee8        0x0
                0x000000000800bee8                PROVIDE (__fini_array_start = .)
 *(.fini_array*)
 *(SORT_BY_NAME(.fini_array.*))
                0x000000000800bee8                PROVIDE (__fini_array_end = .)
                0x000000000800bee8                _sidata = .

.data           0x0000000020000000      0xacc load address 0x000000000800bee8
                0x0000000020000000                . = ALIGN (0x4)
                0x0000000020000000                _sdata = .
 *(.data)
 *(.data*)
 .data.SystemCoreClock
                0x0000000020000000        0x4 build/machines/cortex/armv7em/stm32f303/system_stm32f30x.c.o
                0x0000000020000000                SystemCoreClock
 .data.__malloc_av_
                0x0000000020000004      0x408 /opt/gcc-arm-none-eabi-10.3-2021.07/bin/../lib/gcc/arm-none-eabi/10.3.1/../../../../arm-none-eabi/lib/thumb/v7e-m/nofp/libc.a(lib_a-mallocr.o)
                0x0000000020000004                __malloc_av_
 .data.__malloc_sbrk_base
                0x000000002000040c        0x4 /opt/gcc-arm-none-eabi-10.3-2021.07/bin/../lib/gcc/arm-none-eabi/10.3.1/../../../../arm-none-eabi/lib/thumb/v7e-m/nofp/libc.a(lib_a-mallocr.o)
                0x000000002000040c                __malloc_sbrk_base
 .data.__malloc_trim_threshold
                0x0000000020000410        0x4 /opt/gcc-arm-none-eabi-10.3-2021.07/bin/../lib/gcc/arm-none-eabi/10.3.1/../../../../arm-none-eabi/lib/thumb/v7e-m/nofp/libc.a(lib_a-mallocr.o)
                0x0000000020000410                __malloc_trim_threshold
 .data._impure_ptr
                0x0000000020000414        0x4 /opt/gcc-arm-none-eabi-10.3-2021.07/bin/../lib/gcc/arm-none-eabi/10.3.1/../../../../arm-none-eabi/lib/thumb/v7e-m/nofp/libc.a(lib_a-impure.o)
                0x0000000020000414                _impure_ptr
 .data.impure_data
                0x0000000020000418      0x428 /opt/gcc-arm-none-eabi-10.3-2021.07/bin/../lib/gcc/arm-none-eabi/10.3.1/../../../../arm-none-eabi/lib/thumb/v7e-m/nofp/libc.a(lib_a-impure.o)
 .data.__global_locale
                0x0000000020000840      0x16c /opt/gcc-arm-none-eabi-10.3-2021.07/bin/../lib/gcc/arm-none-eabi/10.3.1/../../../../arm-none-eabi/lib/thumb/v7e-m/nofp/libc.a(lib_a-locale.o)
                0x0000000020000840                __global_locale
 *(.osVar)
 .osVar         0x00000000200009ac        0x1 build/os/tpl_os_timeobj_kernel.c.o
 .osVar         0x00000000200009ad        0x1 build/os/tpl_os_os_kernel.c.o
 *fill*         0x00000000200009ae        0x2 
 .osVar         0x00000000200009b0       0x14 build/os/tpl_os_interrupt_kernel.c.o
                0x00000000200009b0                tpl_locking_depth
                0x00000000200009b4                tpl_user_task_lock
                0x00000000200009b8                tpl_cpt_user_task_lock_All
                0x00000000200009bc                tpl_cpt_user_task_lock_OS
                0x00000000200009c0                tpl_cpt_os_task_lock
 .osVar         0x00000000200009c4      0x108 build/lab1/tpl_app_config.c.o
                0x00000000200009c4                tpl_kern
                0x00000000200009e0                tpl_ready_list
                0x00000000200009ec                tpl_tail_for_prio
                0x00000000200009f4                SystemCounter_counter_desc
                0x0000000020000a10                res_sched_rez_desc
                0x0000000020000a18                tpl_time_counter
                0x0000000020000a1c                IDLE_TASK_int_context
                0x0000000020000a40                IDLE_TASK_task_desc
                0x0000000020000a48                task2_int_context
                0x0000000020000a6c                task2_task_desc
                0x0000000020000a74                task1_int_context
                0x0000000020000a98                task1_task_desc
                0x0000000020000aa0                task3_int_context
                0x0000000020000ac4                task3_task_desc
 *(.Task_task2_SEC_VAR_POWER_ON_INIT_32BIT)
 *(.Task_task2_SEC_VAR_POWER_ON_INIT_16BIT)
 *(.Task_task2_SEC_VAR_POWER_ON_INIT_8BIT)
 *(.Task_task2_SEC_VAR_POWER_ON_INIT_BOOLEAN)
 *(.Task_task2_SEC_VAR_POWER_ON_INIT_UNSPECIFIED)
 *(.Task_task1_SEC_VAR_POWER_ON_INIT_32BIT)
 *(.Task_task1_SEC_VAR_POWER_ON_INIT_16BIT)
 *(.Task_task1_SEC_VAR_POWER_ON_INIT_8BIT)
 *(.Task_task1_SEC_VAR_POWER_ON_INIT_BOOLEAN)
 *(.Task_task1_SEC_VAR_POWER_ON_INIT_UNSPECIFIED)
 *(.Task_task3_SEC_VAR_POWER_ON_INIT_32BIT)
 *(.Task_task3_SEC_VAR_POWER_ON_INIT_16BIT)
 *(.Task_task3_SEC_VAR_POWER_ON_INIT_8BIT)
 *(.Task_task3_SEC_VAR_POWER_ON_INIT_BOOLEAN)
 *(.Task_task3_SEC_VAR_POWER_ON_INIT_UNSPECIFIED)
                0x0000000020000acc                . = ALIGN (0x4)
                0x0000000020000acc                _edata = .

.igot.plt       0x0000000020000acc        0x0 load address 0x000000000800c9b4
 .igot.plt      0x0000000020000acc        0x0 build/os/tpl_os_kernel.c.o

.Task_IDLE_TASKStack
                0x0000000020000acc      0x12c load address 0x000000000800c9b4
 .Task_IDLE_TASKStack
                0x0000000020000acc      0x12c build/lab1/tpl_app_config.c.o
                0x0000000020000acc                IDLE_TASK_stack_zone

.Task_task2_SEC_VAR
                0x0000000020000bf8        0x8 load address 0x000000000800cae0
                0x0000000020000c00                . = ALIGN (__SEG_ALIGN_Task_task2_VAR_RGN)
 *fill*         0x0000000020000bf8        0x8 
                0x0000000020000c00                __SEG_START_Task_task2_VAR_RGN = .
 *(.Task_task2_SEC_VAR_NOINIT_32BIT)
 *(.Task_task2_SEC_VAR_FAST_32BIT)
 *(.Task_task2_SEC_VAR_32BIT)
 *(.Task_task2_SEC_VAR_NOINIT_16BIT)
 *(.Task_task2_SEC_VAR_FAST_16BIT)
 *(.Task_task2_SEC_VAR_16BIT)
 *(.Task_task2_SEC_VAR_NOINIT_8BIT)
 *(.Task_task2_SEC_VAR_FAST_8BIT)
 *(.Task_task2_SEC_VAR_8BIT)
 *(.Task_task2_SEC_VAR_NOINIT_BOOLEAN)
 *(.Task_task2_SEC_VAR_FAST_BOOLEAN)
 *(.Task_task2_SEC_VAR_BOOLEAN)
 *(.Task_task2_SEC_VAR_NOINIT_UNSPECIFIED)
 *(.Task_task2_SEC_VAR_FAST_UNSPECIFIED)
 *(.Task_task2_SEC_VAR_UNSPECIFIED)
                0x0000000020000c00                __SEG_END_Task_task2_VAR_RGN = .
                0x0000000020000c18                __SEG_SIZE_Task_task2_VAR_RGN = ((__SEG_END_Task_task2_VAR_RGN - __SEG_START_Task_task2_VAR_RGN) < 0x1000)?0x1000:__SEG_SIZE_Task_task2_VAR_RGN
                0x0000000020000c18                __SEG_SIZE_Task_task2_VAR_RGN = ((__SEG_END_Task_task2_VAR_RGN - __SEG_START_Task_task2_VAR_RGN) < 0x400)?0x400:__SEG_SIZE_Task_task2_VAR_RGN
                0x0000000020000c18                __SEG_SIZE_Task_task2_VAR_RGN = ((__SEG_END_Task_task2_VAR_RGN - __SEG_START_Task_task2_VAR_RGN) < 0x200)?0x200:__SEG_SIZE_Task_task2_VAR_RGN
                0x0000000020000c18                __SEG_SIZE_Task_task2_VAR_RGN = ((__SEG_END_Task_task2_VAR_RGN - __SEG_START_Task_task2_VAR_RGN) < 0x100)?0x100:__SEG_SIZE_Task_task2_VAR_RGN
                0x0000000020000c18                __SEG_SIZE_Task_task2_VAR_RGN = ((__SEG_END_Task_task2_VAR_RGN - __SEG_START_Task_task2_VAR_RGN) < 0x80)?0x80:__SEG_SIZE_Task_task2_VAR_RGN
                0x0000000020000c18                __SEG_SIZE_Task_task2_VAR_RGN = ((__SEG_END_Task_task2_VAR_RGN - __SEG_START_Task_task2_VAR_RGN) < 0x40)?0x40:__SEG_SIZE_Task_task2_VAR_RGN
                0x0000000020000c18                __SEG_SIZE_Task_task2_VAR_RGN = ((__SEG_END_Task_task2_VAR_RGN - __SEG_START_Task_task2_VAR_RGN) < 0x20)?0x20:__SEG_SIZE_Task_task2_VAR_RGN
                0x0000000020000c18                __SEG_ALIGN_Task_task2_VAR_RGN = __SEG_SIZE_Task_task2_VAR_RGN

.Task_task1_SEC_VAR
                0x0000000020000c00        0x0
                0x0000000020000c00                . = ALIGN (__SEG_ALIGN_Task_task1_VAR_RGN)
                0x0000000020000c00                __SEG_START_Task_task1_VAR_RGN = .
 *(.Task_task1_SEC_VAR_NOINIT_32BIT)
 *(.Task_task1_SEC_VAR_FAST_32BIT)
 *(.Task_task1_SEC_VAR_32BIT)
 *(.Task_task1_SEC_VAR_NOINIT_16BIT)
 *(.Task_task1_SEC_VAR_FAST_16BIT)
 *(.Task_task1_SEC_VAR_16BIT)
 *(.Task_task1_SEC_VAR_NOINIT_8BIT)
 *(.Task_task1_SEC_VAR_FAST_8BIT)
 *(.Task_task1_SEC_VAR_8BIT)
 *(.Task_task1_SEC_VAR_NOINIT_BOOLEAN)
 *(.Task_task1_SEC_VAR_FAST_BOOLEAN)
 *(.Task_task1_SEC_VAR_BOOLEAN)
 *(.Task_task1_SEC_VAR_NOINIT_UNSPECIFIED)
 *(.Task_task1_SEC_VAR_FAST_UNSPECIFIED)
 *(.Task_task1_SEC_VAR_UNSPECIFIED)
                0x0000000020000c00                __SEG_END_Task_task1_VAR_RGN = .
                0x0000000020000c20                __SEG_SIZE_Task_task1_VAR_RGN = ((__SEG_END_Task_task1_VAR_RGN - __SEG_START_Task_task1_VAR_RGN) < 0x1000)?0x1000:__SEG_SIZE_Task_task1_VAR_RGN
                0x0000000020000c20                __SEG_SIZE_Task_task1_VAR_RGN = ((__SEG_END_Task_task1_VAR_RGN - __SEG_START_Task_task1_VAR_RGN) < 0x400)?0x400:__SEG_SIZE_Task_task1_VAR_RGN
                0x0000000020000c20                __SEG_SIZE_Task_task1_VAR_RGN = ((__SEG_END_Task_task1_VAR_RGN - __SEG_START_Task_task1_VAR_RGN) < 0x200)?0x200:__SEG_SIZE_Task_task1_VAR_RGN
                0x0000000020000c20                __SEG_SIZE_Task_task1_VAR_RGN = ((__SEG_END_Task_task1_VAR_RGN - __SEG_START_Task_task1_VAR_RGN) < 0x100)?0x100:__SEG_SIZE_Task_task1_VAR_RGN
                0x0000000020000c20                __SEG_SIZE_Task_task1_VAR_RGN = ((__SEG_END_Task_task1_VAR_RGN - __SEG_START_Task_task1_VAR_RGN) < 0x80)?0x80:__SEG_SIZE_Task_task1_VAR_RGN
                0x0000000020000c20                __SEG_SIZE_Task_task1_VAR_RGN = ((__SEG_END_Task_task1_VAR_RGN - __SEG_START_Task_task1_VAR_RGN) < 0x40)?0x40:__SEG_SIZE_Task_task1_VAR_RGN
                0x0000000020000c20                __SEG_SIZE_Task_task1_VAR_RGN = ((__SEG_END_Task_task1_VAR_RGN - __SEG_START_Task_task1_VAR_RGN) < 0x20)?0x20:__SEG_SIZE_Task_task1_VAR_RGN
                0x0000000020000c20                __SEG_ALIGN_Task_task1_VAR_RGN = __SEG_SIZE_Task_task1_VAR_RGN

.Task_task3_SEC_VAR
                0x0000000020000c00        0x0
                0x0000000020000c00                . = ALIGN (__SEG_ALIGN_Task_task3_VAR_RGN)
                0x0000000020000c00                __SEG_START_Task_task3_VAR_RGN = .
 *(.Task_task3_SEC_VAR_NOINIT_32BIT)
 *(.Task_task3_SEC_VAR_FAST_32BIT)
 *(.Task_task3_SEC_VAR_32BIT)
 *(.Task_task3_SEC_VAR_NOINIT_16BIT)
 *(.Task_task3_SEC_VAR_FAST_16BIT)
 *(.Task_task3_SEC_VAR_16BIT)
 *(.Task_task3_SEC_VAR_NOINIT_8BIT)
 *(.Task_task3_SEC_VAR_FAST_8BIT)
 *(.Task_task3_SEC_VAR_8BIT)
 *(.Task_task3_SEC_VAR_NOINIT_BOOLEAN)
 *(.Task_task3_SEC_VAR_FAST_BOOLEAN)
 *(.Task_task3_SEC_VAR_BOOLEAN)
 *(.Task_task3_SEC_VAR_NOINIT_UNSPECIFIED)
 *(.Task_task3_SEC_VAR_FAST_UNSPECIFIED)
 *(.Task_task3_SEC_VAR_UNSPECIFIED)
                0x0000000020000c00                __SEG_END_Task_task3_VAR_RGN = .
                0x0000000020000c20                __SEG_SIZE_Task_task3_VAR_RGN = ((__SEG_END_Task_task3_VAR_RGN - __SEG_START_Task_task3_VAR_RGN) < 0x1000)?0x1000:__SEG_SIZE_Task_task3_VAR_RGN
                0x0000000020000c20                __SEG_SIZE_Task_task3_VAR_RGN = ((__SEG_END_Task_task3_VAR_RGN - __SEG_START_Task_task3_VAR_RGN) < 0x400)?0x400:__SEG_SIZE_Task_task3_VAR_RGN
                0x0000000020000c20                __SEG_SIZE_Task_task3_VAR_RGN = ((__SEG_END_Task_task3_VAR_RGN - __SEG_START_Task_task3_VAR_RGN) < 0x200)?0x200:__SEG_SIZE_Task_task3_VAR_RGN
                0x0000000020000c20                __SEG_SIZE_Task_task3_VAR_RGN = ((__SEG_END_Task_task3_VAR_RGN - __SEG_START_Task_task3_VAR_RGN) < 0x100)?0x100:__SEG_SIZE_Task_task3_VAR_RGN
                0x0000000020000c20                __SEG_SIZE_Task_task3_VAR_RGN = ((__SEG_END_Task_task3_VAR_RGN - __SEG_START_Task_task3_VAR_RGN) < 0x80)?0x80:__SEG_SIZE_Task_task3_VAR_RGN
                0x0000000020000c20                __SEG_SIZE_Task_task3_VAR_RGN = ((__SEG_END_Task_task3_VAR_RGN - __SEG_START_Task_task3_VAR_RGN) < 0x40)?0x40:__SEG_SIZE_Task_task3_VAR_RGN
                0x0000000020000c20                __SEG_SIZE_Task_task3_VAR_RGN = ((__SEG_END_Task_task3_VAR_RGN - __SEG_START_Task_task3_VAR_RGN) < 0x20)?0x20:__SEG_SIZE_Task_task3_VAR_RGN
                0x0000000020000c20                __SEG_ALIGN_Task_task3_VAR_RGN = __SEG_SIZE_Task_task3_VAR_RGN

.Task_task2_SEC_STACK
                0x0000000020000c00      0x12c load address 0x000000000800cae8
                0x0000000020000c00                . = ALIGN (__SEG_ALIGN_Task_task2_STACK_RGN)
                0x0000000020000c00                __SEG_START_Task_task2_STACK_RGN = .
 *(.Task_task2Stack)
 .Task_task2Stack
                0x0000000020000c00      0x12c build/lab1/tpl_app_config.c.o
                0x0000000020000c00                task2_stack_zone
                0x0000000020000d2c                . = ALIGN (0x4)
                0x0000000020000d2c                __SEG_END_Task_task2_STACK_RGN = .
                0x0000000020000e00                __SEG_SIZE_Task_task2_STACK_RGN = ((__SEG_END_Task_task2_STACK_RGN - __SEG_START_Task_task2_STACK_RGN) < 0x1000)?0x1000:__SEG_SIZE_Task_task2_STACK_RGN
                0x0000000020000e00                __SEG_SIZE_Task_task2_STACK_RGN = ((__SEG_END_Task_task2_STACK_RGN - __SEG_START_Task_task2_STACK_RGN) < 0x400)?0x400:__SEG_SIZE_Task_task2_STACK_RGN
                0x0000000020000e00                __SEG_SIZE_Task_task2_STACK_RGN = ((__SEG_END_Task_task2_STACK_RGN - __SEG_START_Task_task2_STACK_RGN) < 0x200)?0x200:__SEG_SIZE_Task_task2_STACK_RGN
                [0x0000000020000e00]                __SEG_SIZE_Task_task2_STACK_RGN = ((__SEG_END_Task_task2_STACK_RGN - __SEG_START_Task_task2_STACK_RGN) < 0x100)?0x100:__SEG_SIZE_Task_task2_STACK_RGN
                [0x0000000020000e00]                __SEG_SIZE_Task_task2_STACK_RGN = ((__SEG_END_Task_task2_STACK_RGN - __SEG_START_Task_task2_STACK_RGN) < 0x80)?0x80:__SEG_SIZE_Task_task2_STACK_RGN
                [0x0000000020000e00]                __SEG_SIZE_Task_task2_STACK_RGN = ((__SEG_END_Task_task2_STACK_RGN - __SEG_START_Task_task2_STACK_RGN) < 0x40)?0x40:__SEG_SIZE_Task_task2_STACK_RGN
                [0x0000000020000e00]                __SEG_SIZE_Task_task2_STACK_RGN = ((__SEG_END_Task_task2_STACK_RGN - __SEG_START_Task_task2_STACK_RGN) < 0x20)?0x20:__SEG_SIZE_Task_task2_STACK_RGN
                0x0000000020000e00                __SEG_ALIGN_Task_task2_STACK_RGN = __SEG_SIZE_Task_task2_STACK_RGN

.Task_task1_SEC_STACK
                0x0000000020000d2c      0x200 load address 0x000000000800cc14
                0x0000000020000e00                . = ALIGN (__SEG_ALIGN_Task_task1_STACK_RGN)
 *fill*         0x0000000020000d2c       0xd4 
                0x0000000020000e00                __SEG_START_Task_task1_STACK_RGN = .
 *(.Task_task1Stack)
 .Task_task1Stack
                0x0000000020000e00      0x12c build/lab1/tpl_app_config.c.o
                0x0000000020000e00                task1_stack_zone
                0x0000000020000f2c                . = ALIGN (0x4)
                0x0000000020000f2c                __SEG_END_Task_task1_STACK_RGN = .
                0x0000000020000f2c                __SEG_SIZE_Task_task1_STACK_RGN = ((__SEG_END_Task_task1_STACK_RGN - __SEG_START_Task_task1_STACK_RGN) < 0x1000)?0x1000:__SEG_SIZE_Task_task1_STACK_RGN
                0x0000000020000f2c                __SEG_SIZE_Task_task1_STACK_RGN = ((__SEG_END_Task_task1_STACK_RGN - __SEG_START_Task_task1_STACK_RGN) < 0x400)?0x400:__SEG_SIZE_Task_task1_STACK_RGN
                0x0000000020000f2c                __SEG_SIZE_Task_task1_STACK_RGN = ((__SEG_END_Task_task1_STACK_RGN - __SEG_START_Task_task1_STACK_RGN) < 0x200)?0x200:__SEG_SIZE_Task_task1_STACK_RGN
                [0x0000000020000f2c]                __SEG_SIZE_Task_task1_STACK_RGN = ((__SEG_END_Task_task1_STACK_RGN - __SEG_START_Task_task1_STACK_RGN) < 0x100)?0x100:__SEG_SIZE_Task_task1_STACK_RGN
                [0x0000000020000f2c]                __SEG_SIZE_Task_task1_STACK_RGN = ((__SEG_END_Task_task1_STACK_RGN - __SEG_START_Task_task1_STACK_RGN) < 0x80)?0x80:__SEG_SIZE_Task_task1_STACK_RGN
                [0x0000000020000f2c]                __SEG_SIZE_Task_task1_STACK_RGN = ((__SEG_END_Task_task1_STACK_RGN - __SEG_START_Task_task1_STACK_RGN) < 0x40)?0x40:__SEG_SIZE_Task_task1_STACK_RGN
                [0x0000000020000f2c]                __SEG_SIZE_Task_task1_STACK_RGN = ((__SEG_END_Task_task1_STACK_RGN - __SEG_START_Task_task1_STACK_RGN) < 0x20)?0x20:__SEG_SIZE_Task_task1_STACK_RGN
                0x0000000020000f2c                __SEG_ALIGN_Task_task1_STACK_RGN = __SEG_SIZE_Task_task1_STACK_RGN

.Task_task3_SEC_STACK
                0x0000000020000f2c      0x200 load address 0x000000000800ce14
                0x0000000020001000                . = ALIGN (__SEG_ALIGN_Task_task3_STACK_RGN)
 *fill*         0x0000000020000f2c       0xd4 
                0x0000000020001000                __SEG_START_Task_task3_STACK_RGN = .
 *(.Task_task3Stack)
 .Task_task3Stack
                0x0000000020001000      0x12c build/lab1/tpl_app_config.c.o
                0x0000000020001000                task3_stack_zone
                0x000000002000112c                . = ALIGN (0x4)
                0x000000002000112c                __SEG_END_Task_task3_STACK_RGN = .
                0x000000002000112c                __SEG_SIZE_Task_task3_STACK_RGN = ((__SEG_END_Task_task3_STACK_RGN - __SEG_START_Task_task3_STACK_RGN) < 0x1000)?0x1000:__SEG_SIZE_Task_task3_STACK_RGN
                0x000000002000112c                __SEG_SIZE_Task_task3_STACK_RGN = ((__SEG_END_Task_task3_STACK_RGN - __SEG_START_Task_task3_STACK_RGN) < 0x400)?0x400:__SEG_SIZE_Task_task3_STACK_RGN
                0x000000002000112c                __SEG_SIZE_Task_task3_STACK_RGN = ((__SEG_END_Task_task3_STACK_RGN - __SEG_START_Task_task3_STACK_RGN) < 0x200)?0x200:__SEG_SIZE_Task_task3_STACK_RGN
                [0x000000002000112c]                __SEG_SIZE_Task_task3_STACK_RGN = ((__SEG_END_Task_task3_STACK_RGN - __SEG_START_Task_task3_STACK_RGN) < 0x100)?0x100:__SEG_SIZE_Task_task3_STACK_RGN
                [0x000000002000112c]                __SEG_SIZE_Task_task3_STACK_RGN = ((__SEG_END_Task_task3_STACK_RGN - __SEG_START_Task_task3_STACK_RGN) < 0x80)?0x80:__SEG_SIZE_Task_task3_STACK_RGN
                [0x000000002000112c]                __SEG_SIZE_Task_task3_STACK_RGN = ((__SEG_END_Task_task3_STACK_RGN - __SEG_START_Task_task3_STACK_RGN) < 0x40)?0x40:__SEG_SIZE_Task_task3_STACK_RGN
                [0x000000002000112c]                __SEG_SIZE_Task_task3_STACK_RGN = ((__SEG_END_Task_task3_STACK_RGN - __SEG_START_Task_task3_STACK_RGN) < 0x20)?0x20:__SEG_SIZE_Task_task3_STACK_RGN
                0x000000002000112c                __SEG_ALIGN_Task_task3_STACK_RGN = __SEG_SIZE_Task_task3_STACK_RGN

appvars
                0x000000002000112c                . = ALIGN (0x4)

.bss            0x000000002000112c       0xc8 load address 0x000000000800d014
                0x000000002000112c                _sbss = .
                0x000000002000112c                __bss_start__ = _sbss
 *(.bss)
 *(.bss*)
 .bss.ioExt     0x000000002000112c       0x54 build/machines/cortex/armv7em/stm32f303/coroLabBoard/mcp23s17.cpp.o
                0x000000002000112c                ioExt
 .bss.Tft       0x0000000020001180       0x30 build/machines/cortex/armv7em/stm32f303/coroLabBoard/tft/tft.cpp.o
                0x0000000020001180                Tft
 .bss.__malloc_current_mallinfo
                0x00000000200011b0       0x28 /opt/gcc-arm-none-eabi-10.3-2021.07/bin/../lib/gcc/arm-none-eabi/10.3.1/../../../../arm-none-eabi/lib/thumb/v7e-m/nofp/libc.a(lib_a-mallocr.o)
                0x00000000200011b0                __malloc_current_mallinfo
 .bss.__malloc_max_sbrked_mem
                0x00000000200011d8        0x4 /opt/gcc-arm-none-eabi-10.3-2021.07/bin/../lib/gcc/arm-none-eabi/10.3.1/../../../../arm-none-eabi/lib/thumb/v7e-m/nofp/libc.a(lib_a-mallocr.o)
                0x00000000200011d8                __malloc_max_sbrked_mem
 .bss.__malloc_max_total_mem
                0x00000000200011dc        0x4 /opt/gcc-arm-none-eabi-10.3-2021.07/bin/../lib/gcc/arm-none-eabi/10.3.1/../../../../arm-none-eabi/lib/thumb/v7e-m/nofp/libc.a(lib_a-mallocr.o)
                0x00000000200011dc                __malloc_max_total_mem
 .bss.__malloc_top_pad
                0x00000000200011e0        0x4 /opt/gcc-arm-none-eabi-10.3-2021.07/bin/../lib/gcc/arm-none-eabi/10.3.1/../../../../arm-none-eabi/lib/thumb/v7e-m/nofp/libc.a(lib_a-mallocr.o)
                0x00000000200011e0                __malloc_top_pad
 .bss.__lock___malloc_recursive_mutex
                0x00000000200011e4        0x1 /opt/gcc-arm-none-eabi-10.3-2021.07/bin/../lib/gcc/arm-none-eabi/10.3.1/../../../../arm-none-eabi/lib/thumb/v7e-m/nofp/libc.a(lib_a-lock.o)
                0x00000000200011e4                __lock___malloc_recursive_mutex
 *fill*         0x00000000200011e5        0x3 