Archive member included to satisfy reference by file (symbol)

/opt/gcc-arm-none-eabi-10.3-2021.07/bin/../lib/gcc/arm-none-eabi/10.3.1/../../../../arm-none-eabi/lib/thumb/v7e-m/nofp/libc.a(lib_a-malloc.o)
                              build/machines/cortex/armv7em/stm32f303/coroLabBoard/tft/Adafruit-GFX-Library/Adafruit_GFX.cpp.o (malloc)
/opt/gcc-arm-none-eabi-10.3-2021.07/bin/../lib/gcc/arm-none-eabi/10.3.1/../../../../arm-none-eabi/lib/thumb/v7e-m/nofp/libc.a(lib_a-mallocr.o)
                              /opt/gcc-arm-none-eabi-10.3-2021.07/bin/../lib/gcc/arm-none-eabi/10.3.1/../../../../arm-none-eabi/lib/thumb/v7e-m/nofp/libc.a(lib_a-malloc.o) (_malloc_r)
/opt/gcc-arm-none-eabi-10.3-2021.07/bin/../lib/gcc/arm-none-eabi/10.3.1/../../../../arm-none-eabi/lib/thumb/v7e-m/nofp/libc.a(lib_a-memset.o)
                              build/machines/cortex/armv7em/stm32f303/coroLabBoard/tft/Adafruit-GFX-Library/Adafruit_GFX.cpp.o (memset)
/opt/gcc-arm-none-eabi-10.3-2021.07/bin/../lib/gcc/arm-none-eabi/10.3.1/../../../../arm-none-eabi/lib/thumb/v7e-m/nofp/libc.a(lib_a-mlock.o)
                              /opt/gcc-arm-none-eabi-10.3-2021.07/bin/../lib/gcc/arm-none-eabi/10.3.1/../../../../arm-none-eabi/lib/thumb/v7e-m/nofp/libc.a(lib_a-mallocr.o) (__malloc_lock)
/opt/gcc-arm-none-eabi-10.3-2021.07/bin/../lib/gcc/arm-none-eabi/10.3.1/../../../../arm-none-eabi/lib/thumb/v7e-m/nofp/libc.a(lib_a-sbrkr.o)
                              /opt/gcc-arm-none-eabi-10.3-2021.07/bin/../lib/gcc/arm-none-eabi/10.3.1/../../../../arm-none-eabi/lib/thumb/v7e-m/nofp/libc.a(lib_a-mallocr.o) (_sbrk_r)
/opt/gcc-arm-none-eabi-10.3-2021.07/bin/../lib/gcc/arm-none-eabi/10.3.1/../../../../arm-none-eabi/lib/thumb/v7e-m/nofp/libc.a(lib_a-strlen.o)
                              build/machines/cortex/armv7em/stm32f303/coroLabBoard/tft/arduinoCore/Print.cpp.o (strlen)
/opt/gcc-arm-none-eabi-10.3-2021.07/bin/../lib/gcc/arm-none-eabi/10.3.1/../../../../arm-none-eabi/lib/thumb/v7e-m/nofp/libc.a(lib_a-strncpy.o)
                              build/machines/cortex/armv7em/stm32f303/coroLabBoard/tft/Adafruit-GFX-Library/Adafruit_GFX.cpp.o (strncpy)
/opt/gcc-arm-none-eabi-10.3-2021.07/bin/../lib/gcc/arm-none-eabi/10.3.1/../../../../arm-none-eabi/lib/thumb/v7e-m/nofp/libc.a(lib_a-freer.o)
                              /opt/gcc-arm-none-eabi-10.3-2021.07/bin/../lib/gcc/arm-none-eabi/10.3.1/../../../../arm-none-eabi/lib/thumb/v7e-m/nofp/libc.a(lib_a-malloc.o) (_free_r)
/opt/gcc-arm-none-eabi-10.3-2021.07/bin/../lib/gcc/arm-none-eabi/10.3.1/../../../../arm-none-eabi/lib/thumb/v7e-m/nofp/libc.a(lib_a-impure.o)
                              /opt/gcc-arm-none-eabi-10.3-2021.07/bin/../lib/gcc/arm-none-eabi/10.3.1/../../../../arm-none-eabi/lib/thumb/v7e-m/nofp/libc.a(lib_a-malloc.o) (_impure_ptr)
/opt/gcc-arm-none-eabi-10.3-2021.07/bin/../lib/gcc/arm-none-eabi/10.3.1/../../../../arm-none-eabi/lib/thumb/v7e-m/nofp/libc.a(lib_a-lock.o)
                              /opt/gcc-arm-none-eabi-10.3-2021.07/bin/../lib/gcc/arm-none-eabi/10.3.1/../../../../arm-none-eabi/lib/thumb/v7e-m/nofp/libc.a(lib_a-mlock.o) (__retarget_lock_acquire_recursive)
/opt/gcc-arm-none-eabi-10.3-2021.07/bin/../lib/gcc/arm-none-eabi/10.3.1/../../../../arm-none-eabi/lib/thumb/v7e-m/nofp/libc.a(lib_a-reent.o)
                              /opt/gcc-arm-none-eabi-10.3-2021.07/bin/../lib/gcc/arm-none-eabi/10.3.1/../../../../arm-none-eabi/lib/thumb/v7e-m/nofp/libc.a(lib_a-sbrkr.o) (errno)
/opt/gcc-arm-none-eabi-10.3-2021.07/bin/../lib/gcc/arm-none-eabi/10.3.1/thumb/v7e-m/nofp/libgcc.a(_arm_muldf3.o)
                              build/machines/cortex/armv7em/stm32f303/coroLabBoard/tft/arduinoCore/Print.cpp.o (__aeabi_dmul)
/opt/gcc-arm-none-eabi-10.3-2021.07/bin/../lib/gcc/arm-none-eabi/10.3.1/thumb/v7e-m/nofp/libgcc.a(_arm_addsubdf3.o)
                              build/machines/cortex/armv7em/stm32f303/coroLabBoard/tft/arduinoCore/Print.cpp.o (__aeabi_dsub)
/opt/gcc-arm-none-eabi-10.3-2021.07/bin/../lib/gcc/arm-none-eabi/10.3.1/thumb/v7e-m/nofp/libgcc.a(_arm_muldivdf3.o)
                              build/machines/cortex/armv7em/stm32f303/coroLabBoard/tft/arduinoCore/Print.cpp.o (__aeabi_ddiv)
/opt/gcc-arm-none-eabi-10.3-2021.07/bin/../lib/gcc/arm-none-eabi/10.3.1/thumb/v7e-m/nofp/libgcc.a(_arm_cmpdf2.o)
                              build/machines/cortex/armv7em/stm32f303/coroLabBoard/tft/arduinoCore/Print.cpp.o (__aeabi_dcmplt)
/opt/gcc-arm-none-eabi-10.3-2021.07/bin/../lib/gcc/arm-none-eabi/10.3.1/thumb/v7e-m/nofp/libgcc.a(_arm_unorddf2.o)
                              build/machines/cortex/armv7em/stm32f303/coroLabBoard/tft/arduinoCore/Print.cpp.o (__aeabi_dcmpun)
/opt/gcc-arm-none-eabi-10.3-2021.07/bin/../lib/gcc/arm-none-eabi/10.3.1/thumb/v7e-m/nofp/libgcc.a(_arm_fixdfsi.o)
                              build/machines/cortex/armv7em/stm32f303/coroLabBoard/tft/arduinoCore/Print.cpp.o (__aeabi_d2iz)
[...]
Memory Configuration

Name             Origin             Length             Attributes
VECTOR           0x0000000008000000 0x0000000000000168 xr
FLASH            0x0000000008000168 0x000000000000fe98 xr
RAM              0x0000000020000000 0x0000000000003000 xrw
MEMORY_B1        0x0000000060000000 0x0000000000000000 xr
*default*        0x0000000000000000 0xffffffffffffffff

Linker script and memory map

LOAD build/os/tpl_os_kernel.c.o
LOAD build/os/tpl_os_timeobj_kernel.c.o
LOAD build/os/tpl_os_action.c.o
LOAD build/os/tpl_os_error.c.o
LOAD build/os/tpl_os_os_kernel.c.o
LOAD build/os/tpl_os_os.c.o
LOAD build/os/tpl_os_interrupt_kernel.c.o
LOAD build/os/tpl_os_task_kernel.c.o
LOAD build/os/tpl_os_resource_kernel.c.o
LOAD build/lab1/tpl_app_config.c.o
LOAD build/lab1/tpl_dispatch_table.c.o
LOAD build/lab1/tpl_invoque.S.o
LOAD build/lab1/tpl_primary_irq.S.o
LOAD build/lab1/tpl_vectors.c.o
LOAD build/lab1/tpl_external_interrupts.c.o
LOAD build/lab1/tpl_app_interrupts.c.o
LOAD build/machines/cortex/tpl_machine_cortex.c.o
LOAD build/machines/cortex/tpl_sc_handler.S.o
LOAD build/machines/cortex/tpl_startup.S.o
LOAD build/machines/cortex/armv7em/tpl_ctx_switch.S.o
LOAD build/machines/cortex/armv7em/tpl_ctx_switch_under_it.S.o
LOAD build/machines/cortex/armv7em/tpl_interrupts.S.o
LOAD build/machines/cortex/armv7em/stm32f303/handlers_stm32f3xx.c.o
LOAD build/machines/cortex/armv7em/stm32f303/startup_stm32f3xx.c.o
LOAD build/machines/cortex/armv7em/stm32f303/system_stm32f30x.c.o
LOAD build/machines/cortex/armv7em/stm32f303/tpl_machine_stm32f303.c.o
LOAD build/machines/cortex/armv7em/stm32f303/tpl_memory_protection.c.o
LOAD build/machines/cortex/armv7em/stm32f303/lib/pinAccess.c.o
LOAD build/machines/cortex/armv7em/stm32f303/tpl_trace.c.o
LOAD build/machines/cortex/armv7em/stm32f303/coroLabBoard/spi.c.o
LOAD build/lab1.cpp.o
LOAD build/machines/cortex/armv7em/stm32f303/coroLabBoard/mcp23s17.cpp.o
LOAD build/machines/cortex/armv7em/stm32f303/coroLabBoard/coroBoard.cpp.o
LOAD build/machines/cortex/armv7em/stm32f303/coroLabBoard/tft/arduinoCore/Print.cpp.o
LOAD build/machines/cortex/armv7em/stm32f303/coroLabBoard/tft/tft.cpp.o
LOAD build/machines/cortex/armv7em/stm32f303/coroLabBoard/tft/Adafruit-ST7735-Library/Adafruit_ST7735.cpp.o
LOAD build/machines/cortex/armv7em/stm32f303/coroLabBoard/tft/Adafruit-ST7735-Library/Adafruit_ST77xx.cpp.o
LOAD build/machines/cortex/armv7em/stm32f303/coroLabBoard/tft/Adafruit-GFX-Library/Adafruit_GFX.cpp.o
LOAD build/machines/cortex/armv7em/stm32f303/coroLabBoard/tft/Adafruit-GFX-Library/Adafruit_SPITFT.cpp.o
                0x0000000020003000                _estack = 0x20003000
                0x0000000000000000                _Min_Heap_Size = 0x0
                0x0000000000000400                _Min_Stack_Size = 0x400

.isr_vector     0x0000000008000000      0x168
                0x0000000008000000                . = ALIGN (0x4)
 *(.isr_vector)
 .isr_vector    0x0000000008000000      0x168 build/lab1/tpl_vectors.c.o
                0x0000000008000000                tpl_it_vectors
                0x0000000008000168                . = ALIGN (0x4)
                0x0000000008000168                . = ALIGN (0x4)

ostext          0x0000000008000168      0xd76
 *(.SC_handler)
 *(.EI_handler)
 *(.osCode)
 .osCode        0x0000000008000168      0x44c build/os/tpl_os_kernel.c.o
                0x0000000008000168                tpl_current_os_state
                0x0000000008000184                tpl_front_proc
                0x00000000080001a8                tpl_init_proc
                0x00000000080001bc                tpl_get_internal_resource
                0x0000000008000200                tpl_release_internal_resource
                0x0000000008000228                tpl_terminate
                0x0000000008000248                tpl_call_terminate_task_service
                0x0000000008000270                tpl_call_terminate_isr2_service
                0x0000000008000298                tpl_set_event
                0x000000000800029c                tpl_compare_entries
                0x00000000080002d8                tpl_bubble_up
                0x0000000008000318                tpl_put_preempted_proc
                0x0000000008000344                tpl_run_elected
                0x0000000008000380                tpl_put_new_proc
                0x00000000080003c8                tpl_release
                0x00000000080003e8                tpl_activate_task
                0x0000000008000428                tpl_init_os
                0x0000000008000458                tpl_bubble_down
                0x00000000080004b2                tpl_remove_front_proc
                0x00000000080004e8                tpl_start
                0x0000000008000530                tpl_start_scheduling
                0x0000000008000540                tpl_block
                0x0000000008000560                tpl_preempt
                0x000000000800057c                tpl_schedule_from_running
 .osCode        0x00000000080005b4      0x124 build/os/tpl_os_timeobj_kernel.c.o
                0x00000000080005b4                tpl_enable_counters
                0x00000000080005c0                tpl_insert_time_obj
                0x0000000008000618                tpl_remove_time_obj
                0x0000000008000644                tpl_counter_tick
 .osCode        0x00000000080006d8       0x44 build/os/tpl_os_os_kernel.c.o
                0x00000000080006d8                tpl_get_active_application_mode_service
                0x00000000080006ec                tpl_start_os_service
                0x0000000008000714                tpl_call_shutdown_os
                0x0000000008000718                tpl_shutdown_os_service
 .osCode        0x000000000800071c       0xec build/os/tpl_os_interrupt_kernel.c.o
                0x000000000800071c                tpl_get_interrupt_lock_status
                0x0000000008000738                tpl_reset_interrupt_lock_status
                0x000000000800074c                tpl_terminate_isr2_service
                0x000000000800075c                tpl_null_it
                0x000000000800075e                tpl_enable_all_interrupts_service
                0x0000000008000774                tpl_disable_all_interrupts_service
                0x0000000008000790                tpl_resume_all_interrupts_service
                0x00000000080007b0                tpl_suspend_all_interrupts_service
                0x00000000080007cc                tpl_resume_os_interrupts_service
                0x00000000080007ec                tpl_suspend_os_interrupts_service
 .osCode        0x0000000008000808      0x174 build/os/tpl_os_task_kernel.c.o
                0x0000000008000808                tpl_activate_task_service
                0x000000000800083c                tpl_terminate_task_service
                0x000000000800087c                tpl_chain_task_service
                0x00000000080008dc                tpl_schedule_service
                0x0000000008000924                tpl_get_task_id_service
                0x000000000800094c                tpl_get_task_state_service
 .osCode        0x000000000800097c      0x104 build/os/tpl_os_resource_kernel.c.o
                0x000000000800097c                tpl_release_all_resources
                0x00000000080009a8                tpl_get_resource_service
                0x0000000008000a24                tpl_release_resource_service
 .osCode        0x0000000008000a80       0x28 build/lab1/tpl_app_config.c.o
                0x0000000008000a80                tpl_tick_SysTick
                0x0000000008000aa4                SysTick_Handler
 .osCode        0x0000000008000aa8       0x30 build/lab1/tpl_primary_irq.S.o
                0x0000000008000aa8                tpl_primary_irq_handler_SysTick
 .osCode        0x0000000008000ad8       0x14 build/lab1/tpl_external_interrupts.c.o
                0x0000000008000ad8                tpl_init_external_interrupts
 .osCode        0x0000000008000aec        0x6 build/lab1/tpl_app_interrupts.c.o
                0x0000000008000aec                tpl_init_it_priority
                0x0000000008000aee                tpl_disable_os_interrupts
                0x0000000008000af0                tpl_enable_os_interrupts
 *fill*         0x0000000008000af2        0x2 
 .osCode        0x0000000008000af4       0x94 build/machines/cortex/tpl_machine_cortex.c.o
                0x0000000008000af4                tpl_init_context
                0x0000000008000b54                tpl_shutdown
                0x0000000008000b5a                tpl_init_machine_generic
                0x0000000008000b5c                tpl_init_machine_specific
                0x0000000008000b80                tpl_init_machine
                0x0000000008000b84                tpl_check_stack_footprint
 .osCode        0x0000000008000b88       0x6c build/machines/cortex/tpl_sc_handler.S.o
                0x0000000008000b88                tpl_sc_handler
 .osCode        0x0000000008000bf4       0x1c build/machines/cortex/tpl_startup.S.o
                0x0000000008000bf4                tpl_reset_handler
 .osCode        0x0000000008000c10       0x4c build/machines/cortex/armv7em/tpl_ctx_switch.S.o
                0x0000000008000c10                tpl_save_context
                0x0000000008000c36                tpl_load_context
 .osCode        0x0000000008000c5c       0x44 build/machines/cortex/armv7em/tpl_ctx_switch_under_it.S.o
                0x0000000008000c5c                tpl_save_context_under_it
                0x0000000008000c7e                tpl_load_context_under_it
 .osCode        0x0000000008000ca0       0x2c build/machines/cortex/armv7em/tpl_interrupts.S.o
                0x0000000008000ca0                tpl_disable_interrupts
                0x0000000008000cb4                tpl_enable_interrupts
 .osCode        0x0000000008000ccc       0x38 build/machines/cortex/armv7em/stm32f303/tpl_machine_stm32f303.c.o
                0x0000000008000ccc                tpl_set_systick_timer
 *(.osApiCode)
 .osApiCode     0x0000000008000d04       0x18 build/os/tpl_os_os.c.o
                0x0000000008000d04                StartOS
 .osApiCode     0x0000000008000d1c      0x1c2 build/lab1/tpl_invoque.S.o
                0x0000000008000d1c                GetActiveApplicationMode
                0x0000000008000d32                tpl_start_os
                0x0000000008000d48                ShutdownOS
                0x0000000008000d5e                EnableAllInterrupts
                0x0000000008000d78                DisableAllInterrupts
                0x0000000008000d92                ResumeAllInterrupts
                0x0000000008000dac                SuspendAllInterrupts
                0x0000000008000dc6                ResumeOSInterrupts
                0x0000000008000de0                SuspendOSInterrupts
                0x0000000008000dfa                CallTerminateISR2
                0x0000000008000e14                ActivateTask
                0x0000000008000e2a                TerminateTask
                0x0000000008000e40                ChainTask
                0x0000000008000e56                Schedule
                0x0000000008000e6c                GetTaskID
                0x0000000008000e82                GetTaskState
                0x0000000008000e98                CallTerminateTask
                0x0000000008000eb2                GetResource
                0x0000000008000ec8                ReleaseResource
 *(.appCommonCode)
                0x0000000008000ee0                . = ALIGN (0x4)

osconst         0x0000000008000ee0       0xf4
 *(.osConst)
 .osConst       0x0000000008000ee0        0x2 build/os/tpl_os_kernel.c.o
                0x0000000008000ee0                INVALID_TASK
                0x0000000008000ee1                INVALID_PROC
 *fill*         0x0000000008000ee2        0x2 
 .osConst       0x0000000008000ee4       0x84 build/lab1/tpl_app_config.c.o
                0x0000000008000ee4                task3_task_stat_desc
                0x0000000008000efc                task1_task_stat_desc
                0x0000000008000f14                task2_task_stat_desc
                0x0000000008000f2c                IDLE_TASK_task_stat_desc
                0x0000000008000f44                tpl_resource_table
                0x0000000008000f48                tpl_dyn_proc_table
                0x0000000008000f58                tpl_stat_proc_table
 .osConst       0x0000000008000f68       0x4c build/lab1/tpl_dispatch_table.c.o
                0x0000000008000f68                tpl_dispatch_table
 *(.osApiConst)
 .osApiConst    0x0000000008000fb4       0x20 build/lab1/tpl_app_config.c.o
                0x0000000008000fb4                OSMINCYCLE
                0x0000000008000fb8                OSMAXALLOWEDVALUE
                0x0000000008000fbc                OSTICKSPERBASE
                0x0000000008000fc0                task3
                0x0000000008000fc1                task1
                0x0000000008000fc2                task2
                0x0000000008000fc4                proc_name_table
                0x0000000008000fd4                . = ALIGN (0x4)

apptext         0x0000000008000fd4        0x0
                0x0000000008000fd4                __PROGCONST_SECTION_START = .
                0x0000000008000fd4                __SEG_START_APP_CODE_CONST_RGN = .
                0x0000000008000fd4                . = ALIGN (0x4)
 *(.Task_task2Code)
 *(.Task_task1Code)
 *(.Task_task3Code)
                0x0000000008000fd4                . = ALIGN (0x4)

appconst        0x0000000008000fd4      0xd08
 *(.rodata)
 .rodata        0x0000000008000fd4       0x3c build/lab1.cpp.o
 .rodata        0x0000000008001010       0x12 build/machines/cortex/armv7em/stm32f303/coroLabBoard/tft/arduinoCore/Print.cpp.o
 *(.rodata*)
 .rodata.str1.1
                0x0000000008001022       0x19 build/lab1/tpl_app_config.c.o
 .rodata.OSDEFAULTAPPMODE
                0x000000000800103b        0x1 build/lab1/tpl_app_config.c.o
                0x000000000800103b                OSDEFAULTAPPMODE
 .rodata.tpl_task_app_mode
                0x000000000800103c        0x3 build/lab1/tpl_app_config.c.o
                0x000000000800103c                tpl_task_app_mode
 .rodata.AHBPrescTable
                0x000000000800103f       0x10 build/machines/cortex/armv7em/stm32f303/system_stm32f30x.c.o
                0x000000000800103f                AHBPrescTable
 *fill*         0x000000000800104f        0x1 
 .rodata._ZTV5Print
                0x0000000008001050       0x10 build/machines/cortex/armv7em/stm32f303/coroLabBoard/tft/arduinoCore/Print.cpp.o
                0x0000000008001050                vtable for Print
 .rodata._ZL20VeraMono6pt7bBitmaps
                0x0000000008001060      0x21f build/machines/cortex/armv7em/stm32f303/coroLabBoard/tft/tft.cpp.o
 *fill*         0x000000000800127f        0x1 
 .rodata._ZL19VeraMono6pt7bGlyphs
                0x0000000008001280      0x2f8 build/machines/cortex/armv7em/stm32f303/coroLabBoard/tft/tft.cpp.o
 .rodata._ZL13VeraMono6pt7b
                0x0000000008001578        0xc build/machines/cortex/armv7em/stm32f303/coroLabBoard/tft/tft.cpp.o
 .rodata._ZTV3tft
                0x0000000008001584       0x58 build/machines/cortex/armv7em/stm32f303/coroLabBoard/tft/tft.cpp.o
                0x0000000008001584                vtable for tft
 .rodata._ZL5Rcmd1
                0x00000000080015dc       0x3b build/machines/cortex/armv7em/stm32f303/coroLabBoard/tft/Adafruit-ST7735-Library/Adafruit_ST7735.cpp.o
 *fill*         0x0000000008001617        0x1 
 .rodata._ZL10Rcmd2green
                0x0000000008001618        0xd build/machines/cortex/armv7em/stm32f303/coroLabBoard/tft/Adafruit-ST7735-Library/Adafruit_ST7735.cpp.o
 *fill*         0x0000000008001625        0x3 
 .rodata._ZL8Rcmd2red
                0x0000000008001628        0xd build/machines/cortex/armv7em/stm32f303/coroLabBoard/tft/Adafruit-ST7735-Library/Adafruit_ST7735.cpp.o
 *fill*         0x0000000008001635        0x3 
 .rodata._ZL13Rcmd2green144
                0x0000000008001638        0xd build/machines/cortex/armv7em/stm32f303/coroLabBoard/tft/Adafruit-ST7735-Library/Adafruit_ST7735.cpp.o
 *fill*         0x0000000008001645        0x3 
 .rodata._ZL16Rcmd2green160x80
                0x0000000008001648        0xd build/machines/cortex/armv7em/stm32f303/coroLabBoard/tft/Adafruit-ST7735-Library/Adafruit_ST7735.cpp.o
 *fill*         0x0000000008001655        0x3 
 .rodata._ZL5Rcmd3
                0x0000000008001658       0x2b build/machines/cortex/armv7em/stm32f303/coroLabBoard/tft/Adafruit-ST7735-Library/Adafruit_ST7735.cpp.o
 *fill*         0x0000000008001683        0x1 
 .rodata._ZTV15Adafruit_ST7735
                0x0000000008001684       0x58 build/machines/cortex/armv7em/stm32f303/coroLabBoard/tft/Adafruit-ST7735-Library/Adafruit_ST7735.cpp.o
                0x0000000008001684                vtable for Adafruit_ST7735
 .rodata._ZTV15Adafruit_ST77xx
                0x00000000080016dc       0x58 build/machines/cortex/armv7em/stm32f303/coroLabBoard/tft/Adafruit-ST7735-Library/Adafruit_ST77xx.cpp.o
                0x00000000080016dc                vtable for Adafruit_ST77xx
 .rodata._ZL4font
                0x0000000008001734      0x500 build/machines/cortex/armv7em/stm32f303/coroLabBoard/tft/Adafruit-GFX-Library/Adafruit_GFX.cpp.o
 .rodata._ZTV12Adafruit_GFX
                0x0000000008001c34       0x50 build/machines/cortex/armv7em/stm32f303/coroLabBoard/tft/Adafruit-GFX-Library/Adafruit_GFX.cpp.o
                0x0000000008001c34                vtable for Adafruit_GFX
 .rodata._ZTV15Adafruit_SPITFT
                0x0000000008001c84       0x58 build/machines/cortex/armv7em/stm32f303/coroLabBoard/tft/Adafruit-GFX-Library/Adafruit_SPITFT.cpp.o
                0x0000000008001c84                vtable for Adafruit_SPITFT
                0x0000000008001cdc                . = ALIGN (0x4)

procconst       0x0000000008001cdc        0x0
 *(.Task_task2_SEC_CONST_32BIT)
 *(.Task_task2_SEC_CALIB_32BIT)
 *(.Task_task2_SEC_CARTO_32BIT)
 *(.Task_task2_SEC_CONFIG_DATA_32BIT)
 *(.Task_task2_SEC_CONST_16BIT)
 *(.Task_task2_SEC_CALIB_16BIT)
 *(.Task_task2_SEC_CARTO_16BIT)
 *(.Task_task2_SEC_CONFIG_DATA_16BIT)
 *(.Task_task2_SEC_CONST_8BIT)
 *(.Task_task2_SEC_CALIB_8BIT)
 *(.Task_task2_SEC_CARTO_8BIT)
 *(.Task_task2_SEC_CONFIG_DATA_8BIT)
 *(.Task_task2_SEC_CONST_BOOLEAN)
 *(.Task_task2_SEC_CALIB_BOOLEAN)
 *(.Task_task2_SEC_CARTO_BOOLEAN)
 *(.Task_task2_SEC_CONFIG_DATA_BOOLEAN)
 *(.Task_task2_SEC_CONST_UNSPECIFIED)
 *(.Task_task2_SEC_CALIB_UNSPECIFIED)
 *(.Task_task2_SEC_CARTO_UNSPECIFIED)
 *(.Task_task2_SEC_CONFIG_DATA_UNSPECIFIED)
 *(.Task_task1_SEC_CONST_32BIT)
 *(.Task_task1_SEC_CALIB_32BIT)
 *(.Task_task1_SEC_CARTO_32BIT)
 *(.Task_task1_SEC_CONFIG_DATA_32BIT)
 *(.Task_task1_SEC_CONST_16BIT)
 *(.Task_task1_SEC_CALIB_16BIT)
 *(.Task_task1_SEC_CARTO_16BIT)
 *(.Task_task1_SEC_CONFIG_DATA_16BIT)
 *(.Task_task1_SEC_CONST_8BIT)
 *(.Task_task1_SEC_CALIB_8BIT)
 *(.Task_task1_SEC_CARTO_8BIT)
 *(.Task_task1_SEC_CONFIG_DATA_8BIT)
 *(.Task_task1_SEC_CONST_BOOLEAN)
 *(.Task_task1_SEC_CALIB_BOOLEAN)
 *(.Task_task1_SEC_CARTO_BOOLEAN)
 *(.Task_task1_SEC_CONFIG_DATA_BOOLEAN)
 *(.Task_task1_SEC_CONST_UNSPECIFIED)
 *(.Task_task1_SEC_CALIB_UNSPECIFIED)
 *(.Task_task1_SEC_CARTO_UNSPECIFIED)
 *(.Task_task1_SEC_CONFIG_DATA_UNSPECIFIED)
 *(.Task_task3_SEC_CONST_32BIT)
 *(.Task_task3_SEC_CALIB_32BIT)
 *(.Task_task3_SEC_CARTO_32BIT)
 *(.Task_task3_SEC_CONFIG_DATA_32BIT)
 *(.Task_task3_SEC_CONST_16BIT)
 *(.Task_task3_SEC_CALIB_16BIT)
 *(.Task_task3_SEC_CARTO_16BIT)
 *(.Task_task3_SEC_CONFIG_DATA_16BIT)
 *(.Task_task3_SEC_CONST_8BIT)
 *(.Task_task3_SEC_CALIB_8BIT)
 *(.Task_task3_SEC_CARTO_8BIT)
 *(.Task_task3_SEC_CONFIG_DATA_8BIT)
 *(.Task_task3_SEC_CONST_BOOLEAN)
 *(.Task_task3_SEC_CALIB_BOOLEAN)
 *(.Task_task3_SEC_CARTO_BOOLEAN)
 *(.Task_task3_SEC_CONFIG_DATA_BOOLEAN)
 *(.Task_task3_SEC_CONST_UNSPECIFIED)
 *(.Task_task3_SEC_CALIB_UNSPECIFIED)
 *(.Task_task3_SEC_CARTO_UNSPECIFIED)
 *(.Task_task3_SEC_CONFIG_DATA_UNSPECIFIED)
                0x0000000008001cdc                . = ALIGN (0x4)
                0x0000000008001cdb                __SEG_STOP_APP_CODE_CONST_RGN = (. - 0x1)
                0x0000000008001cdb                __PROGCONST_SECTION_STOP = (. - 0x1)

.text           0x0000000008001d00     0x2778
                0x0000000008001d00                . = ALIGN (0x4)
 *(.text)
 .text          0x0000000008001d00       0xdc /opt/gcc-arm-none-eabi-10.3-2021.07/bin/../lib/gcc/arm-none-eabi/10.3.1/../../../../arm-none-eabi/lib/thumb/v7e-m/nofp/libc.a(lib_a-strlen.o)
                0x0000000008001d00                strlen
 *(.text*)
 .text.idle_function
                0x0000000008001ddc        0x2 build/machines/cortex/tpl_machine_cortex.c.o
                0x0000000008001ddc                idle_function
 .text.NMI_Handler
                0x0000000008001dde        0x4 build/machines/cortex/armv7em/stm32f303/handlers_stm32f3xx.c.o
                0x0000000008001dde                NMI_Handler
 *fill*         0x0000000008001de2        0x2 
 .text.HardFault_Handler
                0x0000000008001de4       0x20 build/machines/cortex/armv7em/stm32f303/handlers_stm32f3xx.c.o
                0x0000000008001de4                HardFault_Handler
 .text.MemManage_Handler
                0x0000000008001e04        0x4 build/machines/cortex/armv7em/stm32f303/handlers_stm32f3xx.c.o
                0x0000000008001e04                MemManage_Handler
 .text.BusFault_Handler
                0x0000000008001e08        0x4 build/machines/cortex/armv7em/stm32f303/handlers_stm32f3xx.c.o
                0x0000000008001e08                BusFault_Handler
 .text.UsageFault_Handler
                0x0000000008001e0c        0x4 build/machines/cortex/armv7em/stm32f303/handlers_stm32f3xx.c.o
                0x0000000008001e0c                UsageFault_Handler
 .text.DebugMonitor_Handler
                0x0000000008001e10        0x2 build/machines/cortex/armv7em/stm32f303/handlers_stm32f3xx.c.o
                0x0000000008001e10                DebugMonitor_Handler
 *fill*         0x0000000008001e12        0x2 
 .text.__libc_init_array
                0x0000000008001e14       0x44 build/machines/cortex/armv7em/stm32f303/startup_stm32f3xx.c.o
                0x0000000008001e14                __libc_init_array
 .text.__libc_fini_array
                0x0000000008001e58       0x20 build/machines/cortex/armv7em/stm32f303/startup_stm32f3xx.c.o
                0x0000000008001e58                __libc_fini_array
 .text.__cxa_pure_virtual
                0x0000000008001e78        0x2 build/machines/cortex/armv7em/stm32f303/startup_stm32f3xx.c.o
                0x0000000008001e78                __cxa_pure_virtual
 *fill*         0x0000000008001e7a        0x2 
 .text.SystemCoreClockUpdate
                0x0000000008001e7c       0x60 build/machines/cortex/armv7em/stm32f303/system_stm32f30x.c.o
                0x0000000008001e7c                SystemCoreClockUpdate
 .text.SystemInit
                0x0000000008001edc       0x5c build/machines/cortex/armv7em/stm32f303/system_stm32f30x.c.o
                0x0000000008001edc                SystemInit
 .text.clockForGpio
                0x0000000008001f38       0x68 build/machines/cortex/armv7em/stm32f303/lib/pinAccess.c.o
                0x0000000008001f38                clockForGpio
 .text.pinMode  0x0000000008001fa0       0xac build/machines/cortex/armv7em/stm32f303/lib/pinAccess.c.o
                0x0000000008001fa0                pinMode
 .text.setupSPI
                0x000000000800204c       0x7c build/machines/cortex/armv7em/stm32f303/coroLabBoard/spi.c.o
                0x000000000800204c                setupSPI
 .text.beginTransaction
                0x00000000080020c8        0xc build/machines/cortex/armv7em/stm32f303/coroLabBoard/spi.c.o
                0x00000000080020c8                beginTransaction
 .text.endTransaction
                0x00000000080020d4       0x18 build/machines/cortex/armv7em/stm32f303/coroLabBoard/spi.c.o
                0x00000000080020d4                endTransaction
 .text.transfer8
                0x00000000080020ec       0x30 build/machines/cortex/armv7em/stm32f303/coroLabBoard/spi.c.o
                0x00000000080020ec                transfer8
 .text.write8   0x000000000800211c       0x14 build/machines/cortex/armv7em/stm32f303/coroLabBoard/spi.c.o
                0x000000000800211c                write8
 .text.main     0x0000000008002130       0x30 build/lab1.cpp.o
                0x0000000008002130                main
 .text.task1_function
                0x0000000008002160       0x68 build/lab1.cpp.o
                0x0000000008002160                task1_function
 .text.task2_function
                0x00000000080021c8       0x48 build/lab1.cpp.o
                0x00000000080021c8                task2_function
 .text.task3_function
                0x0000000008002210       0x48 build/lab1.cpp.o
                0x0000000008002210                task3_function
 .text._ZN8mcp23s17C2Ev
                0x0000000008002258       0x4c build/machines/cortex/armv7em/stm32f303/coroLabBoard/mcp23s17.cpp.o
                0x0000000008002258                mcp23s17::mcp23s17()
                0x0000000008002258                mcp23s17::mcp23s17()
 .text._ZN8mcp23s175beginEv
                0x00000000080022a4       0x48 build/machines/cortex/armv7em/stm32f303/coroLabBoard/mcp23s17.cpp.o
                0x00000000080022a4                mcp23s17::begin()
 .text._ZN8mcp23s178writeRegEhh
                0x00000000080022ec       0x36 build/machines/cortex/armv7em/stm32f303/coroLabBoard/mcp23s17.cpp.o
                0x00000000080022ec                mcp23s17::writeReg(unsigned char, unsigned char)
 .text._ZN8mcp23s177readRegEh
                0x0000000008002322       0x36 build/machines/cortex/armv7em/stm32f303/coroLabBoard/mcp23s17.cpp.o
                0x0000000008002322                mcp23s17::readReg(unsigned char)
 .text._ZN8mcp23s177pinModeENS_4portEhNS_4modeE
                0x0000000008002358       0x80 build/machines/cortex/armv7em/stm32f303/coroLabBoard/mcp23s17.cpp.o
                0x0000000008002358                mcp23s17::pinMode(mcp23s17::port, unsigned char, mcp23s17::mode)
 .text._ZN8mcp23s1712digitalWriteENS_4portEhb
                0x00000000080023d8       0x86 build/machines/cortex/armv7em/stm32f303/coroLabBoard/mcp23s17.cpp.o
                0x00000000080023d8                mcp23s17::digitalWrite(mcp23s17::port, unsigned char, bool)
 .text._ZN8mcp23s1711setBitInRegEhh
                0x000000000800245e       0x50 build/machines/cortex/armv7em/stm32f303/coroLabBoard/mcp23s17.cpp.o
                0x000000000800245e                mcp23s17::setBitInReg(unsigned char, unsigned char)
 .text._ZN8mcp23s1713clearBitInRegEhh
                0x00000000080024ae       0x54 build/machines/cortex/armv7em/stm32f303/coroLabBoard/mcp23s17.cpp.o
                0x00000000080024ae                mcp23s17::clearBitInReg(unsigned char, unsigned char)
 .text._ZN8mcp23s1715attachInterruptENS_4portEh
                0x0000000008002502       0x40 build/machines/cortex/armv7em/stm32f303/coroLabBoard/mcp23s17.cpp.o
                0x0000000008002502                mcp23s17::attachInterrupt(mcp23s17::port, unsigned char)
 *fill*         0x0000000008002542        0x2 
 .text._Z41__static_initialization_and_destruction_0ii
                0x0000000008002544       0x2c build/machines/cortex/armv7em/stm32f303/coroLabBoard/mcp23s17.cpp.o
 .text._GLOBAL__sub_I__ZN8mcp23s17C2Ev
                0x0000000008002570       0x10 build/machines/cortex/armv7em/stm32f303/coroLabBoard/mcp23s17.cpp.o
 .text._Z15setupIOExtenderv
                0x0000000008002580       0x80 build/machines/cortex/armv7em/stm32f303/coroLabBoard/coroBoard.cpp.o
                0x0000000008002580                setupIOExtender()
 .text._Z10setupTimerv
                0x0000000008002600       0x5c build/machines/cortex/armv7em/stm32f303/coroLabBoard/coroBoard.cpp.o
                0x0000000008002600                setupTimer()
 .text._Z13getTimerValuev
                0x000000000800265c       0x14 build/machines/cortex/armv7em/stm32f303/coroLabBoard/coroBoard.cpp.o
                0x000000000800265c                getTimerValue()
 .text._Z13initCoroBoardv
                0x0000000008002670       0x28 build/machines/cortex/armv7em/stm32f303/coroLabBoard/coroBoard.cpp.o
                0x0000000008002670                initCoroBoard()
 .text._ZN5Print5writeEPKc
                0x0000000008002698       0x38 build/machines/cortex/armv7em/stm32f303/coroLabBoard/tft/arduinoCore/Print.cpp.o
                0x0000000008002698                Print::write(char const*)
 .text._ZN5Print5writeEPKhj
                0x00000000080026d0       0x5c build/machines/cortex/armv7em/stm32f303/coroLabBoard/tft/arduinoCore/Print.cpp.o
                0x00000000080026d0                Print::write(unsigned char const*, unsigned int)
 .text._ZN5Print5printEPKc
                0x000000000800272c       0x1c build/machines/cortex/armv7em/stm32f303/coroLabBoard/tft/arduinoCore/Print.cpp.o
                0x000000000800272c                Print::print(char const*)
 .text._ZN5Print5printEmi
                0x0000000008002748       0x40 build/machines/cortex/armv7em/stm32f303/coroLabBoard/tft/arduinoCore/Print.cpp.o
                0x0000000008002748                Print::print(unsigned long, int)
 .text._ZN5Print7printlnEv
                0x0000000008002788       0x20 build/machines/cortex/armv7em/stm32f303/coroLabBoard/tft/arduinoCore/Print.cpp.o
                0x0000000008002788                Print::println()
 .text._ZN5Print7printlnEPKc
                0x00000000080027a8       0x2c build/machines/cortex/armv7em/stm32f303/coroLabBoard/tft/arduinoCore/Print.cpp.o
                0x00000000080027a8                Print::println(char const*)
 .text._ZN5Print7printlnEmi
                0x00000000080027d4       0x30 build/machines/cortex/armv7em/stm32f303/coroLabBoard/tft/arduinoCore/Print.cpp.o
                0x00000000080027d4                Print::println(unsigned long, int)
 .text._ZN5Print11printNumberEmh
                0x0000000008002804       0x88 build/machines/cortex/armv7em/stm32f303/coroLabBoard/tft/arduinoCore/Print.cpp.o
                0x0000000008002804                Print::printNumber(unsigned long, unsigned char)
 .text._ZN15Adafruit_ST7735C2Ev
                0x000000000800288c       0x24 build/machines/cortex/armv7em/stm32f303/coroLabBoard/tft/tft.cpp.o
                0x000000000800288c                Adafruit_ST7735::Adafruit_ST7735()
                0x000000000800288c                Adafruit_ST7735::Adafruit_ST7735()
 .text._ZN3tftC2Ev
                0x00000000080028b0       0x24 build/machines/cortex/armv7em/stm32f303/coroLabBoard/tft/tft.cpp.o
                0x00000000080028b0                tft::tft()
                0x00000000080028b0                tft::tft()
 .text._ZN3tft5eraseEv
                0x00000000080028d4       0x2c build/machines/cortex/armv7em/stm32f303/coroLabBoard/tft/tft.cpp.o
                0x00000000080028d4                tft::erase()
 .text._ZN3tft5setupEv
                0x0000000008002900       0x3c build/machines/cortex/armv7em/stm32f303/coroLabBoard/tft/tft.cpp.o
                0x0000000008002900                tft::setup()
 .text._ZN3tft13setTextCursorEjj
                0x000000000800293c       0x60 build/machines/cortex/armv7em/stm32f303/coroLabBoard/tft/tft.cpp.o
                0x000000000800293c                tft::setTextCursor(unsigned int, unsigned int)
 .text._ZN3tft12getTextWidthEv
                0x000000000800299c       0x30 build/machines/cortex/armv7em/stm32f303/coroLabBoard/tft/tft.cpp.o
                0x000000000800299c                tft::getTextWidth()
 .text._ZN3tft13getTextHeightEv
                0x00000000080029cc       0x30 build/machines/cortex/armv7em/stm32f303/coroLabBoard/tft/tft.cpp.o
                0x00000000080029cc                tft::getTextHeight()
 .text._Z41__static_initialization_and_destruction_0ii
                0x00000000080029fc       0x2c build/machines/cortex/armv7em/stm32f303/coroLabBoard/tft/tft.cpp.o
 .text._GLOBAL__sub_I__ZN3tft5eraseEv
                0x0000000008002a28       0x10 build/machines/cortex/armv7em/stm32f303/coroLabBoard/tft/tft.cpp.o
 .text._ZN15Adafruit_ST77355initREh
                0x0000000008002a38      0x11c build/machines/cortex/armv7em/stm32f303/coroLabBoard/tft/Adafruit-ST7735-Library/Adafruit_ST7735.cpp.o
                0x0000000008002a38                Adafruit_ST7735::initR(unsigned char)
 .text._ZN15Adafruit_ST773511setRotationEh
                0x0000000008002b54      0x248 build/machines/cortex/armv7em/stm32f303/coroLabBoard/tft/Adafruit-ST7735-Library/Adafruit_ST7735.cpp.o
                0x0000000008002b54                Adafruit_ST7735::setRotation(unsigned char)
 .text._ZN15Adafruit_ST77xxC2Ev
                0x0000000008002d9c       0x38 build/machines/cortex/armv7em/stm32f303/coroLabBoard/tft/Adafruit-ST7735-Library/Adafruit_ST77xx.cpp.o
                0x0000000008002d9c                Adafruit_ST77xx::Adafruit_ST77xx()
                0x0000000008002d9c                Adafruit_ST77xx::Adafruit_ST77xx()
 .text._ZN15Adafruit_ST77xx11displayInitEPKh
                0x0000000008002dd4       0xee build/machines/cortex/armv7em/stm32f303/coroLabBoard/tft/Adafruit-ST7735-Library/Adafruit_ST77xx.cpp.o
                0x0000000008002dd4                Adafruit_ST77xx::displayInit(unsigned char const*)
 *fill*         0x0000000008002ec2        0x2 
 .text._ZN15Adafruit_ST77xx5beginEm
                0x0000000008002ec4       0x40 build/machines/cortex/armv7em/stm32f303/coroLabBoard/tft/Adafruit-ST7735-Library/Adafruit_ST77xx.cpp.o
                0x0000000008002ec4                Adafruit_ST77xx::begin(unsigned long)
 .text._ZN15Adafruit_ST77xx10commonInitEPKh
                0x0000000008002f04       0x2e build/machines/cortex/armv7em/stm32f303/coroLabBoard/tft/Adafruit-ST7735-Library/Adafruit_ST77xx.cpp.o
                0x0000000008002f04                Adafruit_ST77xx::commonInit(unsigned char const*)
 .text._ZN15Adafruit_ST77xx13setAddrWindowEtttt
                0x0000000008002f32       0xd8 build/machines/cortex/armv7em/stm32f303/coroLabBoard/tft/Adafruit-ST7735-Library/Adafruit_ST77xx.cpp.o
                0x0000000008002f32                Adafruit_ST77xx::setAddrWindow(unsigned short, unsigned short, unsigned short, unsigned short)
 *fill*         0x000000000800300a        0x2 
 .text._ZN15Adafruit_ST77xx11setRotationEh
                0x000000000800300c       0xf0 build/machines/cortex/armv7em/stm32f303/coroLabBoard/tft/Adafruit-ST7735-Library/Adafruit_ST77xx.cpp.o
                0x000000000800300c                Adafruit_ST77xx::setRotation(unsigned char)
 .text._ZN5PrintC2Ev
                0x00000000080030fc       0x24 build/machines/cortex/armv7em/stm32f303/coroLabBoard/tft/Adafruit-GFX-Library/Adafruit_GFX.cpp.o
                0x00000000080030fc                Print::Print()
                0x00000000080030fc                Print::Print()
 .text._ZN12Adafruit_GFXC2Ess
                0x0000000008003120       0x8c build/machines/cortex/armv7em/stm32f303/coroLabBoard/tft/Adafruit-GFX-Library/Adafruit_GFX.cpp.o
                0x0000000008003120                Adafruit_GFX::Adafruit_GFX(short, short)
                0x0000000008003120                Adafruit_GFX::Adafruit_GFX(short, short)
 .text._ZN12Adafruit_GFX9writeLineEsssst
                0x00000000080031ac      0x14a build/machines/cortex/armv7em/stm32f303/coroLabBoard/tft/Adafruit-GFX-Library/Adafruit_GFX.cpp.o
                0x00000000080031ac                Adafruit_GFX::writeLine(short, short, short, short, unsigned short)
 .text._ZN12Adafruit_GFX10startWriteEv
                0x00000000080032f6       0x12 build/machines/cortex/armv7em/stm32f303/coroLabBoard/tft/Adafruit-GFX-Library/Adafruit_GFX.cpp.o
                0x00000000080032f6                Adafruit_GFX::startWrite()
 .text._ZN12Adafruit_GFX10writePixelEsst
                0x0000000008003308       0x38 build/machines/cortex/armv7em/stm32f303/coroLabBoard/tft/Adafruit-GFX-Library/Adafruit_GFX.cpp.o
                0x0000000008003308                Adafruit_GFX::writePixel(short, short, unsigned short)
 .text._ZN12Adafruit_GFX14writeFastVLineEssst
                0x0000000008003340       0x40 build/machines/cortex/armv7em/stm32f303/coroLabBoard/tft/Adafruit-GFX-Library/Adafruit_GFX.cpp.o
                0x0000000008003340                Adafruit_GFX::writeFastVLine(short, short, short, unsigned short)
 .text._ZN12Adafruit_GFX14writeFastHLineEssst
                0x0000000008003380       0x40 build/machines/cortex/armv7em/stm32f303/coroLabBoard/tft/Adafruit-GFX-Library/Adafruit_GFX.cpp.o
                0x0000000008003380                Adafruit_GFX::writeFastHLine(short, short, short, unsigned short)
 .text._ZN12Adafruit_GFX13writeFillRectEsssst
                0x00000000080033c0       0x46 build/machines/cortex/armv7em/stm32f303/coroLabBoard/tft/Adafruit-GFX-Library/Adafruit_GFX.cpp.o
                0x00000000080033c0                Adafruit_GFX::writeFillRect(short, short, short, short, unsigned short)
 .text._ZN12Adafruit_GFX8endWriteEv
                0x0000000008003406       0x12 build/machines/cortex/armv7em/stm32f303/coroLabBoard/tft/Adafruit-GFX-Library/Adafruit_GFX.cpp.o
                0x0000000008003406                Adafruit_GFX::endWrite()
 .text._ZN12Adafruit_GFX13drawFastVLineEssst
                0x0000000008003418       0x6a build/machines/cortex/armv7em/stm32f303/coroLabBoard/tft/Adafruit-GFX-Library/Adafruit_GFX.cpp.o
                0x0000000008003418                Adafruit_GFX::drawFastVLine(short, short, short, unsigned short)
 .text._ZN12Adafruit_GFX13drawFastHLineEssst
                0x0000000008003482       0x68 build/machines/cortex/armv7em/stm32f303/coroLabBoard/tft/Adafruit-GFX-Library/Adafruit_GFX.cpp.o
                0x0000000008003482                Adafruit_GFX::drawFastHLine(short, short, short, unsigned short)
 .text._ZN12Adafruit_GFX8fillRectEsssst
                0x00000000080034ea       0x7c build/machines/cortex/armv7em/stm32f303/coroLabBoard/tft/Adafruit-GFX-Library/Adafruit_GFX.cpp.o
                0x00000000080034ea                Adafruit_GFX::fillRect(short, short, short, short, unsigned short)
 .text._ZN12Adafruit_GFX10fillScreenEt
                0x0000000008003566       0x38 build/machines/cortex/armv7em/stm32f303/coroLabBoard/tft/Adafruit-GFX-Library/Adafruit_GFX.cpp.o
                0x0000000008003566                Adafruit_GFX::fillScreen(unsigned short)
 .text._ZN12Adafruit_GFX8drawLineEsssst
                0x000000000800359e       0xfa build/machines/cortex/armv7em/stm32f303/coroLabBoard/tft/Adafruit-GFX-Library/Adafruit_GFX.cpp.o
                0x000000000800359e                Adafruit_GFX::drawLine(short, short, short, short, unsigned short)
 .text._ZN12Adafruit_GFX8drawRectEsssst
                0x0000000008003698       0xc6 build/machines/cortex/armv7em/stm32f303/coroLabBoard/tft/Adafruit-GFX-Library/Adafruit_GFX.cpp.o
                0x0000000008003698                Adafruit_GFX::drawRect(short, short, short, short, unsigned short)
 *fill*         0x000000000800375e        0x2 
 .text._ZN12Adafruit_GFX8drawCharEsshtth
                0x0000000008003760      0x478 build/machines/cortex/armv7em/stm32f303/coroLabBoard/tft/Adafruit-GFX-Library/Adafruit_GFX.cpp.o
                0x0000000008003760                Adafruit_GFX::drawChar(short, short, unsigned char, unsigned short, unsigned short, unsigned char)
 .text._ZN12Adafruit_GFX5writeEh
                0x0000000008003bd8      0x232 build/machines/cortex/armv7em/stm32f303/coroLabBoard/tft/Adafruit-GFX-Library/Adafruit_GFX.cpp.o
                0x0000000008003bd8                Adafruit_GFX::write(unsigned char)
 .text._ZN12Adafruit_GFX9setCursorEss
                0x0000000008003e0a       0x26 build/machines/cortex/armv7em/stm32f303/coroLabBoard/tft/Adafruit-GFX-Library/Adafruit_GFX.cpp.o
                0x0000000008003e0a                Adafruit_GFX::setCursor(short, short)
 .text._ZN12Adafruit_GFX12setTextColorEt
                0x0000000008003e30       0x24 build/machines/cortex/armv7em/stm32f303/coroLabBoard/tft/Adafruit-GFX-Library/Adafruit_GFX.cpp.o
                0x0000000008003e30                Adafruit_GFX::setTextColor(unsigned short)
 .text._ZN12Adafruit_GFX11setRotationEh
                0x0000000008003e54       0x70 build/machines/cortex/armv7em/stm32f303/coroLabBoard/tft/Adafruit-GFX-Library/Adafruit_GFX.cpp.o
                0x0000000008003e54                Adafruit_GFX::setRotation(unsigned char)
 .text._ZN12Adafruit_GFX7setFontEPK7GFXfont
                0x0000000008003ec4       0x56 build/machines/cortex/armv7em/stm32f303/coroLabBoard/tft/Adafruit-GFX-Library/Adafruit_GFX.cpp.o
                0x0000000008003ec4                Adafruit_GFX::setFont(GFXfont const*)
 .text._ZNK12Adafruit_GFX5widthEv
                0x0000000008003f1a       0x18 build/machines/cortex/armv7em/stm32f303/coroLabBoard/tft/Adafruit-GFX-Library/Adafruit_GFX.cpp.o
                0x0000000008003f1a                Adafruit_GFX::width() const
 .text._ZNK12Adafruit_GFX6heightEv
                0x0000000008003f32       0x18 build/machines/cortex/armv7em/stm32f303/coroLabBoard/tft/Adafruit-GFX-Library/Adafruit_GFX.cpp.o
                0x0000000008003f32                Adafruit_GFX::height() const
 .text._ZN12Adafruit_GFX13invertDisplayEb
                0x0000000008003f4a       0x16 build/machines/cortex/armv7em/stm32f303/coroLabBoard/tft/Adafruit-GFX-Library/Adafruit_GFX.cpp.o
                0x0000000008003f4a                Adafruit_GFX::invertDisplay(bool)
 .text._ZN15Adafruit_SPITFT10writePixelEt
                0x0000000008003f60       0x2c build/machines/cortex/armv7em/stm32f303/coroLabBoard/tft/Adafruit-GFX-Library/Adafruit_SPITFT.cpp.o
                0x0000000008003f60                Adafruit_SPITFT::writePixel(unsigned short)
 .text._ZN15Adafruit_SPITFTC2Ett
                0x0000000008003f8c       0x50 build/machines/cortex/armv7em/stm32f303/coroLabBoard/tft/Adafruit-GFX-Library/Adafruit_SPITFT.cpp.o
                0x0000000008003f8c                Adafruit_SPITFT::Adafruit_SPITFT(unsigned short, unsigned short)
                0x0000000008003f8c                Adafruit_SPITFT::Adafruit_SPITFT(unsigned short, unsigned short)
 .text._ZN15Adafruit_SPITFT7initSPIEm
                0x0000000008003fdc       0x30 build/machines/cortex/armv7em/stm32f303/coroLabBoard/tft/Adafruit-GFX-Library/Adafruit_SPITFT.cpp.o
                0x0000000008003fdc                Adafruit_SPITFT::initSPI(unsigned long)
 .text._ZN15Adafruit_SPITFT8spiWriteEh
                0x000000000800400c       0x1c build/machines/cortex/armv7em/stm32f303/coroLabBoard/tft/Adafruit-GFX-Library/Adafruit_SPITFT.cpp.o
                0x000000000800400c                Adafruit_SPITFT::spiWrite(unsigned char)
 .text._ZN15Adafruit_SPITFT10startWriteEv
                0x0000000008004028       0x1c build/machines/cortex/armv7em/stm32f303/coroLabBoard/tft/Adafruit-GFX-Library/Adafruit_SPITFT.cpp.o
                0x0000000008004028                Adafruit_SPITFT::startWrite()
 .text._ZN15Adafruit_SPITFT8endWriteEv
                0x0000000008004044       0x1a build/machines/cortex/armv7em/stm32f303/coroLabBoard/tft/Adafruit-GFX-Library/Adafruit_SPITFT.cpp.o
                0x0000000008004044                Adafruit_SPITFT::endWrite()
 .text._ZN15Adafruit_SPITFT12writeCommandEh
                0x000000000800405e       0x32 build/machines/cortex/armv7em/stm32f303/coroLabBoard/tft/Adafruit-GFX-Library/Adafruit_SPITFT.cpp.o
                0x000000000800405e                Adafruit_SPITFT::writeCommand(unsigned char)
 .text._ZN15Adafruit_SPITFT10writeColorEtm
                0x0000000008004090       0x44 build/machines/cortex/armv7em/stm32f303/coroLabBoard/tft/Adafruit-GFX-Library/Adafruit_SPITFT.cpp.o
                0x0000000008004090                Adafruit_SPITFT::writeColor(unsigned short, unsigned long)
 .text._ZN15Adafruit_SPITFT10writePixelEsst
                0x00000000080040d4       0x70 build/machines/cortex/armv7em/stm32f303/coroLabBoard/tft/Adafruit-GFX-Library/Adafruit_SPITFT.cpp.o
                0x00000000080040d4                Adafruit_SPITFT::writePixel(short, short, unsigned short)
 .text._ZN15Adafruit_SPITFT13writeFillRectEsssst
                0x0000000008004144      0x106 build/machines/cortex/armv7em/stm32f303/coroLabBoard/tft/Adafruit-GFX-Library/Adafruit_SPITFT.cpp.o
                0x0000000008004144                Adafruit_SPITFT::writeFillRect(short, short, short, short, unsigned short)
 .text._ZN15Adafruit_SPITFT14writeFastVLineEssst
                0x000000000800424a       0x42 build/machines/cortex/armv7em/stm32f303/coroLabBoard/tft/Adafruit-GFX-Library/Adafruit_SPITFT.cpp.o
                0x000000000800424a                Adafruit_SPITFT::writeFastVLine(short, short, short, unsigned short)
 .text._ZN15Adafruit_SPITFT14writeFastHLineEssst
                0x000000000800428c       0x44 build/machines/cortex/armv7em/stm32f303/coroLabBoard/tft/Adafruit-GFX-Library/Adafruit_SPITFT.cpp.o
                0x000000000800428c                Adafruit_SPITFT::writeFastHLine(short, short, short, unsigned short)
 .text._ZN15Adafruit_SPITFT9drawPixelEsst
                0x00000000080042d0       0x50 build/machines/cortex/armv7em/stm32f303/coroLabBoard/tft/Adafruit-GFX-Library/Adafruit_SPITFT.cpp.o
                0x00000000080042d0                Adafruit_SPITFT::drawPixel(short, short, unsigned short)
 .text._ZN15Adafruit_SPITFT13drawFastVLineEssst
                0x0000000008004320       0x58 build/machines/cortex/armv7em/stm32f303/coroLabBoard/tft/Adafruit-GFX-Library/Adafruit_SPITFT.cpp.o
                0x0000000008004320                Adafruit_SPITFT::drawFastVLine(short, short, short, unsigned short)
 .text._ZN15Adafruit_SPITFT13drawFastHLineEssst
                0x0000000008004378       0x58 build/machines/cortex/armv7em/stm32f303/coroLabBoard/tft/Adafruit-GFX-Library/Adafruit_SPITFT.cpp.o
                0x0000000008004378                Adafruit_SPITFT::drawFastHLine(short, short, short, unsigned short)
 .text._ZN15Adafruit_SPITFT8fillRectEsssst
                0x00000000080043d0       0x5e build/machines/cortex/armv7em/stm32f303/coroLabBoard/tft/Adafruit-GFX-Library/Adafruit_SPITFT.cpp.o
                0x00000000080043d0                Adafruit_SPITFT::fillRect(short, short, short, short, unsigned short)
 .text._ZN15Adafruit_SPITFT13invertDisplayEb
                0x000000000800442e       0x48 build/machines/cortex/armv7em/stm32f303/coroLabBoard/tft/Adafruit-GFX-Library/Adafruit_SPITFT.cpp.o
                0x000000000800442e                Adafruit_SPITFT::invertDisplay(bool)
 *(.glue_7)
 .glue_7        0x0000000008004476        0x0 linker stubs
 *(.glue_7t)
 .glue_7t       0x0000000008004476        0x0 linker stubs
 *(.eh_frame)
 *(.init)
 *(.fini)
                0x0000000008004478                . = ALIGN (0x4)
 *fill*         0x0000000008004476        0x2 
                0x0000000008004478                _etext = .
                0x0000000008004478                _exit = .

.vfp11_veneer   0x0000000008004478        0x0
 .vfp11_veneer  0x0000000008004478        0x0 linker stubs

.v4_bx          0x0000000008004478        0x0
 .v4_bx         0x0000000008004478        0x0 linker stubs

.iplt           0x0000000008004478        0x0
 .iplt          0x0000000008004478        0x0 build/os/tpl_os_kernel.c.o

.after_vectors  0x0000000008004478       0x58
 .after_vectors
                0x0000000008004478       0x58 build/machines/cortex/armv7em/stm32f303/startup_stm32f3xx.c.o
                0x0000000008004478                system_init
                0x000000000800449c                tpl_continue_reset_handler

.rel.dyn        0x00000000080044d0        0x0
 .rel.iplt      0x00000000080044d0        0x0 build/os/tpl_os_kernel.c.o

.ARM.extab
 *(.ARM.extab* .gnu.linkonce.armextab.*)

.ARM            0x00000000080044d0        0x0
                0x00000000080044d0                __exidx_start = .
 *(.ARM.exidx*)
                0x00000000080044d0                __exidx_end = .

.preinit_array  0x00000000080044d0        0x4
                0x00000000080044d0                PROVIDE (__preinit_array_start = .)
 *(.preinit_array*)
 .preinit_array_sysinit
                0x00000000080044d0        0x4 build/machines/cortex/armv7em/stm32f303/startup_stm32f3xx.c.o
                0x00000000080044d0                p_system_init
                0x00000000080044d4                PROVIDE (__preinit_array_end = .)

.init_array     0x00000000080044d4        0x8
                0x00000000080044d4                PROVIDE (__init_array_start = .)
 *(SORT_BY_NAME(.init_array.*))
 *(.init_array*)
 .init_array    0x00000000080044d4        0x4 build/machines/cortex/armv7em/stm32f303/coroLabBoard/mcp23s17.cpp.o
 .init_array    0x00000000080044d8        0x4 build/machines/cortex/armv7em/stm32f303/coroLabBoard/tft/tft.cpp.o
                0x00000000080044dc                PROVIDE (__init_array_end = .)

.fini_array     0x00000000080044dc        0x0
                0x00000000080044dc                PROVIDE (__fini_array_start = .)
 *(.fini_array*)
 *(SORT_BY_NAME(.fini_array.*))
                0x00000000080044dc                PROVIDE (__fini_array_end = .)
                0x00000000080044dc                _sidata = .

.data           0x0000000020000000      0x120 load address 0x00000000080044dc
                0x0000000020000000                . = ALIGN (0x4)
                0x0000000020000000                _sdata = .
 *(.data)
 *(.data*)
 .data.SystemCoreClock
                0x0000000020000000        0x4 build/machines/cortex/armv7em/stm32f303/system_stm32f30x.c.o
                0x0000000020000000                SystemCoreClock
 *(.osVar)
 .osVar         0x0000000020000004        0x1 build/os/tpl_os_timeobj_kernel.c.o
 .osVar         0x0000000020000005        0x1 build/os/tpl_os_os_kernel.c.o
 *fill*         0x0000000020000006        0x2 
 .osVar         0x0000000020000008       0x14 build/os/tpl_os_interrupt_kernel.c.o
                0x0000000020000008                tpl_user_task_lock
                0x000000002000000c                tpl_cpt_user_task_lock_OS
                0x0000000020000010                tpl_cpt_user_task_lock_All
                0x0000000020000014                tpl_cpt_os_task_lock
                0x0000000020000018                tpl_locking_depth
 .osVar         0x000000002000001c      0x103 build/lab1/tpl_app_config.c.o
                0x000000002000001c                SystemCounter_counter_desc
                0x0000000020000038                tpl_time_counter
                0x000000002000003c                tpl_kern
                0x0000000020000058                task3_task_desc
                0x0000000020000060                task3_int_context
                0x0000000020000084                task1_task_desc
                0x000000002000008c                task1_int_context
                0x00000000200000b0                task2_task_desc
                0x00000000200000b8                task2_int_context
                0x00000000200000dc                IDLE_TASK_task_desc
                0x00000000200000e4                IDLE_TASK_int_context
                0x0000000020000108                res_sched_rez_desc
                0x0000000020000110                tpl_tail_for_prio
                0x0000000020000115                tpl_ready_list
 *(.Task_task2_SEC_VAR_POWER_ON_INIT_32BIT)
 *(.Task_task2_SEC_VAR_POWER_ON_INIT_16BIT)
 *(.Task_task2_SEC_VAR_POWER_ON_INIT_8BIT)
 *(.Task_task2_SEC_VAR_POWER_ON_INIT_BOOLEAN)
 *(.Task_task2_SEC_VAR_POWER_ON_INIT_UNSPECIFIED)
 *(.Task_task1_SEC_VAR_POWER_ON_INIT_32BIT)
 *(.Task_task1_SEC_VAR_POWER_ON_INIT_16BIT)
 *(.Task_task1_SEC_VAR_POWER_ON_INIT_8BIT)
 *(.Task_task1_SEC_VAR_POWER_ON_INIT_BOOLEAN)
 *(.Task_task1_SEC_VAR_POWER_ON_INIT_UNSPECIFIED)
 *(.Task_task3_SEC_VAR_POWER_ON_INIT_32BIT)
 *(.Task_task3_SEC_VAR_POWER_ON_INIT_16BIT)
 *(.Task_task3_SEC_VAR_POWER_ON_INIT_8BIT)
 *(.Task_task3_SEC_VAR_POWER_ON_INIT_BOOLEAN)
 *(.Task_task3_SEC_VAR_POWER_ON_INIT_UNSPECIFIED)
                0x0000000020000120                . = ALIGN (0x4)
 *fill*         0x000000002000011f        0x1 
                0x0000000020000120                _edata = .

.igot.plt       0x0000000020000120        0x0 load address 0x00000000080045fc
 .igot.plt      0x0000000020000120        0x0 build/os/tpl_os_kernel.c.o

.Task_IDLE_TASKStack
                0x0000000020000120      0x12c load address 0x00000000080045fc
 .Task_IDLE_TASKStack
                0x0000000020000120      0x12c build/lab1/tpl_app_config.c.o
                0x0000000020000120                IDLE_TASK_stack_zone

.Task_task2_SEC_VAR
                0x000000002000024c       0x14 load address 0x0000000008004728
                0x0000000020000260                . = ALIGN (__SEG_ALIGN_Task_task2_VAR_RGN)
 *fill*         0x000000002000024c       0x14 
                0x0000000020000260                __SEG_START_Task_task2_VAR_RGN = .
 *(.Task_task2_SEC_VAR_NOINIT_32BIT)
 *(.Task_task2_SEC_VAR_FAST_32BIT)
 *(.Task_task2_SEC_VAR_32BIT)
 *(.Task_task2_SEC_VAR_NOINIT_16BIT)
 *(.Task_task2_SEC_VAR_FAST_16BIT)
 *(.Task_task2_SEC_VAR_16BIT)
 *(.Task_task2_SEC_VAR_NOINIT_8BIT)
 *(.Task_task2_SEC_VAR_FAST_8BIT)
 *(.Task_task2_SEC_VAR_8BIT)
 *(.Task_task2_SEC_VAR_NOINIT_BOOLEAN)
 *(.Task_task2_SEC_VAR_FAST_BOOLEAN)
 *(.Task_task2_SEC_VAR_BOOLEAN)
 *(.Task_task2_SEC_VAR_NOINIT_UNSPECIFIED)
 *(.Task_task2_SEC_VAR_FAST_UNSPECIFIED)
 *(.Task_task2_SEC_VAR_UNSPECIFIED)
                0x0000000020000260                __SEG_END_Task_task2_VAR_RGN = .
                0x000000002000026c                __SEG_SIZE_Task_task2_VAR_RGN = ((__SEG_END_Task_task2_VAR_RGN - __SEG_START_Task_task2_VAR_RGN) < 0x1000)?0x1000:__SEG_SIZE_Task_task2_VAR_RGN
                0x000000002000026c                __SEG_SIZE_Task_task2_VAR_RGN = ((__SEG_END_Task_task2_VAR_RGN - __SEG_START_Task_task2_VAR_RGN) < 0x400)?0x400:__SEG_SIZE_Task_task2_VAR_RGN
                0x000000002000026c                __SEG_SIZE_Task_task2_VAR_RGN = ((__SEG_END_Task_task2_VAR_RGN - __SEG_START_Task_task2_VAR_RGN) < 0x200)?0x200:__SEG_SIZE_Task_task2_VAR_RGN
                0x000000002000026c                __SEG_SIZE_Task_task2_VAR_RGN = ((__SEG_END_Task_task2_VAR_RGN - __SEG_START_Task_task2_VAR_RGN) < 0x100)?0x100:__SEG_SIZE_Task_task2_VAR_RGN
                0x000000002000026c                __SEG_SIZE_Task_task2_VAR_RGN = ((__SEG_END_Task_task2_VAR_RGN - __SEG_START_Task_task2_VAR_RGN) < 0x80)?0x80:__SEG_SIZE_Task_task2_VAR_RGN
                0x000000002000026c                __SEG_SIZE_Task_task2_VAR_RGN = ((__SEG_END_Task_task2_VAR_RGN - __SEG_START_Task_task2_VAR_RGN) < 0x40)?0x40:__SEG_SIZE_Task_task2_VAR_RGN
                0x000000002000026c                __SEG_SIZE_Task_task2_VAR_RGN = ((__SEG_END_Task_task2_VAR_RGN - __SEG_START_Task_task2_VAR_RGN) < 0x20)?0x20:__SEG_SIZE_Task_task2_VAR_RGN
                0x000000002000026c                __SEG_ALIGN_Task_task2_VAR_RGN = __SEG_SIZE_Task_task2_VAR_RGN

.Task_task1_SEC_VAR
                0x0000000020000260        0x0
                0x0000000020000260                . = ALIGN (__SEG_ALIGN_Task_task1_VAR_RGN)
                0x0000000020000260                __SEG_START_Task_task1_VAR_RGN = .
 *(.Task_task1_SEC_VAR_NOINIT_32BIT)
 *(.Task_task1_SEC_VAR_FAST_32BIT)
 *(.Task_task1_SEC_VAR_32BIT)
 *(.Task_task1_SEC_VAR_NOINIT_16BIT)
 *(.Task_task1_SEC_VAR_FAST_16BIT)
 *(.Task_task1_SEC_VAR_16BIT)
 *(.Task_task1_SEC_VAR_NOINIT_8BIT)
 *(.Task_task1_SEC_VAR_FAST_8BIT)
 *(.Task_task1_SEC_VAR_8BIT)
 *(.Task_task1_SEC_VAR_NOINIT_BOOLEAN)
 *(.Task_task1_SEC_VAR_FAST_BOOLEAN)
 *(.Task_task1_SEC_VAR_BOOLEAN)
 *(.Task_task1_SEC_VAR_NOINIT_UNSPECIFIED)
 *(.Task_task1_SEC_VAR_FAST_UNSPECIFIED)
 *(.Task_task1_SEC_VAR_UNSPECIFIED)
                0x0000000020000260                __SEG_END_Task_task1_VAR_RGN = .
                0x0000000020000280                __SEG_SIZE_Task_task1_VAR_RGN = ((__SEG_END_Task_task1_VAR_RGN - __SEG_START_Task_task1_VAR_RGN) < 0x1000)?0x1000:__SEG_SIZE_Task_task1_VAR_RGN
                0x0000000020000280                __SEG_SIZE_Task_task1_VAR_RGN = ((__SEG_END_Task_task1_VAR_RGN - __SEG_START_Task_task1_VAR_RGN) < 0x400)?0x400:__SEG_SIZE_Task_task1_VAR_RGN
                0x0000000020000280                __SEG_SIZE_Task_task1_VAR_RGN = ((__SEG_END_Task_task1_VAR_RGN - __SEG_START_Task_task1_VAR_RGN) < 0x200)?0x200:__SEG_SIZE_Task_task1_VAR_RGN
                0x0000000020000280                __SEG_SIZE_Task_task1_VAR_RGN = ((__SEG_END_Task_task1_VAR_RGN - __SEG_START_Task_task1_VAR_RGN) < 0x100)?0x100:__SEG_SIZE_Task_task1_VAR_RGN
                0x0000000020000280                __SEG_SIZE_Task_task1_VAR_RGN = ((__SEG_END_Task_task1_VAR_RGN - __SEG_START_Task_task1_VAR_RGN) < 0x80)?0x80:__SEG_SIZE_Task_task1_VAR_RGN
                0x0000000020000280                __SEG_SIZE_Task_task1_VAR_RGN = ((__SEG_END_Task_task1_VAR_RGN - __SEG_START_Task_task1_VAR_RGN) < 0x40)?0x40:__SEG_SIZE_Task_task1_VAR_RGN
                0x0000000020000280                __SEG_SIZE_Task_task1_VAR_RGN = ((__SEG_END_Task_task1_VAR_RGN - __SEG_START_Task_task1_VAR_RGN) < 0x20)?0x20:__SEG_SIZE_Task_task1_VAR_RGN
                0x0000000020000280                __SEG_ALIGN_Task_task1_VAR_RGN = __SEG_SIZE_Task_task1_VAR_RGN

.Task_task3_SEC_VAR
                0x0000000020000260        0x0
                0x0000000020000260                . = ALIGN (__SEG_ALIGN_Task_task3_VAR_RGN)
                0x0000000020000260                __SEG_START_Task_task3_VAR_RGN = .
 *(.Task_task3_SEC_VAR_NOINIT_32BIT)
 *(.Task_task3_SEC_VAR_FAST_32BIT)
 *(.Task_task3_SEC_VAR_32BIT)
 *(.Task_task3_SEC_VAR_NOINIT_16BIT)
 *(.Task_task3_SEC_VAR_FAST_16BIT)
 *(.Task_task3_SEC_VAR_16BIT)
 *(.Task_task3_SEC_VAR_NOINIT_8BIT)
 *(.Task_task3_SEC_VAR_FAST_8BIT)
 *(.Task_task3_SEC_VAR_8BIT)
 *(.Task_task3_SEC_VAR_NOINIT_BOOLEAN)
 *(.Task_task3_SEC_VAR_FAST_BOOLEAN)
 *(.Task_task3_SEC_VAR_BOOLEAN)
 *(.Task_task3_SEC_VAR_NOINIT_UNSPECIFIED)
 *(.Task_task3_SEC_VAR_FAST_UNSPECIFIED)
 *(.Task_task3_SEC_VAR_UNSPECIFIED)
                0x0000000020000260                __SEG_END_Task_task3_VAR_RGN = .
                0x0000000020000280                __SEG_SIZE_Task_task3_VAR_RGN = ((__SEG_END_Task_task3_VAR_RGN - __SEG_START_Task_task3_VAR_RGN) < 0x1000)?0x1000:__SEG_SIZE_Task_task3_VAR_RGN
                0x0000000020000280                __SEG_SIZE_Task_task3_VAR_RGN = ((__SEG_END_Task_task3_VAR_RGN - __SEG_START_Task_task3_VAR_RGN) < 0x400)?0x400:__SEG_SIZE_Task_task3_VAR_RGN
                0x0000000020000280                __SEG_SIZE_Task_task3_VAR_RGN = ((__SEG_END_Task_task3_VAR_RGN - __SEG_START_Task_task3_VAR_RGN) < 0x200)?0x200:__SEG_SIZE_Task_task3_VAR_RGN
                0x0000000020000280                __SEG_SIZE_Task_task3_VAR_RGN = ((__SEG_END_Task_task3_VAR_RGN - __SEG_START_Task_task3_VAR_RGN) < 0x100)?0x100:__SEG_SIZE_Task_task3_VAR_RGN
                0x0000000020000280                __SEG_SIZE_Task_task3_VAR_RGN = ((__SEG_END_Task_task3_VAR_RGN - __SEG_START_Task_task3_VAR_RGN) < 0x80)?0x80:__SEG_SIZE_Task_task3_VAR_RGN
                0x0000000020000280                __SEG_SIZE_Task_task3_VAR_RGN = ((__SEG_END_Task_task3_VAR_RGN - __SEG_START_Task_task3_VAR_RGN) < 0x40)?0x40:__SEG_SIZE_Task_task3_VAR_RGN
                0x0000000020000280                __SEG_SIZE_Task_task3_VAR_RGN = ((__SEG_END_Task_task3_VAR_RGN - __SEG_START_Task_task3_VAR_RGN) < 0x20)?0x20:__SEG_SIZE_Task_task3_VAR_RGN
                0x0000000020000280                __SEG_ALIGN_Task_task3_VAR_RGN = __SEG_SIZE_Task_task3_VAR_RGN

.Task_task2_SEC_STACK
                0x0000000020000260      0x2cc load address 0x000000000800473c
                0x0000000020000400                . = ALIGN (__SEG_ALIGN_Task_task2_STACK_RGN)
 *fill*         0x0000000020000260      0x1a0 
                0x0000000020000400                __SEG_START_Task_task2_STACK_RGN = .
 *(.Task_task2Stack)
 .Task_task2Stack
                0x0000000020000400      0x12c build/lab1/tpl_app_config.c.o
                0x0000000020000400                task2_stack_zone
                0x000000002000052c                . = ALIGN (0x4)
                0x000000002000052c                __SEG_END_Task_task2_STACK_RGN = .
                0x0000000020000460                __SEG_SIZE_Task_task2_STACK_RGN = ((__SEG_END_Task_task2_STACK_RGN - __SEG_START_Task_task2_STACK_RGN) < 0x1000)?0x1000:__SEG_SIZE_Task_task2_STACK_RGN
                0x0000000020000460                __SEG_SIZE_Task_task2_STACK_RGN = ((__SEG_END_Task_task2_STACK_RGN - __SEG_START_Task_task2_STACK_RGN) < 0x400)?0x400:__SEG_SIZE_Task_task2_STACK_RGN
                0x0000000020000460                __SEG_SIZE_Task_task2_STACK_RGN = ((__SEG_END_Task_task2_STACK_RGN - __SEG_START_Task_task2_STACK_RGN) < 0x200)?0x200:__SEG_SIZE_Task_task2_STACK_RGN
                [0x0000000020000460]                __SEG_SIZE_Task_task2_STACK_RGN = ((__SEG_END_Task_task2_STACK_RGN - __SEG_START_Task_task2_STACK_RGN) < 0x100)?0x100:__SEG_SIZE_Task_task2_STACK_RGN
                [0x0000000020000460]                __SEG_SIZE_Task_task2_STACK_RGN = ((__SEG_END_Task_task2_STACK_RGN - __SEG_START_Task_task2_STACK_RGN) < 0x80)?0x80:__SEG_SIZE_Task_task2_STACK_RGN
                [0x0000000020000460]                __SEG_SIZE_Task_task2_STACK_RGN = ((__SEG_END_Task_task2_STACK_RGN - __SEG_START_Task_task2_STACK_RGN) < 0x40)?0x40:__SEG_SIZE_Task_task2_STACK_RGN
                [0x0000000020000460]                __SEG_SIZE_Task_task2_STACK_RGN = ((__SEG_END_Task_task2_STACK_RGN - __SEG_START_Task_task2_STACK_RGN) < 0x20)?0x20:__SEG_SIZE_Task_task2_STACK_RGN
                0x0000000020000460                __SEG_ALIGN_Task_task2_STACK_RGN = __SEG_SIZE_Task_task2_STACK_RGN

.Task_task1_SEC_STACK
                0x000000002000052c      0x200 load address 0x0000000008004a08
                0x0000000020000600                . = ALIGN (__SEG_ALIGN_Task_task1_STACK_RGN)
 *fill*         0x000000002000052c       0xd4 
                0x0000000020000600                __SEG_START_Task_task1_STACK_RGN = .
 *(.Task_task1Stack)
 .Task_task1Stack
                0x0000000020000600      0x12c build/lab1/tpl_app_config.c.o
                0x0000000020000600                task1_stack_zone
                0x000000002000072c                . = ALIGN (0x4)
                0x000000002000072c                __SEG_END_Task_task1_STACK_RGN = .
                0x000000002000072c                __SEG_SIZE_Task_task1_STACK_RGN = ((__SEG_END_Task_task1_STACK_RGN - __SEG_START_Task_task1_STACK_RGN) < 0x1000)?0x1000:__SEG_SIZE_Task_task1_STACK_RGN
                0x000000002000072c                __SEG_SIZE_Task_task1_STACK_RGN = ((__SEG_END_Task_task1_STACK_RGN - __SEG_START_Task_task1_STACK_RGN) < 0x400)?0x400:__SEG_SIZE_Task_task1_STACK_RGN
                0x000000002000072c                __SEG_SIZE_Task_task1_STACK_RGN = ((__SEG_END_Task_task1_STACK_RGN - __SEG_START_Task_task1_STACK_RGN) < 0x200)?0x200:__SEG_SIZE_Task_task1_STACK_RGN
                [0x000000002000072c]                __SEG_SIZE_Task_task1_STACK_RGN = ((__SEG_END_Task_task1_STACK_RGN - __SEG_START_Task_task1_STACK_RGN) < 0x100)?0x100:__SEG_SIZE_Task_task1_STACK_RGN
                [0x000000002000072c]                __SEG_SIZE_Task_task1_STACK_RGN = ((__SEG_END_Task_task1_STACK_RGN - __SEG_START_Task_task1_STACK_RGN) < 0x80)?0x80:__SEG_SIZE_Task_task1_STACK_RGN
                [0x000000002000072c]                __SEG_SIZE_Task_task1_STACK_RGN = ((__SEG_END_Task_task1_STACK_RGN - __SEG_START_Task_task1_STACK_RGN) < 0x40)?0x40:__SEG_SIZE_Task_task1_STACK_RGN
                [0x000000002000072c]                __SEG_SIZE_Task_task1_STACK_RGN = ((__SEG_END_Task_task1_STACK_RGN - __SEG_START_Task_task1_STACK_RGN) < 0x20)?0x20:__SEG_SIZE_Task_task1_STACK_RGN
                0x000000002000072c                __SEG_ALIGN_Task_task1_STACK_RGN = __SEG_SIZE_Task_task1_STACK_RGN

.Task_task3_SEC_STACK
                0x000000002000072c      0x200 load address 0x0000000008004c08
                0x0000000020000800                . = ALIGN (__SEG_ALIGN_Task_task3_STACK_RGN)
 *fill*         0x000000002000072c       0xd4 
                0x0000000020000800                __SEG_START_Task_task3_STACK_RGN = .
 *(.Task_task3Stack)
 .Task_task3Stack
                0x0000000020000800      0x12c build/lab1/tpl_app_config.c.o
                0x0000000020000800                task3_stack_zone
                0x000000002000092c                . = ALIGN (0x4)
                0x000000002000092c                __SEG_END_Task_task3_STACK_RGN = .
                0x000000002000092c                __SEG_SIZE_Task_task3_STACK_RGN = ((__SEG_END_Task_task3_STACK_RGN - __SEG_START_Task_task3_STACK_RGN) < 0x1000)?0x1000:__SEG_SIZE_Task_task3_STACK_RGN
                0x000000002000092c                __SEG_SIZE_Task_task3_STACK_RGN = ((__SEG_END_Task_task3_STACK_RGN - __SEG_START_Task_task3_STACK_RGN) < 0x400)?0x400:__SEG_SIZE_Task_task3_STACK_RGN
                0x000000002000092c                __SEG_SIZE_Task_task3_STACK_RGN = ((__SEG_END_Task_task3_STACK_RGN - __SEG_START_Task_task3_STACK_RGN) < 0x200)?0x200:__SEG_SIZE_Task_task3_STACK_RGN
                [0x000000002000092c]                __SEG_SIZE_Task_task3_STACK_RGN = ((__SEG_END_Task_task3_STACK_RGN - __SEG_START_Task_task3_STACK_RGN) < 0x100)?0x100:__SEG_SIZE_Task_task3_STACK_RGN
                [0x000000002000092c]                __SEG_SIZE_Task_task3_STACK_RGN = ((__SEG_END_Task_task3_STACK_RGN - __SEG_START_Task_task3_STACK_RGN) < 0x80)?0x80:__SEG_SIZE_Task_task3_STACK_RGN
                [0x000000002000092c]                __SEG_SIZE_Task_task3_STACK_RGN = ((__SEG_END_Task_task3_STACK_RGN - __SEG_START_Task_task3_STACK_RGN) < 0x40)?0x40:__SEG_SIZE_Task_task3_STACK_RGN
                [0x000000002000092c]                __SEG_SIZE_Task_task3_STACK_RGN = ((__SEG_END_Task_task3_STACK_RGN - __SEG_START_Task_task3_STACK_RGN) < 0x20)?0x20:__SEG_SIZE_Task_task3_STACK_RGN
                0x000000002000092c                __SEG_ALIGN_Task_task3_STACK_RGN = __SEG_SIZE_Task_task3_STACK_RGN

appvars
                0x000000002000092c                . = ALIGN (0x4)

.bss            0x000000002000092c       0x84 load address 0x0000000008004e08
                0x000000002000092c                _sbss = .
                0x000000002000092c                __bss_start__ = _sbss
 *(.bss)
 *(.bss*)
 .bss.ioExt     0x000000002000092c       0x54 build/machines/cortex/armv7em/stm32f303/coroLabBoard/mcp23s17.cpp.o
                0x000000002000092c                ioExt
 .bss.Tft       0x0000000020000980       0x30 build/machines/cortex/armv7em/stm32f303/coroLabBoard/tft/tft.cpp.o
                0x0000000020000980                Tft
 *(COMMON)
                0x00000000200009b0                . = ALIGN (0x4)
                0x00000000200009b0                _ebss = .
                0x00000000200009b0                __bss_end__ = _ebss

._user_heap_stack
                0x00000000200009b0      0x400 load address 0x0000000008004e8c
                0x00000000200009b0                . = ALIGN (0x4)
                0x00000000200009b0                __heap_start__ = .
                [!provide]                        PROVIDE (end = .)
                [!provide]                        PROVIDE (_end = .)
                0x00000000200009b0                . = (. + _Min_Heap_Size)
                0x0000000020000db0                . = (. + _Min_Stack_Size)
 *fill*         0x00000000200009b0      0x400 
                0x0000000020000db0                . = ALIGN (0x4)

.memory_b1_text
 *(.mb1text)
 *(.mb1text*)
 *(.mb1rodata)
 *(.mb1rodata*)

/DISCARD/
 libc.a(*)
 libm.a(*)
 libgcc.a(*)

.ARM.attributes
                0x0000000000000000       0x30
 *(.ARM.attributes)
 .ARM.attributes
                0x0000000000000000       0x2e build/os/tpl_os_kernel.c.o
 .ARM.attributes
                0x000000000000002e       0x2e build/os/tpl_os_timeobj_kernel.c.o
 .ARM.attributes
                0x000000000000005c       0x2e build/os/tpl_os_os_kernel.c.o
 .ARM.attributes
                0x000000000000008a       0x2e build/os/tpl_os_os.c.o
 .ARM.attributes
                0x00000000000000b8       0x2e build/os/tpl_os_interrupt_kernel.c.o
 .ARM.attributes
                0x00000000000000e6       0x2e build/os/tpl_os_task_kernel.c.o
 .ARM.attributes
                0x0000000000000114       0x2e build/os/tpl_os_resource_kernel.c.o
 .ARM.attributes
                0x0000000000000142       0x2e build/lab1/tpl_app_config.c.o
 .ARM.attributes
                0x0000000000000170       0x37 build/lab1/tpl_dispatch_table.c.o
 .ARM.attributes
                0x00000000000001a7       0x20 build/lab1/tpl_invoque.S.o
 .ARM.attributes
                0x00000000000001c7       0x20 build/lab1/tpl_primary_irq.S.o
 .ARM.attributes
                0x00000000000001e7       0x37 build/lab1/tpl_vectors.c.o
 .ARM.attributes
                0x000000000000021e       0x2e build/lab1/tpl_external_interrupts.c.o
 .ARM.attributes
                0x000000000000024c       0x2e build/lab1/tpl_app_interrupts.c.o
 .ARM.attributes
                0x000000000000027a       0x2e build/machines/cortex/tpl_machine_cortex.c.o
 .ARM.attributes
                0x00000000000002a8       0x20 build/machines/cortex/tpl_sc_handler.S.o
 .ARM.attributes
                0x00000000000002c8       0x20 build/machines/cortex/tpl_startup.S.o
 .ARM.attributes
                0x00000000000002e8       0x20 build/machines/cortex/armv7em/tpl_ctx_switch.S.o
 .ARM.attributes
                0x0000000000000308       0x20 build/machines/cortex/armv7em/tpl_ctx_switch_under_it.S.o
 .ARM.attributes
                0x0000000000000328       0x20 build/machines/cortex/armv7em/tpl_interrupts.S.o
 .ARM.attributes
                0x0000000000000348       0x2e build/machines/cortex/armv7em/stm32f303/handlers_stm32f3xx.c.o
 .ARM.attributes
                0x0000000000000376       0x2e build/machines/cortex/armv7em/stm32f303/startup_stm32f3xx.c.o
 .ARM.attributes
                0x00000000000003a4       0x2e build/machines/cortex/armv7em/stm32f303/system_stm32f30x.c.o
 .ARM.attributes
                0x00000000000003d2       0x2e build/machines/cortex/armv7em/stm32f303/tpl_machine_stm32f303.c.o
 .ARM.attributes
                0x0000000000000400       0x2e build/machines/cortex/armv7em/stm32f303/lib/pinAccess.c.o
 .ARM.attributes
                0x000000000000042e       0x2e build/machines/cortex/armv7em/stm32f303/coroLabBoard/spi.c.o
 .ARM.attributes
                0x000000000000045c       0x2e build/lab1.cpp.o
 .ARM.attributes
                0x000000000000048a       0x2e build/machines/cortex/armv7em/stm32f303/coroLabBoard/mcp23s17.cpp.o
 .ARM.attributes
                0x00000000000004b8       0x2e build/machines/cortex/armv7em/stm32f303/coroLabBoard/coroBoard.cpp.o
 .ARM.attributes
                0x00000000000004e6       0x2e build/machines/cortex/armv7em/stm32f303/coroLabBoard/tft/arduinoCore/Print.cpp.o
 .ARM.attributes
                0x0000000000000514       0x2e build/machines/cortex/armv7em/stm32f303/coroLabBoard/tft/tft.cpp.o
 .ARM.attributes
                0x0000000000000542       0x2e build/machines/cortex/armv7em/stm32f303/coroLabBoard/tft/Adafruit-ST7735-Library/Adafruit_ST7735.cpp.o
 .ARM.attributes
                0x0000000000000570       0x2e build/machines/cortex/armv7em/stm32f303/coroLabBoard/tft/Adafruit-ST7735-Library/Adafruit_ST77xx.cpp.o
 .ARM.attributes
                0x000000000000059e       0x2e build/machines/cortex/armv7em/stm32f303/coroLabBoard/tft/Adafruit-GFX-Library/Adafruit_GFX.cpp.o
 .ARM.attributes
                0x00000000000005cc       0x2e build/machines/cortex/armv7em/stm32f303/coroLabBoard/tft/Adafruit-GFX-Library/Adafruit_SPITFT.cpp.o
LOAD /opt/gcc-arm-none-eabi-10.3-2021.07/bin/../lib/gcc/arm-none-eabi/10.3.1/../../../../arm-none-eabi/lib/thumb/v7e-m/nofp/libc.a
LOAD /opt/gcc-arm-none-eabi-10.3-2021.07/bin/../lib/gcc/arm-none-eabi/10.3.1/thumb/v7e-m/nofp/libgcc.a
OUTPUT(lab1.elf elf32-littlearm)
LOAD linker stubs
LOAD /opt/gcc-arm-none-eabi-10.3-2021.07/bin/../lib/gcc/arm-none-eabi/10.3.1/../../../../arm-none-eabi/lib/thumb/v7e-m/nofp/libc.a
LOAD /opt/gcc-arm-none-eabi-10.3-2021.07/bin/../lib/gcc/arm-none-eabi/10.3.1/../../../../arm-none-eabi/lib/thumb/v7e-m/nofp/libm.a
LOAD /opt/gcc-arm-none-eabi-10.3-2021.07/bin/../lib/gcc/arm-none-eabi/10.3.1/thumb/v7e-m/nofp/libgcc.a

.debug_info     0x0000000000000000    0x14616
 .debug_info    0x0000000000000000      0xdc2 build/os/tpl_os_kernel.c.o
 .debug_info    0x0000000000000dc2      0x475 build/os/tpl_os_timeobj_kernel.c.o
 .debug_info    0x0000000000001237      0x21f build/os/tpl_os_os_kernel.c.o
 .debug_info    0x0000000000001456      0x100 build/os/tpl_os_os.c.o
 .debug_info    0x0000000000001556      0x5c6 build/os/tpl_os_interrupt_kernel.c.o
 .debug_info    0x0000000000001b1c      0x6e3 build/os/tpl_os_task_kernel.c.o
 .debug_info    0x00000000000021ff      0x611 build/os/tpl_os_resource_kernel.c.o
 .debug_info    0x0000000000002810      0xa26 build/lab1/tpl_app_config.c.o
 .debug_info    0x0000000000003236       0xab build/lab1/tpl_dispatch_table.c.o
 .debug_info    0x00000000000032e1       0x26 build/lab1/tpl_invoque.S.o
 .debug_info    0x0000000000003307       0x26 build/lab1/tpl_primary_irq.S.o
 .debug_info    0x000000000000332d       0xc0 build/lab1/tpl_vectors.c.o
 .debug_info    0x00000000000033ed      0x168 build/lab1/tpl_external_interrupts.c.o
 .debug_info    0x0000000000003555       0x94 build/lab1/tpl_app_interrupts.c.o
 .debug_info    0x00000000000035e9      0x9e1 build/machines/cortex/tpl_machine_cortex.c.o
 .debug_info    0x0000000000003fca       0x26 build/machines/cortex/tpl_sc_handler.S.o
 .debug_info    0x0000000000003ff0       0x26 build/machines/cortex/tpl_startup.S.o
 .debug_info    0x0000000000004016       0x26 build/machines/cortex/armv7em/tpl_ctx_switch.S.o
 .debug_info    0x000000000000403c       0x26 build/machines/cortex/armv7em/tpl_ctx_switch_under_it.S.o
 .debug_info    0x0000000000004062       0x26 build/machines/cortex/armv7em/tpl_interrupts.S.o
 .debug_info    0x0000000000004088      0x375 build/machines/cortex/armv7em/stm32f303/handlers_stm32f3xx.c.o
 .debug_info    0x00000000000043fd      0x39b build/machines/cortex/armv7em/stm32f303/startup_stm32f3xx.c.o
 .debug_info    0x0000000000004798      0x301 build/machines/cortex/armv7em/stm32f303/system_stm32f30x.c.o
 .debug_info    0x0000000000004a99      0x60c build/machines/cortex/armv7em/stm32f303/tpl_machine_stm32f303.c.o
 .debug_info    0x00000000000050a5      0x4cf build/machines/cortex/armv7em/stm32f303/lib/pinAccess.c.o
 .debug_info    0x0000000000005574      0x381 build/machines/cortex/armv7em/stm32f303/coroLabBoard/spi.c.o
 .debug_info    0x00000000000058f5      0xe70 build/lab1.cpp.o
 .debug_info    0x0000000000006765      0xc09 build/machines/cortex/armv7em/stm32f303/coroLabBoard/mcp23s17.cpp.o
 .debug_info    0x000000000000736e     0x1174 build/machines/cortex/armv7em/stm32f303/coroLabBoard/coroBoard.cpp.o
 .debug_info    0x00000000000084e2     0x3f35 build/machines/cortex/armv7em/stm32f303/coroLabBoard/tft/arduinoCore/Print.cpp.o
 .debug_info    0x000000000000c417      0xe9f build/machines/cortex/armv7em/stm32f303/coroLabBoard/tft/tft.cpp.o
 .debug_info    0x000000000000d2b6      0xb94 build/machines/cortex/armv7em/stm32f303/coroLabBoard/tft/Adafruit-ST7735-Library/Adafruit_ST7735.cpp.o
 .debug_info    0x000000000000de4a      0xe43 build/machines/cortex/armv7em/stm32f303/coroLabBoard/tft/Adafruit-ST7735-Library/Adafruit_ST77xx.cpp.o
 .debug_info    0x000000000000ec8d     0x428d build/machines/cortex/armv7em/stm32f303/coroLabBoard/tft/Adafruit-GFX-Library/Adafruit_GFX.cpp.o
 .debug_info    0x0000000000012f1a     0x16fc build/machines/cortex/armv7em/stm32f303/coroLabBoard/tft/Adafruit-GFX-Library/Adafruit_SPITFT.cpp.o

.debug_abbrev   0x0000000000000000     0x3d03
 .debug_abbrev  0x0000000000000000      0x2bc build/os/tpl_os_kernel.c.o
 .debug_abbrev  0x00000000000002bc      0x1c4 build/os/tpl_os_timeobj_kernel.c.o
 .debug_abbrev  0x0000000000000480      0x171 build/os/tpl_os_os_kernel.c.o
 .debug_abbrev  0x00000000000005f1       0xaf build/os/tpl_os_os.c.o
 .debug_abbrev  0x00000000000006a0      0x1ae build/os/tpl_os_interrupt_kernel.c.o
 .debug_abbrev  0x000000000000084e      0x1c9 build/os/tpl_os_task_kernel.c.o
 .debug_abbrev  0x0000000000000a17      0x1b0 build/os/tpl_os_resource_kernel.c.o
 .debug_abbrev  0x0000000000000bc7      0x20d build/lab1/tpl_app_config.c.o
 .debug_abbrev  0x0000000000000dd4       0x80 build/lab1/tpl_dispatch_table.c.o
 .debug_abbrev  0x0000000000000e54       0x14 build/lab1/tpl_invoque.S.o
 .debug_abbrev  0x0000000000000e68       0x14 build/lab1/tpl_primary_irq.S.o
 .debug_abbrev  0x0000000000000e7c       0x92 build/lab1/tpl_vectors.c.o
 .debug_abbrev  0x0000000000000f0e       0x98 build/lab1/tpl_external_interrupts.c.o
 .debug_abbrev  0x0000000000000fa6       0x5e build/lab1/tpl_app_interrupts.c.o
 .debug_abbrev  0x0000000000001004      0x30e build/machines/cortex/tpl_machine_cortex.c.o
 .debug_abbrev  0x0000000000001312       0x14 build/machines/cortex/tpl_sc_handler.S.o
 .debug_abbrev  0x0000000000001326       0x14 build/machines/cortex/tpl_startup.S.o
 .debug_abbrev  0x000000000000133a       0x14 build/machines/cortex/armv7em/tpl_ctx_switch.S.o
 .debug_abbrev  0x000000000000134e       0x14 build/machines/cortex/armv7em/tpl_ctx_switch_under_it.S.o
 .debug_abbrev  0x0000000000001362       0x14 build/machines/cortex/armv7em/tpl_interrupts.S.o
 .debug_abbrev  0x0000000000001376       0xe3 build/machines/cortex/armv7em/stm32f303/handlers_stm32f3xx.c.o
 .debug_abbrev  0x0000000000001459      0x1c2 build/machines/cortex/armv7em/stm32f303/startup_stm32f3xx.c.o
 .debug_abbrev  0x000000000000161b      0x127 build/machines/cortex/armv7em/stm32f303/system_stm32f30x.c.o
 .debug_abbrev  0x0000000000001742      0x189 build/machines/cortex/armv7em/stm32f303/tpl_machine_stm32f303.c.o
 .debug_abbrev  0x00000000000018cb      0x1a6 build/machines/cortex/armv7em/stm32f303/lib/pinAccess.c.o
 .debug_abbrev  0x0000000000001a71      0x15d build/machines/cortex/armv7em/stm32f303/coroLabBoard/spi.c.o
 .debug_abbrev  0x0000000000001bce      0x356 build/lab1.cpp.o
 .debug_abbrev  0x0000000000001f24      0x2fa build/machines/cortex/armv7em/stm32f303/coroLabBoard/mcp23s17.cpp.o
 .debug_abbrev  0x000000000000221e      0x3eb build/machines/cortex/armv7em/stm32f303/coroLabBoard/coroBoard.cpp.o
 .debug_abbrev  0x0000000000002609      0x3da build/machines/cortex/armv7em/stm32f303/coroLabBoard/tft/arduinoCore/Print.cpp.o
 .debug_abbrev  0x00000000000029e3      0x3e2 build/machines/cortex/armv7em/stm32f303/coroLabBoard/tft/tft.cpp.o
 .debug_abbrev  0x0000000000002dc5      0x2c7 build/machines/cortex/armv7em/stm32f303/coroLabBoard/tft/Adafruit-ST7735-Library/Adafruit_ST7735.cpp.o
 .debug_abbrev  0x000000000000308c      0x344 build/machines/cortex/armv7em/stm32f303/coroLabBoard/tft/Adafruit-ST7735-Library/Adafruit_ST77xx.cpp.o
 .debug_abbrev  0x00000000000033d0      0x504 build/machines/cortex/armv7em/stm32f303/coroLabBoard/tft/Adafruit-GFX-Library/Adafruit_GFX.cpp.o
 .debug_abbrev  0x00000000000038d4      0x42f build/machines/cortex/armv7em/stm32f303/coroLabBoard/tft/Adafruit-GFX-Library/Adafruit_SPITFT.cpp.o

.debug_loc      0x0000000000000000     0x14c3
 .debug_loc     0x0000000000000000      0x5b7 build/os/tpl_os_kernel.c.o
 .debug_loc     0x00000000000005b7      0x240 build/os/tpl_os_timeobj_kernel.c.o
 .debug_loc     0x00000000000007f7       0x79 build/os/tpl_os_os_kernel.c.o
 .debug_loc     0x0000000000000870       0x25 build/os/tpl_os_os.c.o
 .debug_loc     0x0000000000000895       0x2b build/os/tpl_os_interrupt_kernel.c.o
 .debug_loc     0x00000000000008c0      0x1bf build/os/tpl_os_task_kernel.c.o
 .debug_loc     0x0000000000000a7f      0x159 build/os/tpl_os_resource_kernel.c.o
 .debug_loc     0x0000000000000bd8      0x155 build/machines/cortex/tpl_machine_cortex.c.o
 .debug_loc     0x0000000000000d2d       0x84 build/machines/cortex/armv7em/stm32f303/handlers_stm32f3xx.c.o
 .debug_loc     0x0000000000000db1      0x18f build/machines/cortex/armv7em/stm32f303/startup_stm32f3xx.c.o
 .debug_loc     0x0000000000000f40       0xfe build/machines/cortex/armv7em/stm32f303/system_stm32f30x.c.o
 .debug_loc     0x000000000000103e       0xac build/machines/cortex/armv7em/stm32f303/tpl_machine_stm32f303.c.o
 .debug_loc     0x00000000000010ea      0x3a9 build/machines/cortex/armv7em/stm32f303/lib/pinAccess.c.o
 .debug_loc     0x0000000000001493       0x30 build/machines/cortex/armv7em/stm32f303/coroLabBoard/spi.c.o

.debug_aranges  0x0000000000000000      0xbf0
 .debug_aranges
                0x0000000000000000       0xd8 build/os/tpl_os_kernel.c.o
 .debug_aranges
                0x00000000000000d8       0x38 build/os/tpl_os_timeobj_kernel.c.o
 .debug_aranges
                0x0000000000000110       0x30 build/os/tpl_os_os_kernel.c.o
 .debug_aranges
                0x0000000000000140       0x20 build/os/tpl_os_os.c.o
 .debug_aranges
                0x0000000000000160       0x68 build/os/tpl_os_interrupt_kernel.c.o
 .debug_aranges
                0x00000000000001c8       0x48 build/os/tpl_os_task_kernel.c.o
 .debug_aranges
                0x0000000000000210       0x30 build/os/tpl_os_resource_kernel.c.o
 .debug_aranges
                0x0000000000000240       0x28 build/lab1/tpl_app_config.c.o
 .debug_aranges
                0x0000000000000268       0x18 build/lab1/tpl_dispatch_table.c.o
 .debug_aranges
                0x0000000000000280       0x20 build/lab1/tpl_invoque.S.o
 .debug_aranges
                0x00000000000002a0       0x20 build/lab1/tpl_primary_irq.S.o
 .debug_aranges
                0x00000000000002c0       0x18 build/lab1/tpl_vectors.c.o
 .debug_aranges
                0x00000000000002d8       0x20 build/lab1/tpl_external_interrupts.c.o
 .debug_aranges
                0x00000000000002f8       0x20 build/lab1/tpl_app_interrupts.c.o
 .debug_aranges
                0x0000000000000318       0x50 build/machines/cortex/tpl_machine_cortex.c.o
 .debug_aranges
                0x0000000000000368       0x20 build/machines/cortex/tpl_sc_handler.S.o
 .debug_aranges
                0x0000000000000388       0x20 build/machines/cortex/tpl_startup.S.o
 .debug_aranges
                0x00000000000003a8       0x20 build/machines/cortex/armv7em/tpl_ctx_switch.S.o
 .debug_aranges
                0x00000000000003c8       0x20 build/machines/cortex/armv7em/tpl_ctx_switch_under_it.S.o
 .debug_aranges
                0x00000000000003e8       0x20 build/machines/cortex/armv7em/tpl_interrupts.S.o
 .debug_aranges
                0x0000000000000408       0x58 build/machines/cortex/armv7em/stm32f303/handlers_stm32f3xx.c.o
 .debug_aranges
                0x0000000000000460       0x48 build/machines/cortex/armv7em/stm32f303/startup_stm32f3xx.c.o
 .debug_aranges
                0x00000000000004a8       0x28 build/machines/cortex/armv7em/stm32f303/system_stm32f30x.c.o
 .debug_aranges
                0x00000000000004d0       0x20 build/machines/cortex/armv7em/stm32f303/tpl_machine_stm32f303.c.o
 .debug_aranges
                0x00000000000004f0       0x50 build/machines/cortex/armv7em/stm32f303/lib/pinAccess.c.o
 .debug_aranges
                0x0000000000000540       0x40 build/machines/cortex/armv7em/stm32f303/coroLabBoard/spi.c.o
 .debug_aranges
                0x0000000000000580       0x38 build/lab1.cpp.o
 .debug_aranges
                0x00000000000005b8       0xb0 build/machines/cortex/armv7em/stm32f303/coroLabBoard/mcp23s17.cpp.o
 .debug_aranges
                0x0000000000000668       0x40 build/machines/cortex/armv7em/stm32f303/coroLabBoard/coroBoard.cpp.o
 .debug_aranges
                0x00000000000006a8      0x108 build/machines/cortex/armv7em/stm32f303/coroLabBoard/tft/arduinoCore/Print.cpp.o
 .debug_aranges
                0x00000000000007b0       0x68 build/machines/cortex/armv7em/stm32f303/coroLabBoard/tft/tft.cpp.o
 .debug_aranges
                0x0000000000000818       0x30 build/machines/cortex/armv7em/stm32f303/coroLabBoard/tft/Adafruit-ST7735-Library/Adafruit_ST7735.cpp.o
 .debug_aranges
                0x0000000000000848       0x50 build/machines/cortex/armv7em/stm32f303/coroLabBoard/tft/Adafruit-ST7735-Library/Adafruit_ST77xx.cpp.o
 .debug_aranges
                0x0000000000000898      0x290 build/machines/cortex/armv7em/stm32f303/coroLabBoard/tft/Adafruit-GFX-Library/Adafruit_GFX.cpp.o
 .debug_aranges
                0x0000000000000b28       0xc8 build/machines/cortex/armv7em/stm32f303/coroLabBoard/tft/Adafruit-GFX-Library/Adafruit_SPITFT.cpp.o

.debug_ranges   0x0000000000000000      0xa38
 .debug_ranges  0x0000000000000000       0xc8 build/os/tpl_os_kernel.c.o
 .debug_ranges  0x00000000000000c8       0x40 build/os/tpl_os_timeobj_kernel.c.o
 .debug_ranges  0x0000000000000108       0x20 build/os/tpl_os_os_kernel.c.o
 .debug_ranges  0x0000000000000128       0x10 build/os/tpl_os_os.c.o
 .debug_ranges  0x0000000000000138       0x58 build/os/tpl_os_interrupt_kernel.c.o
 .debug_ranges  0x0000000000000190       0x38 build/os/tpl_os_task_kernel.c.o
 .debug_ranges  0x00000000000001c8       0x38 build/os/tpl_os_resource_kernel.c.o
 .debug_ranges  0x0000000000000200       0x18 build/lab1/tpl_app_config.c.o
 .debug_ranges  0x0000000000000218       0x10 build/lab1/tpl_external_interrupts.c.o
 .debug_ranges  0x0000000000000228       0x10 build/lab1/tpl_app_interrupts.c.o
 .debug_ranges  0x0000000000000238       0x40 build/machines/cortex/tpl_machine_cortex.c.o
 .debug_ranges  0x0000000000000278       0x48 build/machines/cortex/armv7em/stm32f303/handlers_stm32f3xx.c.o
 .debug_ranges  0x00000000000002c0       0x70 build/machines/cortex/armv7em/stm32f303/startup_stm32f3xx.c.o
 .debug_ranges  0x0000000000000330       0x18 build/machines/cortex/armv7em/stm32f303/system_stm32f30x.c.o
 .debug_ranges  0x0000000000000348       0x40 build/machines/cortex/armv7em/stm32f303/tpl_machine_stm32f303.c.o
 .debug_ranges  0x0000000000000388       0x58 build/machines/cortex/armv7em/stm32f303/lib/pinAccess.c.o
 .debug_ranges  0x00000000000003e0       0x30 build/machines/cortex/armv7em/stm32f303/coroLabBoard/spi.c.o
 .debug_ranges  0x0000000000000410       0x28 build/lab1.cpp.o
 .debug_ranges  0x0000000000000438       0xa0 build/machines/cortex/armv7em/stm32f303/coroLabBoard/mcp23s17.cpp.o
 .debug_ranges  0x00000000000004d8       0x30 build/machines/cortex/armv7em/stm32f303/coroLabBoard/coroBoard.cpp.o
 .debug_ranges  0x0000000000000508       0xf8 build/machines/cortex/armv7em/stm32f303/coroLabBoard/tft/arduinoCore/Print.cpp.o
 .debug_ranges  0x0000000000000600       0x58 build/machines/cortex/armv7em/stm32f303/coroLabBoard/tft/tft.cpp.o
 .debug_ranges  0x0000000000000658       0x20 build/machines/cortex/armv7em/stm32f303/coroLabBoard/tft/Adafruit-ST7735-Library/Adafruit_ST7735.cpp.o
 .debug_ranges  0x0000000000000678       0x40 build/machines/cortex/armv7em/stm32f303/coroLabBoard/tft/Adafruit-ST7735-Library/Adafruit_ST77xx.cpp.o
 .debug_ranges  0x00000000000006b8      0x2c8 build/machines/cortex/armv7em/stm32f303/coroLabBoard/tft/Adafruit-GFX-Library/Adafruit_GFX.cpp.o
 .debug_ranges  0x0000000000000980       0xb8 build/machines/cortex/armv7em/stm32f303/coroLabBoard/tft/Adafruit-GFX-Library/Adafruit_SPITFT.cpp.o

.debug_line     0x0000000000000000     0x8653
 .debug_line    0x0000000000000000      0x7d5 build/os/tpl_os_kernel.c.o
 .debug_line    0x00000000000007d5      0x398 build/os/tpl_os_timeobj_kernel.c.o
 .debug_line    0x0000000000000b6d      0x16a build/os/tpl_os_os_kernel.c.o
 .debug_line    0x0000000000000cd7       0xfe build/os/tpl_os_os.c.o
 .debug_line    0x0000000000000dd5      0x256 build/os/tpl_os_interrupt_kernel.c.o
 .debug_line    0x000000000000102b      0x2e8 build/os/tpl_os_task_kernel.c.o
 .debug_line    0x0000000000001313      0x2ae build/os/tpl_os_resource_kernel.c.o
 .debug_line    0x00000000000015c1      0x191 build/lab1/tpl_app_config.c.o
 .debug_line    0x0000000000001752       0x65 build/lab1/tpl_dispatch_table.c.o
 .debug_line    0x00000000000017b7      0x120 build/lab1/tpl_invoque.S.o
 .debug_line    0x00000000000018d7       0x5b build/lab1/tpl_primary_irq.S.o
 .debug_line    0x0000000000001932       0x94 build/lab1/tpl_vectors.c.o
 .debug_line    0x00000000000019c6      0x16d build/lab1/tpl_external_interrupts.c.o
 .debug_line    0x0000000000001b33       0x4c build/lab1/tpl_app_interrupts.c.o
 .debug_line    0x0000000000001b7f      0x40f build/machines/cortex/tpl_machine_cortex.c.o
 .debug_line    0x0000000000001f8e       0x96 build/machines/cortex/tpl_sc_handler.S.o
 .debug_line    0x0000000000002024       0x64 build/machines/cortex/tpl_startup.S.o
 .debug_line    0x0000000000002088       0x86 build/machines/cortex/armv7em/tpl_ctx_switch.S.o
 .debug_line    0x000000000000210e       0x8b build/machines/cortex/armv7em/tpl_ctx_switch_under_it.S.o
 .debug_line    0x0000000000002199       0x7d build/machines/cortex/armv7em/tpl_interrupts.S.o
 .debug_line    0x0000000000002216      0x2f0 build/machines/cortex/armv7em/stm32f303/handlers_stm32f3xx.c.o
 .debug_line    0x0000000000002506      0x336 build/machines/cortex/armv7em/stm32f303/startup_stm32f3xx.c.o
 .debug_line    0x000000000000283c      0x2b9 build/machines/cortex/armv7em/stm32f303/system_stm32f30x.c.o
 .debug_line    0x0000000000002af5      0x28e build/machines/cortex/armv7em/stm32f303/tpl_machine_stm32f303.c.o
 .debug_line    0x0000000000002d83      0x505 build/machines/cortex/armv7em/stm32f303/lib/pinAccess.c.o
 .debug_line    0x0000000000003288      0x318 build/machines/cortex/armv7em/stm32f303/coroLabBoard/spi.c.o
 .debug_line    0x00000000000035a0      0x478 build/lab1.cpp.o
 .debug_line    0x0000000000003a18      0x48c build/machines/cortex/armv7em/stm32f303/coroLabBoard/mcp23s17.cpp.o
 .debug_line    0x0000000000003ea4      0x4ae build/machines/cortex/armv7em/stm32f303/coroLabBoard/coroBoard.cpp.o
 .debug_line    0x0000000000004352      0x859 build/machines/cortex/armv7em/stm32f303/coroLabBoard/tft/arduinoCore/Print.cpp.o
 .debug_line    0x0000000000004bab      0x61a build/machines/cortex/armv7em/stm32f303/coroLabBoard/tft/tft.cpp.o
 .debug_line    0x00000000000051c5      0x54b build/machines/cortex/armv7em/stm32f303/coroLabBoard/tft/Adafruit-ST7735-Library/Adafruit_ST7735.cpp.o
 .debug_line    0x0000000000005710      0x58c build/machines/cortex/armv7em/stm32f303/coroLabBoard/tft/Adafruit-ST7735-Library/Adafruit_ST77xx.cpp.o
 .debug_line    0x0000000000005c9c     0x2185 build/machines/cortex/armv7em/stm32f303/coroLabBoard/tft/Adafruit-GFX-Library/Adafruit_GFX.cpp.o
 .debug_line    0x0000000000007e21      0x832 build/machines/cortex/armv7em/stm32f303/coroLabBoard/tft/Adafruit-GFX-Library/Adafruit_SPITFT.cpp.o

.debug_str      0x0000000000000000     0x4f8b
 .debug_str     0x0000000000000000      0x78b build/os/tpl_os_kernel.c.o
                                        0x871 (size before relaxing)
 .debug_str     0x000000000000078b      0x1df build/os/tpl_os_timeobj_kernel.c.o
                                        0x39d (size before relaxing)
 .debug_str     0x000000000000096a       0x9d build/os/tpl_os_os_kernel.c.o
                                        0x2e4 (size before relaxing)
 .debug_str     0x0000000000000a07       0x51 build/os/tpl_os_os.c.o
                                        0x204 (size before relaxing)
 .debug_str     0x0000000000000a58      0x1d5 build/os/tpl_os_interrupt_kernel.c.o
                                        0x646 (size before relaxing)
 .debug_str     0x0000000000000c2d       0xa1 build/os/tpl_os_task_kernel.c.o
                                        0x5c3 (size before relaxing)
 .debug_str     0x0000000000000cce       0xaa build/os/tpl_os_resource_kernel.c.o
                                        0x57a (size before relaxing)
 .debug_str     0x0000000000000d78      0x226 build/lab1/tpl_app_config.c.o
                                        0x831 (size before relaxing)
 .debug_str     0x0000000000000f9e       0x3d build/lab1/tpl_dispatch_table.c.o
                                        0x1bb (size before relaxing)
 .debug_str     0x0000000000000fdb       0x21 build/lab1/tpl_invoque.S.o
                                         0x58 (size before relaxing)
 .debug_str     0x0000000000000ffc       0x17 build/lab1/tpl_primary_irq.S.o
                                         0x5c (size before relaxing)
 .debug_str     0x0000000000001013       0x39 build/lab1/tpl_vectors.c.o
                                        0x1b7 (size before relaxing)
 .debug_str     0x000000000000104c       0x8e build/lab1/tpl_external_interrupts.c.o
                                        0x221 (size before relaxing)
 .debug_str     0x00000000000010da       0x2f build/lab1/tpl_app_interrupts.c.o
                                        0x1e0 (size before relaxing)
 .debug_str     0x0000000000001109      0x4b1 build/machines/cortex/tpl_machine_cortex.c.o
                                        0x8d4 (size before relaxing)
 .debug_str     0x00000000000015ba       0x31 build/machines/cortex/tpl_sc_handler.S.o
                                         0x76 (size before relaxing)
 .debug_str     0x00000000000015eb       0x2e build/machines/cortex/tpl_startup.S.o
                                         0x73 (size before relaxing)
 .debug_str     0x0000000000001619       0x39 build/machines/cortex/armv7em/tpl_ctx_switch.S.o
                                         0x7e (size before relaxing)
 .debug_str     0x0000000000001652       0x42 build/machines/cortex/armv7em/tpl_ctx_switch_under_it.S.o
                                         0x87 (size before relaxing)
 .debug_str     0x0000000000001694       0x39 build/machines/cortex/armv7em/tpl_interrupts.S.o
                                         0x7e (size before relaxing)
 .debug_str     0x00000000000016cd      0x11f build/machines/cortex/armv7em/stm32f303/handlers_stm32f3xx.c.o
                                        0x328 (size before relaxing)
 .debug_str     0x00000000000017ec      0x1eb build/machines/cortex/armv7em/stm32f303/startup_stm32f3xx.c.o
                                        0x374 (size before relaxing)
 .debug_str     0x00000000000019d7       0xca build/machines/cortex/armv7em/stm32f303/system_stm32f30x.c.o