Archive member included to satisfy reference by file (symbol)

/opt/gcc-arm-none-eabi-10.3-2021.07/bin/../lib/gcc/arm-none-eabi/10.3.1/../../../../arm-none-eabi/lib/thumb/v7e-m/nofp/libc.a(lib_a-malloc.o)
                              build/machines/cortex/armv7em/stm32f303/coroLabBoard/tft/Adafruit-GFX-Library/Adafruit_GFX.cpp.o (malloc)
/opt/gcc-arm-none-eabi-10.3-2021.07/bin/../lib/gcc/arm-none-eabi/10.3.1/../../../../arm-none-eabi/lib/thumb/v7e-m/nofp/libc.a(lib_a-mallocr.o)
                              /opt/gcc-arm-none-eabi-10.3-2021.07/bin/../lib/gcc/arm-none-eabi/10.3.1/../../../../arm-none-eabi/lib/thumb/v7e-m/nofp/libc.a(lib_a-malloc.o) (_malloc_r)
/opt/gcc-arm-none-eabi-10.3-2021.07/bin/../lib/gcc/arm-none-eabi/10.3.1/../../../../arm-none-eabi/lib/thumb/v7e-m/nofp/libc.a(lib_a-memset.o)
                              build/machines/cortex/armv7em/stm32f303/coroLabBoard/tft/Adafruit-GFX-Library/Adafruit_GFX.cpp.o (memset)
/opt/gcc-arm-none-eabi-10.3-2021.07/bin/../lib/gcc/arm-none-eabi/10.3.1/../../../../arm-none-eabi/lib/thumb/v7e-m/nofp/libc.a(lib_a-mlock.o)
                              /opt/gcc-arm-none-eabi-10.3-2021.07/bin/../lib/gcc/arm-none-eabi/10.3.1/../../../../arm-none-eabi/lib/thumb/v7e-m/nofp/libc.a(lib_a-mallocr.o) (__malloc_lock)
/opt/gcc-arm-none-eabi-10.3-2021.07/bin/../lib/gcc/arm-none-eabi/10.3.1/../../../../arm-none-eabi/lib/thumb/v7e-m/nofp/libc.a(lib_a-printf.o)
                              build/lab1.cpp.o (printf)
/opt/gcc-arm-none-eabi-10.3-2021.07/bin/../lib/gcc/arm-none-eabi/10.3.1/../../../../arm-none-eabi/lib/thumb/v7e-m/nofp/libc.a(lib_a-sbrkr.o)
                              /opt/gcc-arm-none-eabi-10.3-2021.07/bin/../lib/gcc/arm-none-eabi/10.3.1/../../../../arm-none-eabi/lib/thumb/v7e-m/nofp/libc.a(lib_a-mallocr.o) (_sbrk_r)
/opt/gcc-arm-none-eabi-10.3-2021.07/bin/../lib/gcc/arm-none-eabi/10.3.1/../../../../arm-none-eabi/lib/thumb/v7e-m/nofp/libc.a(lib_a-strlen.o)
                              build/machines/cortex/armv7em/stm32f303/coroLabBoard/tft/arduinoCore/Print.cpp.o (strlen)
/opt/gcc-arm-none-eabi-10.3-2021.07/bin/../lib/gcc/arm-none-eabi/10.3.1/../../../../arm-none-eabi/lib/thumb/v7e-m/nofp/libc.a(lib_a-strncpy.o)
                              build/machines/cortex/armv7em/stm32f303/coroLabBoard/tft/Adafruit-GFX-Library/Adafruit_GFX.cpp.o (strncpy)
/opt/gcc-arm-none-eabi-10.3-2021.07/bin/../lib/gcc/arm-none-eabi/10.3.1/../../../../arm-none-eabi/lib/thumb/v7e-m/nofp/libc.a(lib_a-vfprintf.o)
                              /opt/gcc-arm-none-eabi-10.3-2021.07/bin/../lib/gcc/arm-none-eabi/10.3.1/../../../../arm-none-eabi/lib/thumb/v7e-m/nofp/libc.a(lib_a-printf.o) (_vfprintf_r)
/opt/gcc-arm-none-eabi-10.3-2021.07/bin/../lib/gcc/arm-none-eabi/10.3.1/../../../../arm-none-eabi/lib/thumb/v7e-m/nofp/libc.a(lib_a-wsetup.o)
                              /opt/gcc-arm-none-eabi-10.3-2021.07/bin/../lib/gcc/arm-none-eabi/10.3.1/../../../../arm-none-eabi/lib/thumb/v7e-m/nofp/libc.a(lib_a-vfprintf.o) (__swsetup_r)
/opt/gcc-arm-none-eabi-10.3-2021.07/bin/../lib/gcc/arm-none-eabi/10.3.1/../../../../arm-none-eabi/lib/thumb/v7e-m/nofp/libc.a(lib_a-dtoa.o)
                              /opt/gcc-arm-none-eabi-10.3-2021.07/bin/../lib/gcc/arm-none-eabi/10.3.1/../../../../arm-none-eabi/lib/thumb/v7e-m/nofp/libc.a(lib_a-vfprintf.o) (_dtoa_r)
/opt/gcc-arm-none-eabi-10.3-2021.07/bin/../lib/gcc/arm-none-eabi/10.3.1/../../../../arm-none-eabi/lib/thumb/v7e-m/nofp/libc.a(lib_a-fflush.o)
                              /opt/gcc-arm-none-eabi-10.3-2021.07/bin/../lib/gcc/arm-none-eabi/10.3.1/../../../../arm-none-eabi/lib/thumb/v7e-m/nofp/libc.a(lib_a-vfprintf.o) (_fflush_r)
/opt/gcc-arm-none-eabi-10.3-2021.07/bin/../lib/gcc/arm-none-eabi/10.3.1/../../../../arm-none-eabi/lib/thumb/v7e-m/nofp/libc.a(lib_a-findfp.o)
                              /opt/gcc-arm-none-eabi-10.3-2021.07/bin/../lib/gcc/arm-none-eabi/10.3.1/../../../../arm-none-eabi/lib/thumb/v7e-m/nofp/libc.a(lib_a-vfprintf.o) (__sinit)
/opt/gcc-arm-none-eabi-10.3-2021.07/bin/../lib/gcc/arm-none-eabi/10.3.1/../../../../arm-none-eabi/lib/thumb/v7e-m/nofp/libc.a(lib_a-freer.o)
                              /opt/gcc-arm-none-eabi-10.3-2021.07/bin/../lib/gcc/arm-none-eabi/10.3.1/../../../../arm-none-eabi/lib/thumb/v7e-m/nofp/libc.a(lib_a-malloc.o) (_free_r)
/opt/gcc-arm-none-eabi-10.3-2021.07/bin/../lib/gcc/arm-none-eabi/10.3.1/../../../../arm-none-eabi/lib/thumb/v7e-m/nofp/libc.a(lib_a-fwalk.o)
                              /opt/gcc-arm-none-eabi-10.3-2021.07/bin/../lib/gcc/arm-none-eabi/10.3.1/../../../../arm-none-eabi/lib/thumb/v7e-m/nofp/libc.a(lib_a-findfp.o) (_fwalk)
/opt/gcc-arm-none-eabi-10.3-2021.07/bin/../lib/gcc/arm-none-eabi/10.3.1/../../../../arm-none-eabi/lib/thumb/v7e-m/nofp/libc.a(lib_a-impure.o)
                              /opt/gcc-arm-none-eabi-10.3-2021.07/bin/../lib/gcc/arm-none-eabi/10.3.1/../../../../arm-none-eabi/lib/thumb/v7e-m/nofp/libc.a(lib_a-fflush.o) (_global_impure_ptr)
[...]
Memory Configuration

Name             Origin             Length             Attributes
VECTOR           0x0000000008000000 0x0000000000000168 xr
FLASH            0x0000000008000168 0x000000000000fe98 xr
RAM              0x0000000020000000 0x0000000000003000 xrw
MEMORY_B1        0x0000000060000000 0x0000000000000000 xr
*default*        0x0000000000000000 0xffffffffffffffff

Linker script and memory map

LOAD build/os/tpl_os_kernel.c.o
LOAD build/os/tpl_os_timeobj_kernel.c.o
LOAD build/os/tpl_os_action.c.o
LOAD build/os/tpl_os_error.c.o
LOAD build/os/tpl_os_os_kernel.c.o
LOAD build/os/tpl_os_os.c.o
LOAD build/os/tpl_os_interrupt_kernel.c.o
LOAD build/os/tpl_os_task_kernel.c.o
LOAD build/os/tpl_os_resource_kernel.c.o
LOAD build/lab1/tpl_app_config.c.o
LOAD build/lab1/tpl_dispatch_table.c.o
LOAD build/lab1/tpl_invoque.S.o
LOAD build/lab1/tpl_primary_irq.S.o
LOAD build/lab1/tpl_vectors.c.o
LOAD build/lab1/tpl_external_interrupts.c.o
LOAD build/lab1/tpl_app_interrupts.c.o
LOAD build/machines/cortex/tpl_machine_cortex.c.o
LOAD build/machines/cortex/tpl_sc_handler.S.o
LOAD build/machines/cortex/tpl_startup.S.o
LOAD build/machines/cortex/armv7em/tpl_ctx_switch.S.o
LOAD build/machines/cortex/armv7em/tpl_ctx_switch_under_it.S.o
LOAD build/machines/cortex/armv7em/tpl_interrupts.S.o
LOAD build/machines/cortex/armv7em/stm32f303/handlers_stm32f3xx.c.o
LOAD build/machines/cortex/armv7em/stm32f303/startup_stm32f3xx.c.o
LOAD build/machines/cortex/armv7em/stm32f303/system_stm32f30x.c.o
LOAD build/machines/cortex/armv7em/stm32f303/tpl_machine_stm32f303.c.o
LOAD build/machines/cortex/armv7em/stm32f303/tpl_memory_protection.c.o
LOAD build/machines/cortex/armv7em/stm32f303/lib/pinAccess.c.o
LOAD build/machines/cortex/armv7em/stm32f303/tpl_trace.c.o
LOAD build/machines/cortex/armv7em/stm32f303/coroLabBoard/spi.c.o
LOAD build/lab1.cpp.o
LOAD build/machines/cortex/armv7em/stm32f303/coroLabBoard/mcp23s17.cpp.o
LOAD build/machines/cortex/armv7em/stm32f303/coroLabBoard/coroBoard.cpp.o
LOAD build/machines/cortex/armv7em/stm32f303/coroLabBoard/tft/arduinoCore/Print.cpp.o
LOAD build/machines/cortex/armv7em/stm32f303/coroLabBoard/tft/tft.cpp.o
LOAD build/machines/cortex/armv7em/stm32f303/coroLabBoard/tft/Adafruit-ST7735-Library/Adafruit_ST7735.cpp.o
LOAD build/machines/cortex/armv7em/stm32f303/coroLabBoard/tft/Adafruit-ST7735-Library/Adafruit_ST77xx.cpp.o
LOAD build/machines/cortex/armv7em/stm32f303/coroLabBoard/tft/Adafruit-GFX-Library/Adafruit_GFX.cpp.o
LOAD build/machines/cortex/armv7em/stm32f303/coroLabBoard/tft/Adafruit-GFX-Library/Adafruit_SPITFT.cpp.o
                0x0000000020003000                _estack = 0x20003000
                0x0000000000000000                _Min_Heap_Size = 0x0
                0x0000000000000400                _Min_Stack_Size = 0x400

.isr_vector     0x0000000008000000      0x168
                0x0000000008000000                . = ALIGN (0x4)
 *(.isr_vector)
 .isr_vector    0x0000000008000000      0x168 build/lab1/tpl_vectors.c.o
                0x0000000008000000                tpl_it_vectors
                0x0000000008000168                . = ALIGN (0x4)
                0x0000000008000168                . = ALIGN (0x4)

ostext          0x0000000008000168      0xd76
 *(.SC_handler)
 *(.EI_handler)
 *(.osCode)
 .osCode        0x0000000008000168      0x44c build/os/tpl_os_kernel.c.o
                0x0000000008000168                tpl_current_os_state
                0x0000000008000184                tpl_front_proc
                0x00000000080001a8                tpl_init_proc
                0x00000000080001bc                tpl_get_internal_resource
                0x0000000008000200                tpl_release_internal_resource
                0x0000000008000228                tpl_terminate
                0x0000000008000248                tpl_call_terminate_task_service
                0x0000000008000270                tpl_call_terminate_isr2_service
                0x0000000008000298                tpl_set_event
                0x000000000800029c                tpl_compare_entries
                0x00000000080002d8                tpl_bubble_up
                0x0000000008000318                tpl_put_preempted_proc
                0x0000000008000344                tpl_run_elected
                0x0000000008000380                tpl_put_new_proc
                0x00000000080003c8                tpl_release
                0x00000000080003e8                tpl_activate_task
                0x0000000008000428                tpl_init_os
                0x0000000008000458                tpl_bubble_down
                0x00000000080004b2                tpl_remove_front_proc
                0x00000000080004e8                tpl_start
                0x0000000008000530                tpl_start_scheduling
                0x0000000008000540                tpl_block
                0x0000000008000560                tpl_preempt
                0x000000000800057c                tpl_schedule_from_running
 .osCode        0x00000000080005b4      0x124 build/os/tpl_os_timeobj_kernel.c.o
                0x00000000080005b4                tpl_enable_counters
                0x00000000080005c0                tpl_insert_time_obj
                0x0000000008000618                tpl_remove_time_obj
                0x0000000008000644                tpl_counter_tick
 .osCode        0x00000000080006d8       0x44 build/os/tpl_os_os_kernel.c.o
                0x00000000080006d8                tpl_get_active_application_mode_service
                0x00000000080006ec                tpl_start_os_service
                0x0000000008000714                tpl_call_shutdown_os
                0x0000000008000718                tpl_shutdown_os_service
 .osCode        0x000000000800071c       0xec build/os/tpl_os_interrupt_kernel.c.o
                0x000000000800071c                tpl_get_interrupt_lock_status
                0x0000000008000738                tpl_reset_interrupt_lock_status
                0x000000000800074c                tpl_terminate_isr2_service
                0x000000000800075c                tpl_null_it
                0x000000000800075e                tpl_enable_all_interrupts_service
                0x0000000008000774                tpl_disable_all_interrupts_service
                0x0000000008000790                tpl_resume_all_interrupts_service
                0x00000000080007b0                tpl_suspend_all_interrupts_service
                0x00000000080007cc                tpl_resume_os_interrupts_service
                0x00000000080007ec                tpl_suspend_os_interrupts_service
 .osCode        0x0000000008000808      0x174 build/os/tpl_os_task_kernel.c.o
                0x0000000008000808                tpl_activate_task_service
                0x000000000800083c                tpl_terminate_task_service
                0x000000000800087c                tpl_chain_task_service
                0x00000000080008dc                tpl_schedule_service
                0x0000000008000924                tpl_get_task_id_service
                0x000000000800094c                tpl_get_task_state_service
 .osCode        0x000000000800097c      0x104 build/os/tpl_os_resource_kernel.c.o
                0x000000000800097c                tpl_release_all_resources
                0x00000000080009a8                tpl_get_resource_service
                0x0000000008000a24                tpl_release_resource_service
 .osCode        0x0000000008000a80       0x28 build/lab1/tpl_app_config.c.o
                0x0000000008000a80                tpl_tick_SysTick
                0x0000000008000aa4                SysTick_Handler
 .osCode        0x0000000008000aa8       0x30 build/lab1/tpl_primary_irq.S.o
                0x0000000008000aa8                tpl_primary_irq_handler_SysTick
 .osCode        0x0000000008000ad8       0x14 build/lab1/tpl_external_interrupts.c.o
                0x0000000008000ad8                tpl_init_external_interrupts
 .osCode        0x0000000008000aec        0x6 build/lab1/tpl_app_interrupts.c.o
                0x0000000008000aec                tpl_init_it_priority
                0x0000000008000aee                tpl_disable_os_interrupts
                0x0000000008000af0                tpl_enable_os_interrupts
 *fill*         0x0000000008000af2        0x2 
 .osCode        0x0000000008000af4       0x94 build/machines/cortex/tpl_machine_cortex.c.o
                0x0000000008000af4                tpl_init_context
                0x0000000008000b54                tpl_shutdown
                0x0000000008000b5a                tpl_init_machine_generic
                0x0000000008000b5c                tpl_init_machine_specific
                0x0000000008000b80                tpl_init_machine
                0x0000000008000b84                tpl_check_stack_footprint
 .osCode        0x0000000008000b88       0x6c build/machines/cortex/tpl_sc_handler.S.o
                0x0000000008000b88                tpl_sc_handler
 .osCode        0x0000000008000bf4       0x1c build/machines/cortex/tpl_startup.S.o
                0x0000000008000bf4                tpl_reset_handler
 .osCode        0x0000000008000c10       0x4c build/machines/cortex/armv7em/tpl_ctx_switch.S.o
                0x0000000008000c10                tpl_save_context
                0x0000000008000c36                tpl_load_context
 .osCode        0x0000000008000c5c       0x44 build/machines/cortex/armv7em/tpl_ctx_switch_under_it.S.o
                0x0000000008000c5c                tpl_save_context_under_it
                0x0000000008000c7e                tpl_load_context_under_it
 .osCode        0x0000000008000ca0       0x2c build/machines/cortex/armv7em/tpl_interrupts.S.o
                0x0000000008000ca0                tpl_disable_interrupts
                0x0000000008000cb4                tpl_enable_interrupts
 .osCode        0x0000000008000ccc       0x38 build/machines/cortex/armv7em/stm32f303/tpl_machine_stm32f303.c.o
                0x0000000008000ccc                tpl_set_systick_timer
 *(.osApiCode)
 .osApiCode     0x0000000008000d04       0x18 build/os/tpl_os_os.c.o
                0x0000000008000d04                StartOS
 .osApiCode     0x0000000008000d1c      0x1c2 build/lab1/tpl_invoque.S.o
                0x0000000008000d1c                GetActiveApplicationMode
                0x0000000008000d32                tpl_start_os
                0x0000000008000d48                ShutdownOS
                0x0000000008000d5e                EnableAllInterrupts
                0x0000000008000d78                DisableAllInterrupts
                0x0000000008000d92                ResumeAllInterrupts
                0x0000000008000dac                SuspendAllInterrupts
                0x0000000008000dc6                ResumeOSInterrupts
                0x0000000008000de0                SuspendOSInterrupts
                0x0000000008000dfa                CallTerminateISR2
                0x0000000008000e14                ActivateTask
                0x0000000008000e2a                TerminateTask
                0x0000000008000e40                ChainTask
                0x0000000008000e56                Schedule
                0x0000000008000e6c                GetTaskID
                0x0000000008000e82                GetTaskState
                0x0000000008000e98                CallTerminateTask
                0x0000000008000eb2                GetResource
                0x0000000008000ec8                ReleaseResource
 *(.appCommonCode)
                0x0000000008000ee0                . = ALIGN (0x4)

osconst         0x0000000008000ee0       0xf4
 *(.osConst)
 .osConst       0x0000000008000ee0        0x2 build/os/tpl_os_kernel.c.o
                0x0000000008000ee0                INVALID_TASK
                0x0000000008000ee1                INVALID_PROC
 *fill*         0x0000000008000ee2        0x2 
 .osConst       0x0000000008000ee4       0x84 build/lab1/tpl_app_config.c.o
                0x0000000008000ee4                task3_task_stat_desc
                0x0000000008000efc                task1_task_stat_desc
                0x0000000008000f14                task2_task_stat_desc
                0x0000000008000f2c                IDLE_TASK_task_stat_desc
                0x0000000008000f44                tpl_resource_table
                0x0000000008000f48                tpl_dyn_proc_table
                0x0000000008000f58                tpl_stat_proc_table
 .osConst       0x0000000008000f68       0x4c build/lab1/tpl_dispatch_table.c.o
                0x0000000008000f68                tpl_dispatch_table
 *(.osApiConst)
 .osApiConst    0x0000000008000fb4       0x20 build/lab1/tpl_app_config.c.o
                0x0000000008000fb4                OSMINCYCLE
                0x0000000008000fb8                OSMAXALLOWEDVALUE
                0x0000000008000fbc                OSTICKSPERBASE
                0x0000000008000fc0                task3
                0x0000000008000fc1                task1
                0x0000000008000fc2                task2
                0x0000000008000fc4                proc_name_table
                0x0000000008000fd4                . = ALIGN (0x4)

apptext         0x0000000008000fd4        0x0
                0x0000000008000fd4                __PROGCONST_SECTION_START = .
                0x0000000008000fd4                __SEG_START_APP_CODE_CONST_RGN = .
                0x0000000008000fd4                . = ALIGN (0x4)
 *(.Task_task2Code)
 *(.Task_task1Code)
 *(.Task_task3Code)
                0x0000000008000fd4                . = ALIGN (0x4)

appconst        0x0000000008000fd8     0x122d
 *(.rodata)
 .rodata        0x0000000008000fd8      0x17b build/lab1.cpp.o
 *(.rodata*)
 .rodata.str1.1
                0x0000000008001153       0x19 build/lab1/tpl_app_config.c.o
 .rodata.OSDEFAULTAPPMODE
                0x000000000800116c        0x1 build/lab1/tpl_app_config.c.o
                0x000000000800116c                OSDEFAULTAPPMODE
 .rodata.tpl_task_app_mode
                0x000000000800116d        0x3 build/lab1/tpl_app_config.c.o
                0x000000000800116d                tpl_task_app_mode
 .rodata.AHBPrescTable
                0x0000000008001170       0x10 build/machines/cortex/armv7em/stm32f303/system_stm32f30x.c.o
                0x0000000008001170                AHBPrescTable
 .rodata._ZTV5Print
                0x0000000008001180       0x10 build/machines/cortex/armv7em/stm32f303/coroLabBoard/tft/arduinoCore/Print.cpp.o
                0x0000000008001180                vtable for Print
 .rodata._ZL20VeraMono6pt7bBitmaps
                0x0000000008001190      0x21f build/machines/cortex/armv7em/stm32f303/coroLabBoard/tft/tft.cpp.o
 *fill*         0x00000000080013af        0x1 
 .rodata._ZL19VeraMono6pt7bGlyphs
                0x00000000080013b0      0x2f8 build/machines/cortex/armv7em/stm32f303/coroLabBoard/tft/tft.cpp.o
 .rodata._ZL13VeraMono6pt7b
                0x00000000080016a8        0xc build/machines/cortex/armv7em/stm32f303/coroLabBoard/tft/tft.cpp.o
 .rodata._ZTV3tft
                0x00000000080016b4       0x58 build/machines/cortex/armv7em/stm32f303/coroLabBoard/tft/tft.cpp.o
                0x00000000080016b4                vtable for tft
 .rodata._ZL5Rcmd1
                0x000000000800170c       0x3b build/machines/cortex/armv7em/stm32f303/coroLabBoard/tft/Adafruit-ST7735-Library/Adafruit_ST7735.cpp.o
 *fill*         0x0000000008001747        0x1 
 .rodata._ZL10Rcmd2green
                0x0000000008001748        0xd build/machines/cortex/armv7em/stm32f303/coroLabBoard/tft/Adafruit-ST7735-Library/Adafruit_ST7735.cpp.o
 *fill*         0x0000000008001755        0x3 
 .rodata._ZL8Rcmd2red
                0x0000000008001758        0xd build/machines/cortex/armv7em/stm32f303/coroLabBoard/tft/Adafruit-ST7735-Library/Adafruit_ST7735.cpp.o
 *fill*         0x0000000008001765        0x3 
 .rodata._ZL13Rcmd2green144
                0x0000000008001768        0xd build/machines/cortex/armv7em/stm32f303/coroLabBoard/tft/Adafruit-ST7735-Library/Adafruit_ST7735.cpp.o
 *fill*         0x0000000008001775        0x3 
 .rodata._ZL16Rcmd2green160x80
                0x0000000008001778        0xd build/machines/cortex/armv7em/stm32f303/coroLabBoard/tft/Adafruit-ST7735-Library/Adafruit_ST7735.cpp.o
 *fill*         0x0000000008001785        0x3 
 .rodata._ZL5Rcmd3
                0x0000000008001788       0x2b build/machines/cortex/armv7em/stm32f303/coroLabBoard/tft/Adafruit-ST7735-Library/Adafruit_ST7735.cpp.o
 *fill*         0x00000000080017b3        0x1 
 .rodata._ZTV15Adafruit_ST7735
                0x00000000080017b4       0x58 build/machines/cortex/armv7em/stm32f303/coroLabBoard/tft/Adafruit-ST7735-Library/Adafruit_ST7735.cpp.o
                0x00000000080017b4                vtable for Adafruit_ST7735
 .rodata._ZTV15Adafruit_ST77xx
                0x000000000800180c       0x58 build/machines/cortex/armv7em/stm32f303/coroLabBoard/tft/Adafruit-ST7735-Library/Adafruit_ST77xx.cpp.o
                0x000000000800180c                vtable for Adafruit_ST77xx
 .rodata._ZL4font
                0x0000000008001864      0x500 build/machines/cortex/armv7em/stm32f303/coroLabBoard/tft/Adafruit-GFX-Library/Adafruit_GFX.cpp.o
 .rodata._ZTV12Adafruit_GFX
                0x0000000008001d64       0x50 build/machines/cortex/armv7em/stm32f303/coroLabBoard/tft/Adafruit-GFX-Library/Adafruit_GFX.cpp.o
                0x0000000008001d64                vtable for Adafruit_GFX
 .rodata._ZTV15Adafruit_SPITFT
                0x0000000008001db4       0x58 build/machines/cortex/armv7em/stm32f303/coroLabBoard/tft/Adafruit-GFX-Library/Adafruit_SPITFT.cpp.o
                0x0000000008001db4                vtable for Adafruit_SPITFT
 .rodata._vfprintf_r.str1.4
                0x0000000008001e0c       0x42 /opt/gcc-arm-none-eabi-10.3-2021.07/bin/../lib/gcc/arm-none-eabi/10.3.1/../../../../arm-none-eabi/lib/thumb/v7e-m/nofp/libc.a(lib_a-vfprintf.o)
 *fill*         0x0000000008001e4e        0x2 
 .rodata.blanks.1
                0x0000000008001e50       0x10 /opt/gcc-arm-none-eabi-10.3-2021.07/bin/../lib/gcc/arm-none-eabi/10.3.1/../../../../arm-none-eabi/lib/thumb/v7e-m/nofp/libc.a(lib_a-vfprintf.o)
 .rodata.zeroes.0
                0x0000000008001e60       0x10 /opt/gcc-arm-none-eabi-10.3-2021.07/bin/../lib/gcc/arm-none-eabi/10.3.1/../../../../arm-none-eabi/lib/thumb/v7e-m/nofp/libc.a(lib_a-vfprintf.o)
 .rodata._dtoa_r.str1.4
                0x0000000008001e70       0xa2 /opt/gcc-arm-none-eabi-10.3-2021.07/bin/../lib/gcc/arm-none-eabi/10.3.1/../../../../arm-none-eabi/lib/thumb/v7e-m/nofp/libc.a(lib_a-dtoa.o)
                                         0xa6 (size before relaxing)
 *fill*         0x0000000008001f12        0x2 
 .rodata.__multadd.str1.4
                0x0000000008001f14       0x7f /opt/gcc-arm-none-eabi-10.3-2021.07/bin/../lib/gcc/arm-none-eabi/10.3.1/../../../../arm-none-eabi/lib/thumb/v7e-m/nofp/libc.a(lib_a-mprec.o)
                                         0x93 (size before relaxing)
 *fill*         0x0000000008001f93        0x5 
 .rodata.__mprec_bigtens
                0x0000000008001f98       0x28 /opt/gcc-arm-none-eabi-10.3-2021.07/bin/../lib/gcc/arm-none-eabi/10.3.1/../../../../arm-none-eabi/lib/thumb/v7e-m/nofp/libc.a(lib_a-mprec.o)
                0x0000000008001f98                __mprec_bigtens
 .rodata.__mprec_tens
                0x0000000008001fc0       0xc8 /opt/gcc-arm-none-eabi-10.3-2021.07/bin/../lib/gcc/arm-none-eabi/10.3.1/../../../../arm-none-eabi/lib/thumb/v7e-m/nofp/libc.a(lib_a-mprec.o)
                0x0000000008001fc0                __mprec_tens
 .rodata.p05.0  0x0000000008002088        0xc /opt/gcc-arm-none-eabi-10.3-2021.07/bin/../lib/gcc/arm-none-eabi/10.3.1/../../../../arm-none-eabi/lib/thumb/v7e-m/nofp/libc.a(lib_a-mprec.o)
 .rodata._vfiprintf_r.str1.4
                0x0000000008002094       0x2f /opt/gcc-arm-none-eabi-10.3-2021.07/bin/../lib/gcc/arm-none-eabi/10.3.1/../../../../arm-none-eabi/lib/thumb/v7e-m/nofp/libc.a(lib_a-vfiprintf.o)
 .rodata.blanks.1
                0x0000000008002094       0x10 /opt/gcc-arm-none-eabi-10.3-2021.07/bin/../lib/gcc/arm-none-eabi/10.3.1/../../../../arm-none-eabi/lib/thumb/v7e-m/nofp/libc.a(lib_a-vfiprintf.o)
 .rodata.zeroes.0
                0x00000000080020a4       0x10 /opt/gcc-arm-none-eabi-10.3-2021.07/bin/../lib/gcc/arm-none-eabi/10.3.1/../../../../arm-none-eabi/lib/thumb/v7e-m/nofp/libc.a(lib_a-vfiprintf.o)
 .rodata.__assert_func.str1.4
                0x00000000080020b4       0x3f /opt/gcc-arm-none-eabi-10.3-2021.07/bin/../lib/gcc/arm-none-eabi/10.3.1/../../../../arm-none-eabi/lib/thumb/v7e-m/nofp/libc.a(lib_a-assert.o)
                                         0x43 (size before relaxing)
 *fill*         0x00000000080020f3        0x1 
 .rodata._setlocale_r.str1.4
                0x00000000080020f4        0xa /opt/gcc-arm-none-eabi-10.3-2021.07/bin/../lib/gcc/arm-none-eabi/10.3.1/../../../../arm-none-eabi/lib/thumb/v7e-m/nofp/libc.a(lib_a-locale.o)
                                          0xd (size before relaxing)
 *fill*         0x00000000080020fe        0x2 
 .rodata.str1.4
                0x0000000008002100        0x2 /opt/gcc-arm-none-eabi-10.3-2021.07/bin/../lib/gcc/arm-none-eabi/10.3.1/../../../../arm-none-eabi/lib/thumb/v7e-m/nofp/libc.a(lib_a-locale.o)
 *fill*         0x0000000008002102        0x2 
 .rodata._ctype_
                0x0000000008002104      0x101 /opt/gcc-arm-none-eabi-10.3-2021.07/bin/../lib/gcc/arm-none-eabi/10.3.1/../../../../arm-none-eabi/lib/thumb/v7e-m/nofp/libc.a(lib_a-ctype_.o)
                0x0000000008002104                _ctype_
                0x0000000008002208                . = ALIGN (0x4)

procconst       0x0000000008002205        0x3
 *(.Task_task2_SEC_CONST_32BIT)
 *(.Task_task2_SEC_CALIB_32BIT)
 *(.Task_task2_SEC_CARTO_32BIT)
 *(.Task_task2_SEC_CONFIG_DATA_32BIT)
 *(.Task_task2_SEC_CONST_16BIT)
 *(.Task_task2_SEC_CALIB_16BIT)
 *(.Task_task2_SEC_CARTO_16BIT)
 *(.Task_task2_SEC_CONFIG_DATA_16BIT)
 *(.Task_task2_SEC_CONST_8BIT)
 *(.Task_task2_SEC_CALIB_8BIT)
 *(.Task_task2_SEC_CARTO_8BIT)
 *(.Task_task2_SEC_CONFIG_DATA_8BIT)
 *(.Task_task2_SEC_CONST_BOOLEAN)
 *(.Task_task2_SEC_CALIB_BOOLEAN)
 *(.Task_task2_SEC_CARTO_BOOLEAN)
 *(.Task_task2_SEC_CONFIG_DATA_BOOLEAN)
 *(.Task_task2_SEC_CONST_UNSPECIFIED)
 *(.Task_task2_SEC_CALIB_UNSPECIFIED)
 *(.Task_task2_SEC_CARTO_UNSPECIFIED)
 *(.Task_task2_SEC_CONFIG_DATA_UNSPECIFIED)
 *(.Task_task1_SEC_CONST_32BIT)
 *(.Task_task1_SEC_CALIB_32BIT)
 *(.Task_task1_SEC_CARTO_32BIT)
 *(.Task_task1_SEC_CONFIG_DATA_32BIT)
 *(.Task_task1_SEC_CONST_16BIT)
 *(.Task_task1_SEC_CALIB_16BIT)
 *(.Task_task1_SEC_CARTO_16BIT)
 *(.Task_task1_SEC_CONFIG_DATA_16BIT)
 *(.Task_task1_SEC_CONST_8BIT)
 *(.Task_task1_SEC_CALIB_8BIT)
 *(.Task_task1_SEC_CARTO_8BIT)
 *(.Task_task1_SEC_CONFIG_DATA_8BIT)
 *(.Task_task1_SEC_CONST_BOOLEAN)
 *(.Task_task1_SEC_CALIB_BOOLEAN)
 *(.Task_task1_SEC_CARTO_BOOLEAN)
 *(.Task_task1_SEC_CONFIG_DATA_BOOLEAN)
 *(.Task_task1_SEC_CONST_UNSPECIFIED)
 *(.Task_task1_SEC_CALIB_UNSPECIFIED)
 *(.Task_task1_SEC_CARTO_UNSPECIFIED)
 *(.Task_task1_SEC_CONFIG_DATA_UNSPECIFIED)
 *(.Task_task3_SEC_CONST_32BIT)
 *(.Task_task3_SEC_CALIB_32BIT)
 *(.Task_task3_SEC_CARTO_32BIT)
 *(.Task_task3_SEC_CONFIG_DATA_32BIT)
 *(.Task_task3_SEC_CONST_16BIT)
 *(.Task_task3_SEC_CALIB_16BIT)
 *(.Task_task3_SEC_CARTO_16BIT)
 *(.Task_task3_SEC_CONFIG_DATA_16BIT)
 *(.Task_task3_SEC_CONST_8BIT)
 *(.Task_task3_SEC_CALIB_8BIT)
 *(.Task_task3_SEC_CARTO_8BIT)
 *(.Task_task3_SEC_CONFIG_DATA_8BIT)
 *(.Task_task3_SEC_CONST_BOOLEAN)
 *(.Task_task3_SEC_CALIB_BOOLEAN)
 *(.Task_task3_SEC_CARTO_BOOLEAN)
 *(.Task_task3_SEC_CONFIG_DATA_BOOLEAN)
 *(.Task_task3_SEC_CONST_UNSPECIFIED)
 *(.Task_task3_SEC_CALIB_UNSPECIFIED)
 *(.Task_task3_SEC_CARTO_UNSPECIFIED)
 *(.Task_task3_SEC_CONFIG_DATA_UNSPECIFIED)
                0x0000000008002208                . = ALIGN (0x4)
 *fill*         0x0000000008002205        0x3 
                0x0000000008002207                __SEG_STOP_APP_CODE_CONST_RGN = (. - 0x1)
                0x0000000008002207                __PROGCONST_SECTION_STOP = (. - 0x1)

.text           0x0000000008002240     0x9074
                0x0000000008002240                . = ALIGN (0x4)
 *(.text)
 .text          0x0000000008002240       0xdc /opt/gcc-arm-none-eabi-10.3-2021.07/bin/../lib/gcc/arm-none-eabi/10.3.1/../../../../arm-none-eabi/lib/thumb/v7e-m/nofp/libc.a(lib_a-strlen.o)
                0x0000000008002240                strlen
 *fill*         0x000000000800231c        0x4 
 .text          0x0000000008002320       0xa0 /opt/gcc-arm-none-eabi-10.3-2021.07/bin/../lib/gcc/arm-none-eabi/10.3.1/../../../../arm-none-eabi/lib/thumb/v7e-m/nofp/libc.a(lib_a-memchr.o)
                0x0000000008002320                memchr
 .text          0x00000000080023c0      0x134 /opt/gcc-arm-none-eabi-10.3-2021.07/bin/../lib/gcc/arm-none-eabi/10.3.1/../../../../arm-none-eabi/lib/thumb/v7e-m/nofp/libc.a(lib_a-memcpy.o)
                0x00000000080023c0                memcpy
 .text          0x00000000080024f4      0x378 /opt/gcc-arm-none-eabi-10.3-2021.07/bin/../lib/gcc/arm-none-eabi/10.3.1/thumb/v7e-m/nofp/libgcc.a(_arm_addsubdf3.o)
                0x00000000080024f4                __aeabi_drsub
                0x00000000080024fc                __aeabi_dsub
                0x00000000080024fc                __subdf3
                0x0000000008002500                __adddf3
                0x0000000008002500                __aeabi_dadd
                0x0000000008002778                __aeabi_ui2d
                0x0000000008002778                __floatunsidf
                0x0000000008002798                __floatsidf
                0x0000000008002798                __aeabi_i2d
                0x00000000080027bc                __extendsfdf2
                0x00000000080027bc                __aeabi_f2d
                0x0000000008002800                __aeabi_ul2d
                0x0000000008002800                __floatundidf
                0x0000000008002810                __floatdidf
                0x0000000008002810                __aeabi_l2d
 .text          0x000000000800286c      0x424 /opt/gcc-arm-none-eabi-10.3-2021.07/bin/../lib/gcc/arm-none-eabi/10.3.1/thumb/v7e-m/nofp/libgcc.a(_arm_muldivdf3.o)
                0x000000000800286c                __aeabi_dmul
                0x000000000800286c                __muldf3
                0x0000000008002ac0                __aeabi_ddiv
                0x0000000008002ac0                __divdf3
 .text          0x0000000008002c90      0x110 /opt/gcc-arm-none-eabi-10.3-2021.07/bin/../lib/gcc/arm-none-eabi/10.3.1/thumb/v7e-m/nofp/libgcc.a(_arm_cmpdf2.o)
                0x0000000008002c90                __gtdf2
                0x0000000008002c90                __gedf2
                0x0000000008002c98                __ltdf2
                0x0000000008002c98                __ledf2
                0x0000000008002ca0                __cmpdf2
                0x0000000008002ca0                __eqdf2
                0x0000000008002ca0                __nedf2
                0x0000000008002d1c                __aeabi_cdrcmple
                0x0000000008002d2c                __aeabi_cdcmple
                0x0000000008002d2c                __aeabi_cdcmpeq
                0x0000000008002d3c                __aeabi_dcmpeq
                0x0000000008002d50                __aeabi_dcmplt
                0x0000000008002d64                __aeabi_dcmple
                0x0000000008002d78                __aeabi_dcmpge
                0x0000000008002d8c                __aeabi_dcmpgt
 .text          0x0000000008002da0       0x2c /opt/gcc-arm-none-eabi-10.3-2021.07/bin/../lib/gcc/arm-none-eabi/10.3.1/thumb/v7e-m/nofp/libgcc.a(_arm_unorddf2.o)
                0x0000000008002da0                __aeabi_dcmpun
                0x0000000008002da0                __unorddf2
 .text          0x0000000008002dcc       0x50 /opt/gcc-arm-none-eabi-10.3-2021.07/bin/../lib/gcc/arm-none-eabi/10.3.1/thumb/v7e-m/nofp/libgcc.a(_arm_fixdfsi.o)
                0x0000000008002dcc                __fixdfsi
                0x0000000008002dcc                __aeabi_d2iz
 .text          0x0000000008002e1c       0x30 /opt/gcc-arm-none-eabi-10.3-2021.07/bin/../lib/gcc/arm-none-eabi/10.3.1/thumb/v7e-m/nofp/libgcc.a(_aeabi_uldivmod.o)
                0x0000000008002e1c                __aeabi_uldivmod
 .text          0x0000000008002e4c      0x2d0 /opt/gcc-arm-none-eabi-10.3-2021.07/bin/../lib/gcc/arm-none-eabi/10.3.1/thumb/v7e-m/nofp/libgcc.a(_udivmoddi4.o)
                0x0000000008002e4c                __udivmoddi4
 .text          0x000000000800311c        0x4 /opt/gcc-arm-none-eabi-10.3-2021.07/bin/../lib/gcc/arm-none-eabi/10.3.1/thumb/v7e-m/nofp/libgcc.a(_dvmd_tls.o)
                0x000000000800311c                __aeabi_ldiv0
                0x000000000800311c                __aeabi_idiv0
 *(.text*)
 .text.idle_function
                0x0000000008003120        0x2 build/machines/cortex/tpl_machine_cortex.c.o
                0x0000000008003120                idle_function
 .text.NMI_Handler
                0x0000000008003122        0x4 build/machines/cortex/armv7em/stm32f303/handlers_stm32f3xx.c.o
                0x0000000008003122                NMI_Handler
 *fill*         0x0000000008003126        0x2 
 .text.HardFault_Handler
                0x0000000008003128       0x20 build/machines/cortex/armv7em/stm32f303/handlers_stm32f3xx.c.o
                0x0000000008003128                HardFault_Handler
 .text.MemManage_Handler
                0x0000000008003148        0x4 build/machines/cortex/armv7em/stm32f303/handlers_stm32f3xx.c.o
                0x0000000008003148                MemManage_Handler
 .text.BusFault_Handler
                0x000000000800314c        0x4 build/machines/cortex/armv7em/stm32f303/handlers_stm32f3xx.c.o
                0x000000000800314c                BusFault_Handler
 .text.UsageFault_Handler
                0x0000000008003150        0x4 build/machines/cortex/armv7em/stm32f303/handlers_stm32f3xx.c.o
                0x0000000008003150                UsageFault_Handler
 .text.DebugMonitor_Handler
                0x0000000008003154        0x2 build/machines/cortex/armv7em/stm32f303/handlers_stm32f3xx.c.o
                0x0000000008003154                DebugMonitor_Handler
 *fill*         0x0000000008003156        0x2 
 .text.__libc_init_array
                0x0000000008003158       0x44 build/machines/cortex/armv7em/stm32f303/startup_stm32f3xx.c.o
                0x0000000008003158                __libc_init_array
 .text.__libc_fini_array
                0x000000000800319c       0x20 build/machines/cortex/armv7em/stm32f303/startup_stm32f3xx.c.o
                0x000000000800319c                __libc_fini_array
 .text.__cxa_pure_virtual
                0x00000000080031bc        0x2 build/machines/cortex/armv7em/stm32f303/startup_stm32f3xx.c.o
                0x00000000080031bc                __cxa_pure_virtual
 *fill*         0x00000000080031be        0x2 
 .text.SystemCoreClockUpdate
                0x00000000080031c0       0x60 build/machines/cortex/armv7em/stm32f303/system_stm32f30x.c.o
                0x00000000080031c0                SystemCoreClockUpdate
 .text.SystemInit
                0x0000000008003220       0x5c build/machines/cortex/armv7em/stm32f303/system_stm32f30x.c.o
                0x0000000008003220                SystemInit
 .text.clockForGpio
                0x000000000800327c       0x68 build/machines/cortex/armv7em/stm32f303/lib/pinAccess.c.o
                0x000000000800327c                clockForGpio
 .text.pinMode  0x00000000080032e4       0xac build/machines/cortex/armv7em/stm32f303/lib/pinAccess.c.o
                0x00000000080032e4                pinMode
 .text.setupSPI
                0x0000000008003390       0x7c build/machines/cortex/armv7em/stm32f303/coroLabBoard/spi.c.o
                0x0000000008003390                setupSPI
 .text.beginTransaction
                0x000000000800340c        0xc build/machines/cortex/armv7em/stm32f303/coroLabBoard/spi.c.o
                0x000000000800340c                beginTransaction
 .text.endTransaction
                0x0000000008003418       0x18 build/machines/cortex/armv7em/stm32f303/coroLabBoard/spi.c.o
                0x0000000008003418                endTransaction
 .text.transfer8
                0x0000000008003430       0x30 build/machines/cortex/armv7em/stm32f303/coroLabBoard/spi.c.o
                0x0000000008003430                transfer8
 .text.write8   0x0000000008003460       0x14 build/machines/cortex/armv7em/stm32f303/coroLabBoard/spi.c.o
                0x0000000008003460                write8
 .text.main     0x0000000008003474       0x20 build/lab1.cpp.o
                0x0000000008003474                main
 .text.task1_function
                0x0000000008003494       0x74 build/lab1.cpp.o
                0x0000000008003494                task1_function
 .text.task2_function
                0x0000000008003508       0x30 build/lab1.cpp.o
                0x0000000008003508                task2_function
 .text.task3_function
                0x0000000008003538       0x30 build/lab1.cpp.o
                0x0000000008003538                task3_function
 .text._ZN8mcp23s17C2Ev
                0x0000000008003568       0x4c build/machines/cortex/armv7em/stm32f303/coroLabBoard/mcp23s17.cpp.o
                0x0000000008003568                mcp23s17::mcp23s17()
                0x0000000008003568                mcp23s17::mcp23s17()
 .text._ZN8mcp23s175beginEv
                0x00000000080035b4       0x48 build/machines/cortex/armv7em/stm32f303/coroLabBoard/mcp23s17.cpp.o
                0x00000000080035b4                mcp23s17::begin()
 .text._ZN8mcp23s178writeRegEhh
                0x00000000080035fc       0x36 build/machines/cortex/armv7em/stm32f303/coroLabBoard/mcp23s17.cpp.o
                0x00000000080035fc                mcp23s17::writeReg(unsigned char, unsigned char)
 .text._ZN8mcp23s177readRegEh
                0x0000000008003632       0x36 build/machines/cortex/armv7em/stm32f303/coroLabBoard/mcp23s17.cpp.o
                0x0000000008003632                mcp23s17::readReg(unsigned char)
 .text._ZN8mcp23s177pinModeENS_4portEhNS_4modeE
                0x0000000008003668       0x80 build/machines/cortex/armv7em/stm32f303/coroLabBoard/mcp23s17.cpp.o
                0x0000000008003668                mcp23s17::pinMode(mcp23s17::port, unsigned char, mcp23s17::mode)
 .text._ZN8mcp23s1712digitalWriteENS_4portEhb
                0x00000000080036e8       0x86 build/machines/cortex/armv7em/stm32f303/coroLabBoard/mcp23s17.cpp.o
                0x00000000080036e8                mcp23s17::digitalWrite(mcp23s17::port, unsigned char, bool)
 .text._ZN8mcp23s1711setBitInRegEhh
                0x000000000800376e       0x50 build/machines/cortex/armv7em/stm32f303/coroLabBoard/mcp23s17.cpp.o
                0x000000000800376e                mcp23s17::setBitInReg(unsigned char, unsigned char)
 .text._ZN8mcp23s1713clearBitInRegEhh
                0x00000000080037be       0x54 build/machines/cortex/armv7em/stm32f303/coroLabBoard/mcp23s17.cpp.o
                0x00000000080037be                mcp23s17::clearBitInReg(unsigned char, unsigned char)
 .text._ZN8mcp23s1715attachInterruptENS_4portEh
                0x0000000008003812       0x40 build/machines/cortex/armv7em/stm32f303/coroLabBoard/mcp23s17.cpp.o
                0x0000000008003812                mcp23s17::attachInterrupt(mcp23s17::port, unsigned char)
 *fill*         0x0000000008003852        0x2 
 .text._Z41__static_initialization_and_destruction_0ii
                0x0000000008003854       0x2c build/machines/cortex/armv7em/stm32f303/coroLabBoard/mcp23s17.cpp.o
 .text._GLOBAL__sub_I__ZN8mcp23s17C2Ev
                0x0000000008003880       0x10 build/machines/cortex/armv7em/stm32f303/coroLabBoard/mcp23s17.cpp.o
 .text._Z15setupIOExtenderv
                0x0000000008003890       0x80 build/machines/cortex/armv7em/stm32f303/coroLabBoard/coroBoard.cpp.o
                0x0000000008003890                setupIOExtender()
 .text._Z10setupTimerv
                0x0000000008003910       0x5c build/machines/cortex/armv7em/stm32f303/coroLabBoard/coroBoard.cpp.o
                0x0000000008003910                setupTimer()
 .text._Z13initCoroBoardv
                0x000000000800396c       0x28 build/machines/cortex/armv7em/stm32f303/coroLabBoard/coroBoard.cpp.o
                0x000000000800396c                initCoroBoard()
 .text._ZN5Print5writeEPKhj
                0x0000000008003994       0x5c build/machines/cortex/armv7em/stm32f303/coroLabBoard/tft/arduinoCore/Print.cpp.o
                0x0000000008003994                Print::write(unsigned char const*, unsigned int)
 .text._ZN15Adafruit_ST7735C2Ev
                0x00000000080039f0       0x24 build/machines/cortex/armv7em/stm32f303/coroLabBoard/tft/tft.cpp.o
                0x00000000080039f0                Adafruit_ST7735::Adafruit_ST7735()
                0x00000000080039f0                Adafruit_ST7735::Adafruit_ST7735()
 .text._ZN3tftC2Ev
                0x0000000008003a14       0x24 build/machines/cortex/armv7em/stm32f303/coroLabBoard/tft/tft.cpp.o
                0x0000000008003a14                tft::tft()
                0x0000000008003a14                tft::tft()
 .text._ZN3tft5eraseEv
                0x0000000008003a38       0x2c build/machines/cortex/armv7em/stm32f303/coroLabBoard/tft/tft.cpp.o
                0x0000000008003a38                tft::erase()
 .text._ZN3tft5setupEv
                0x0000000008003a64       0x3c build/machines/cortex/armv7em/stm32f303/coroLabBoard/tft/tft.cpp.o
                0x0000000008003a64                tft::setup()
 .text._Z41__static_initialization_and_destruction_0ii
                0x0000000008003aa0       0x2c build/machines/cortex/armv7em/stm32f303/coroLabBoard/tft/tft.cpp.o
 .text._GLOBAL__sub_I__ZN3tft5eraseEv
                0x0000000008003acc       0x10 build/machines/cortex/armv7em/stm32f303/coroLabBoard/tft/tft.cpp.o
 .text._ZN15Adafruit_ST77355initREh
                0x0000000008003adc      0x11c build/machines/cortex/armv7em/stm32f303/coroLabBoard/tft/Adafruit-ST7735-Library/Adafruit_ST7735.cpp.o
                0x0000000008003adc                Adafruit_ST7735::initR(unsigned char)
 .text._ZN15Adafruit_ST773511setRotationEh
                0x0000000008003bf8      0x248 build/machines/cortex/armv7em/stm32f303/coroLabBoard/tft/Adafruit-ST7735-Library/Adafruit_ST7735.cpp.o
                0x0000000008003bf8                Adafruit_ST7735::setRotation(unsigned char)
 .text._ZN15Adafruit_ST77xxC2Ev
                0x0000000008003e40       0x38 build/machines/cortex/armv7em/stm32f303/coroLabBoard/tft/Adafruit-ST7735-Library/Adafruit_ST77xx.cpp.o
                0x0000000008003e40                Adafruit_ST77xx::Adafruit_ST77xx()
                0x0000000008003e40                Adafruit_ST77xx::Adafruit_ST77xx()
 .text._ZN15Adafruit_ST77xx11displayInitEPKh
                0x0000000008003e78       0xee build/machines/cortex/armv7em/stm32f303/coroLabBoard/tft/Adafruit-ST7735-Library/Adafruit_ST77xx.cpp.o
                0x0000000008003e78                Adafruit_ST77xx::displayInit(unsigned char const*)
 *fill*         0x0000000008003f66        0x2 
 .text._ZN15Adafruit_ST77xx5beginEm
                0x0000000008003f68       0x40 build/machines/cortex/armv7em/stm32f303/coroLabBoard/tft/Adafruit-ST7735-Library/Adafruit_ST77xx.cpp.o
                0x0000000008003f68                Adafruit_ST77xx::begin(unsigned long)
 .text._ZN15Adafruit_ST77xx10commonInitEPKh
                0x0000000008003fa8       0x2e build/machines/cortex/armv7em/stm32f303/coroLabBoard/tft/Adafruit-ST7735-Library/Adafruit_ST77xx.cpp.o
                0x0000000008003fa8                Adafruit_ST77xx::commonInit(unsigned char const*)
 .text._ZN15Adafruit_ST77xx13setAddrWindowEtttt
                0x0000000008003fd6       0xd8 build/machines/cortex/armv7em/stm32f303/coroLabBoard/tft/Adafruit-ST7735-Library/Adafruit_ST77xx.cpp.o
                0x0000000008003fd6                Adafruit_ST77xx::setAddrWindow(unsigned short, unsigned short, unsigned short, unsigned short)
 *fill*         0x00000000080040ae        0x2 
 .text._ZN15Adafruit_ST77xx11setRotationEh
                0x00000000080040b0       0xf0 build/machines/cortex/armv7em/stm32f303/coroLabBoard/tft/Adafruit-ST7735-Library/Adafruit_ST77xx.cpp.o
                0x00000000080040b0                Adafruit_ST77xx::setRotation(unsigned char)
 .text._ZN5PrintC2Ev
                0x00000000080041a0       0x24 build/machines/cortex/armv7em/stm32f303/coroLabBoard/tft/Adafruit-GFX-Library/Adafruit_GFX.cpp.o
                0x00000000080041a0                Print::Print()
                0x00000000080041a0                Print::Print()
 .text._ZN12Adafruit_GFXC2Ess
                0x00000000080041c4       0x8c build/machines/cortex/armv7em/stm32f303/coroLabBoard/tft/Adafruit-GFX-Library/Adafruit_GFX.cpp.o
                0x00000000080041c4                Adafruit_GFX::Adafruit_GFX(short, short)
                0x00000000080041c4                Adafruit_GFX::Adafruit_GFX(short, short)
 .text._ZN12Adafruit_GFX9writeLineEsssst
                0x0000000008004250      0x14a build/machines/cortex/armv7em/stm32f303/coroLabBoard/tft/Adafruit-GFX-Library/Adafruit_GFX.cpp.o
                0x0000000008004250                Adafruit_GFX::writeLine(short, short, short, short, unsigned short)
 .text._ZN12Adafruit_GFX10startWriteEv
                0x000000000800439a       0x12 build/machines/cortex/armv7em/stm32f303/coroLabBoard/tft/Adafruit-GFX-Library/Adafruit_GFX.cpp.o
                0x000000000800439a                Adafruit_GFX::startWrite()
 .text._ZN12Adafruit_GFX10writePixelEsst
                0x00000000080043ac       0x38 build/machines/cortex/armv7em/stm32f303/coroLabBoard/tft/Adafruit-GFX-Library/Adafruit_GFX.cpp.o
                0x00000000080043ac                Adafruit_GFX::writePixel(short, short, unsigned short)
 .text._ZN12Adafruit_GFX14writeFastVLineEssst
                0x00000000080043e4       0x40 build/machines/cortex/armv7em/stm32f303/coroLabBoard/tft/Adafruit-GFX-Library/Adafruit_GFX.cpp.o
                0x00000000080043e4                Adafruit_GFX::writeFastVLine(short, short, short, unsigned short)
 .text._ZN12Adafruit_GFX14writeFastHLineEssst
                0x0000000008004424       0x40 build/machines/cortex/armv7em/stm32f303/coroLabBoard/tft/Adafruit-GFX-Library/Adafruit_GFX.cpp.o
                0x0000000008004424                Adafruit_GFX::writeFastHLine(short, short, short, unsigned short)
 .text._ZN12Adafruit_GFX13writeFillRectEsssst
                0x0000000008004464       0x46 build/machines/cortex/armv7em/stm32f303/coroLabBoard/tft/Adafruit-GFX-Library/Adafruit_GFX.cpp.o
                0x0000000008004464                Adafruit_GFX::writeFillRect(short, short, short, short, unsigned short)
 .text._ZN12Adafruit_GFX8endWriteEv
                0x00000000080044aa       0x12 build/machines/cortex/armv7em/stm32f303/coroLabBoard/tft/Adafruit-GFX-Library/Adafruit_GFX.cpp.o
                0x00000000080044aa                Adafruit_GFX::endWrite()
 .text._ZN12Adafruit_GFX13drawFastVLineEssst
                0x00000000080044bc       0x6a build/machines/cortex/armv7em/stm32f303/coroLabBoard/tft/Adafruit-GFX-Library/Adafruit_GFX.cpp.o
                0x00000000080044bc                Adafruit_GFX::drawFastVLine(short, short, short, unsigned short)
 .text._ZN12Adafruit_GFX13drawFastHLineEssst
                0x0000000008004526       0x68 build/machines/cortex/armv7em/stm32f303/coroLabBoard/tft/Adafruit-GFX-Library/Adafruit_GFX.cpp.o
                0x0000000008004526                Adafruit_GFX::drawFastHLine(short, short, short, unsigned short)
 .text._ZN12Adafruit_GFX8fillRectEsssst
                0x000000000800458e       0x7c build/machines/cortex/armv7em/stm32f303/coroLabBoard/tft/Adafruit-GFX-Library/Adafruit_GFX.cpp.o
                0x000000000800458e                Adafruit_GFX::fillRect(short, short, short, short, unsigned short)
 .text._ZN12Adafruit_GFX10fillScreenEt
                0x000000000800460a       0x38 build/machines/cortex/armv7em/stm32f303/coroLabBoard/tft/Adafruit-GFX-Library/Adafruit_GFX.cpp.o
                0x000000000800460a                Adafruit_GFX::fillScreen(unsigned short)
 .text._ZN12Adafruit_GFX8drawLineEsssst
                0x0000000008004642       0xfa build/machines/cortex/armv7em/stm32f303/coroLabBoard/tft/Adafruit-GFX-Library/Adafruit_GFX.cpp.o
                0x0000000008004642                Adafruit_GFX::drawLine(short, short, short, short, unsigned short)
 .text._ZN12Adafruit_GFX8drawRectEsssst
                0x000000000800473c       0xc6 build/machines/cortex/armv7em/stm32f303/coroLabBoard/tft/Adafruit-GFX-Library/Adafruit_GFX.cpp.o
                0x000000000800473c                Adafruit_GFX::drawRect(short, short, short, short, unsigned short)
 *fill*         0x0000000008004802        0x2 
 .text._ZN12Adafruit_GFX8drawCharEsshtth
                0x0000000008004804      0x478 build/machines/cortex/armv7em/stm32f303/coroLabBoard/tft/Adafruit-GFX-Library/Adafruit_GFX.cpp.o
                0x0000000008004804                Adafruit_GFX::drawChar(short, short, unsigned char, unsigned short, unsigned short, unsigned char)
 .text._ZN12Adafruit_GFX5writeEh
                0x0000000008004c7c      0x232 build/machines/cortex/armv7em/stm32f303/coroLabBoard/tft/Adafruit-GFX-Library/Adafruit_GFX.cpp.o
                0x0000000008004c7c                Adafruit_GFX::write(unsigned char)
 .text._ZN12Adafruit_GFX9setCursorEss
                0x0000000008004eae       0x26 build/machines/cortex/armv7em/stm32f303/coroLabBoard/tft/Adafruit-GFX-Library/Adafruit_GFX.cpp.o
                0x0000000008004eae                Adafruit_GFX::setCursor(short, short)
 .text._ZN12Adafruit_GFX12setTextColorEt
                0x0000000008004ed4       0x24 build/machines/cortex/armv7em/stm32f303/coroLabBoard/tft/Adafruit-GFX-Library/Adafruit_GFX.cpp.o
                0x0000000008004ed4                Adafruit_GFX::setTextColor(unsigned short)
 .text._ZN12Adafruit_GFX11setRotationEh
                0x0000000008004ef8       0x70 build/machines/cortex/armv7em/stm32f303/coroLabBoard/tft/Adafruit-GFX-Library/Adafruit_GFX.cpp.o
                0x0000000008004ef8                Adafruit_GFX::setRotation(unsigned char)
 .text._ZN12Adafruit_GFX7setFontEPK7GFXfont
                0x0000000008004f68       0x56 build/machines/cortex/armv7em/stm32f303/coroLabBoard/tft/Adafruit-GFX-Library/Adafruit_GFX.cpp.o
                0x0000000008004f68                Adafruit_GFX::setFont(GFXfont const*)
 .text._ZN12Adafruit_GFX13invertDisplayEb
                0x0000000008004fbe       0x16 build/machines/cortex/armv7em/stm32f303/coroLabBoard/tft/Adafruit-GFX-Library/Adafruit_GFX.cpp.o
                0x0000000008004fbe                Adafruit_GFX::invertDisplay(bool)
 .text._ZN15Adafruit_SPITFT10writePixelEt
                0x0000000008004fd4       0x2c build/machines/cortex/armv7em/stm32f303/coroLabBoard/tft/Adafruit-GFX-Library/Adafruit_SPITFT.cpp.o
                0x0000000008004fd4                Adafruit_SPITFT::writePixel(unsigned short)
 .text._ZN15Adafruit_SPITFTC2Ett
                0x0000000008005000       0x50 build/machines/cortex/armv7em/stm32f303/coroLabBoard/tft/Adafruit-GFX-Library/Adafruit_SPITFT.cpp.o
                0x0000000008005000                Adafruit_SPITFT::Adafruit_SPITFT(unsigned short, unsigned short)
                0x0000000008005000                Adafruit_SPITFT::Adafruit_SPITFT(unsigned short, unsigned short)
 .text._ZN15Adafruit_SPITFT7initSPIEm
                0x0000000008005050       0x30 build/machines/cortex/armv7em/stm32f303/coroLabBoard/tft/Adafruit-GFX-Library/Adafruit_SPITFT.cpp.o
                0x0000000008005050                Adafruit_SPITFT::initSPI(unsigned long)
 .text._ZN15Adafruit_SPITFT8spiWriteEh
                0x0000000008005080       0x1c build/machines/cortex/armv7em/stm32f303/coroLabBoard/tft/Adafruit-GFX-Library/Adafruit_SPITFT.cpp.o
                0x0000000008005080                Adafruit_SPITFT::spiWrite(unsigned char)
 .text._ZN15Adafruit_SPITFT10startWriteEv
                0x000000000800509c       0x1c build/machines/cortex/armv7em/stm32f303/coroLabBoard/tft/Adafruit-GFX-Library/Adafruit_SPITFT.cpp.o
                0x000000000800509c                Adafruit_SPITFT::startWrite()
 .text._ZN15Adafruit_SPITFT8endWriteEv
                0x00000000080050b8       0x1a build/machines/cortex/armv7em/stm32f303/coroLabBoard/tft/Adafruit-GFX-Library/Adafruit_SPITFT.cpp.o
                0x00000000080050b8                Adafruit_SPITFT::endWrite()
 .text._ZN15Adafruit_SPITFT12writeCommandEh
                0x00000000080050d2       0x32 build/machines/cortex/armv7em/stm32f303/coroLabBoard/tft/Adafruit-GFX-Library/Adafruit_SPITFT.cpp.o
                0x00000000080050d2                Adafruit_SPITFT::writeCommand(unsigned char)
 .text._ZN15Adafruit_SPITFT10writeColorEtm
                0x0000000008005104       0x44 build/machines/cortex/armv7em/stm32f303/coroLabBoard/tft/Adafruit-GFX-Library/Adafruit_SPITFT.cpp.o
                0x0000000008005104                Adafruit_SPITFT::writeColor(unsigned short, unsigned long)
 .text._ZN15Adafruit_SPITFT10writePixelEsst
                0x0000000008005148       0x70 build/machines/cortex/armv7em/stm32f303/coroLabBoard/tft/Adafruit-GFX-Library/Adafruit_SPITFT.cpp.o
                0x0000000008005148                Adafruit_SPITFT::writePixel(short, short, unsigned short)
 .text._ZN15Adafruit_SPITFT13writeFillRectEsssst
                0x00000000080051b8      0x106 build/machines/cortex/armv7em/stm32f303/coroLabBoard/tft/Adafruit-GFX-Library/Adafruit_SPITFT.cpp.o
                0x00000000080051b8                Adafruit_SPITFT::writeFillRect(short, short, short, short, unsigned short)
 .text._ZN15Adafruit_SPITFT14writeFastVLineEssst
                0x00000000080052be       0x42 build/machines/cortex/armv7em/stm32f303/coroLabBoard/tft/Adafruit-GFX-Library/Adafruit_SPITFT.cpp.o
                0x00000000080052be                Adafruit_SPITFT::writeFastVLine(short, short, short, unsigned short)
 .text._ZN15Adafruit_SPITFT14writeFastHLineEssst
                0x0000000008005300       0x44 build/machines/cortex/armv7em/stm32f303/coroLabBoard/tft/Adafruit-GFX-Library/Adafruit_SPITFT.cpp.o
                0x0000000008005300                Adafruit_SPITFT::writeFastHLine(short, short, short, unsigned short)
 .text._ZN15Adafruit_SPITFT9drawPixelEsst
                0x0000000008005344       0x50 build/machines/cortex/armv7em/stm32f303/coroLabBoard/tft/Adafruit-GFX-Library/Adafruit_SPITFT.cpp.o
                0x0000000008005344                Adafruit_SPITFT::drawPixel(short, short, unsigned short)
 .text._ZN15Adafruit_SPITFT13drawFastVLineEssst
                0x0000000008005394       0x58 build/machines/cortex/armv7em/stm32f303/coroLabBoard/tft/Adafruit-GFX-Library/Adafruit_SPITFT.cpp.o
                0x0000000008005394                Adafruit_SPITFT::drawFastVLine(short, short, short, unsigned short)
 .text._ZN15Adafruit_SPITFT13drawFastHLineEssst
                0x00000000080053ec       0x58 build/machines/cortex/armv7em/stm32f303/coroLabBoard/tft/Adafruit-GFX-Library/Adafruit_SPITFT.cpp.o
                0x00000000080053ec                Adafruit_SPITFT::drawFastHLine(short, short, short, unsigned short)
 .text._ZN15Adafruit_SPITFT8fillRectEsssst
                0x0000000008005444       0x5e build/machines/cortex/armv7em/stm32f303/coroLabBoard/tft/Adafruit-GFX-Library/Adafruit_SPITFT.cpp.o
                0x0000000008005444                Adafruit_SPITFT::fillRect(short, short, short, short, unsigned short)
 .text._ZN15Adafruit_SPITFT13invertDisplayEb
                0x00000000080054a2       0x48 build/machines/cortex/armv7em/stm32f303/coroLabBoard/tft/Adafruit-GFX-Library/Adafruit_SPITFT.cpp.o
                0x00000000080054a2                Adafruit_SPITFT::invertDisplay(bool)
 *fill*         0x00000000080054ea        0x2 
 .text._malloc_r
                0x00000000080054ec      0x560 /opt/gcc-arm-none-eabi-10.3-2021.07/bin/../lib/gcc/arm-none-eabi/10.3.1/../../../../arm-none-eabi/lib/thumb/v7e-m/nofp/libc.a(lib_a-mallocr.o)
                0x00000000080054ec                _malloc_r
 .text.memset   0x0000000008005a4c       0xa4 /opt/gcc-arm-none-eabi-10.3-2021.07/bin/../lib/gcc/arm-none-eabi/10.3.1/../../../../arm-none-eabi/lib/thumb/v7e-m/nofp/libc.a(lib_a-memset.o)
                0x0000000008005a4c                memset
 .text.__malloc_lock
                0x0000000008005af0        0xc /opt/gcc-arm-none-eabi-10.3-2021.07/bin/../lib/gcc/arm-none-eabi/10.3.1/../../../../arm-none-eabi/lib/thumb/v7e-m/nofp/libc.a(lib_a-mlock.o)
                0x0000000008005af0                __malloc_lock
 .text.__malloc_unlock
                0x0000000008005afc        0xc /opt/gcc-arm-none-eabi-10.3-2021.07/bin/../lib/gcc/arm-none-eabi/10.3.1/../../../../arm-none-eabi/lib/thumb/v7e-m/nofp/libc.a(lib_a-mlock.o)
                0x0000000008005afc                __malloc_unlock
 .text.printf   0x0000000008005b08       0x28 /opt/gcc-arm-none-eabi-10.3-2021.07/bin/../lib/gcc/arm-none-eabi/10.3.1/../../../../arm-none-eabi/lib/thumb/v7e-m/nofp/libc.a(lib_a-printf.o)
                0x0000000008005b08                printf
 .text._sbrk_r  0x0000000008005b30       0x24 /opt/gcc-arm-none-eabi-10.3-2021.07/bin/../lib/gcc/arm-none-eabi/10.3.1/../../../../arm-none-eabi/lib/thumb/v7e-m/nofp/libc.a(lib_a-sbrkr.o)
                0x0000000008005b30                _sbrk_r
 .text.strncpy  0x0000000008005b54       0x64 /opt/gcc-arm-none-eabi-10.3-2021.07/bin/../lib/gcc/arm-none-eabi/10.3.1/../../../../arm-none-eabi/lib/thumb/v7e-m/nofp/libc.a(lib_a-strncpy.o)
                0x0000000008005b54                strncpy
 .text._vfprintf_r
                0x0000000008005bb8     0x1ad4 /opt/gcc-arm-none-eabi-10.3-2021.07/bin/../lib/gcc/arm-none-eabi/10.3.1/../../../../arm-none-eabi/lib/thumb/v7e-m/nofp/libc.a(lib_a-vfprintf.o)
                0x0000000008005bb8                _vfprintf_r
 .text.__sbprintf
                0x000000000800768c       0x80 /opt/gcc-arm-none-eabi-10.3-2021.07/bin/../lib/gcc/arm-none-eabi/10.3.1/../../../../arm-none-eabi/lib/thumb/v7e-m/nofp/libc.a(lib_a-vfprintf.o)
 .text.__swsetup_r
                0x000000000800770c       0xd4 /opt/gcc-arm-none-eabi-10.3-2021.07/bin/../lib/gcc/arm-none-eabi/10.3.1/../../../../arm-none-eabi/lib/thumb/v7e-m/nofp/libc.a(lib_a-wsetup.o)
                0x000000000800770c                __swsetup_r
 .text.quorem   0x00000000080077e0      0x124 /opt/gcc-arm-none-eabi-10.3-2021.07/bin/../lib/gcc/arm-none-eabi/10.3.1/../../../../arm-none-eabi/lib/thumb/v7e-m/nofp/libc.a(lib_a-dtoa.o)
 *fill*         0x0000000008007904        0x4 
 .text._dtoa_r  0x0000000008007908      0xec4 /opt/gcc-arm-none-eabi-10.3-2021.07/bin/../lib/gcc/arm-none-eabi/10.3.1/../../../../arm-none-eabi/lib/thumb/v7e-m/nofp/libc.a(lib_a-dtoa.o)
                0x0000000008007908                _dtoa_r
 .text.__sflush_r
                0x00000000080087cc      0x120 /opt/gcc-arm-none-eabi-10.3-2021.07/bin/../lib/gcc/arm-none-eabi/10.3.1/../../../../arm-none-eabi/lib/thumb/v7e-m/nofp/libc.a(lib_a-fflush.o)
                0x00000000080087cc                __sflush_r
 .text._fflush_r
                0x00000000080088ec       0x5c /opt/gcc-arm-none-eabi-10.3-2021.07/bin/../lib/gcc/arm-none-eabi/10.3.1/../../../../arm-none-eabi/lib/thumb/v7e-m/nofp/libc.a(lib_a-fflush.o)
                0x00000000080088ec                _fflush_r
 .text._cleanup_r
                0x0000000008008948        0xc /opt/gcc-arm-none-eabi-10.3-2021.07/bin/../lib/gcc/arm-none-eabi/10.3.1/../../../../arm-none-eabi/lib/thumb/v7e-m/nofp/libc.a(lib_a-findfp.o)
                0x0000000008008948                _cleanup_r
 .text.__sinit  0x0000000008008954      0x10c /opt/gcc-arm-none-eabi-10.3-2021.07/bin/../lib/gcc/arm-none-eabi/10.3.1/../../../../arm-none-eabi/lib/thumb/v7e-m/nofp/libc.a(lib_a-findfp.o)
                0x0000000008008954                __sinit
 .text.__sfp_lock_acquire
                0x0000000008008a60        0xc /opt/gcc-arm-none-eabi-10.3-2021.07/bin/../lib/gcc/arm-none-eabi/10.3.1/../../../../arm-none-eabi/lib/thumb/v7e-m/nofp/libc.a(lib_a-findfp.o)
                0x0000000008008a60                __sfp_lock_acquire
 .text.__sfp_lock_release
                0x0000000008008a6c        0xc /opt/gcc-arm-none-eabi-10.3-2021.07/bin/../lib/gcc/arm-none-eabi/10.3.1/../../../../arm-none-eabi/lib/thumb/v7e-m/nofp/libc.a(lib_a-findfp.o)
                0x0000000008008a6c                __sfp_lock_release
 .text._malloc_trim_r
                0x0000000008008a78       0xa0 /opt/gcc-arm-none-eabi-10.3-2021.07/bin/../lib/gcc/arm-none-eabi/10.3.1/../../../../arm-none-eabi/lib/thumb/v7e-m/nofp/libc.a(lib_a-freer.o)
                0x0000000008008a78                _malloc_trim_r
 .text._free_r  0x0000000008008b18      0x20c /opt/gcc-arm-none-eabi-10.3-2021.07/bin/../lib/gcc/arm-none-eabi/10.3.1/../../../../arm-none-eabi/lib/thumb/v7e-m/nofp/libc.a(lib_a-freer.o)
                0x0000000008008b18                _free_r
 .text._fwalk_reent
                0x0000000008008d24       0x48 /opt/gcc-arm-none-eabi-10.3-2021.07/bin/../lib/gcc/arm-none-eabi/10.3.1/../../../../arm-none-eabi/lib/thumb/v7e-m/nofp/libc.a(lib_a-fwalk.o)
                0x0000000008008d24                _fwalk_reent
 .text._localeconv_r
                0x0000000008008d6c        0x8 /opt/gcc-arm-none-eabi-10.3-2021.07/bin/../lib/gcc/arm-none-eabi/10.3.1/../../../../arm-none-eabi/lib/thumb/v7e-m/nofp/libc.a(lib_a-localeconv.o)
                0x0000000008008d6c                _localeconv_r
 .text.__retarget_lock_init_recursive
                0x0000000008008d74        0x4 /opt/gcc-arm-none-eabi-10.3-2021.07/bin/../lib/gcc/arm-none-eabi/10.3.1/../../../../arm-none-eabi/lib/thumb/v7e-m/nofp/libc.a(lib_a-lock.o)
                0x0000000008008d74                __retarget_lock_init_recursive
 .text.__retarget_lock_close_recursive
                0x0000000008008d78        0x4 /opt/gcc-arm-none-eabi-10.3-2021.07/bin/../lib/gcc/arm-none-eabi/10.3.1/../../../../arm-none-eabi/lib/thumb/v7e-m/nofp/libc.a(lib_a-lock.o)
                0x0000000008008d78                __retarget_lock_close_recursive
 .text.__retarget_lock_acquire_recursive
                0x0000000008008d7c        0x4 /opt/gcc-arm-none-eabi-10.3-2021.07/bin/../lib/gcc/arm-none-eabi/10.3.1/../../../../arm-none-eabi/lib/thumb/v7e-m/nofp/libc.a(lib_a-lock.o)
                0x0000000008008d7c                __retarget_lock_acquire_recursive
 .text.__retarget_lock_release_recursive
                0x0000000008008d80        0x4 /opt/gcc-arm-none-eabi-10.3-2021.07/bin/../lib/gcc/arm-none-eabi/10.3.1/../../../../arm-none-eabi/lib/thumb/v7e-m/nofp/libc.a(lib_a-lock.o)
                0x0000000008008d80                __retarget_lock_release_recursive
 .text.__smakebuf_r
                0x0000000008008d84       0xe0 /opt/gcc-arm-none-eabi-10.3-2021.07/bin/../lib/gcc/arm-none-eabi/10.3.1/../../../../arm-none-eabi/lib/thumb/v7e-m/nofp/libc.a(lib_a-makebuf.o)
                0x0000000008008d84                __smakebuf_r
 .text._Balloc  0x0000000008008e64       0x4c /opt/gcc-arm-none-eabi-10.3-2021.07/bin/../lib/gcc/arm-none-eabi/10.3.1/../../../../arm-none-eabi/lib/thumb/v7e-m/nofp/libc.a(lib_a-mprec.o)
                0x0000000008008e64                _Balloc
 .text._Bfree   0x0000000008008eb0       0x14 /opt/gcc-arm-none-eabi-10.3-2021.07/bin/../lib/gcc/arm-none-eabi/10.3.1/../../../../arm-none-eabi/lib/thumb/v7e-m/nofp/libc.a(lib_a-mprec.o)
                0x0000000008008eb0                _Bfree
 .text.__multadd
                0x0000000008008ec4       0xa0 /opt/gcc-arm-none-eabi-10.3-2021.07/bin/../lib/gcc/arm-none-eabi/10.3.1/../../../../arm-none-eabi/lib/thumb/v7e-m/nofp/libc.a(lib_a-mprec.o)
                0x0000000008008ec4                __multadd
 .text.__hi0bits
                0x0000000008008f64       0x40 /opt/gcc-arm-none-eabi-10.3-2021.07/bin/../lib/gcc/arm-none-eabi/10.3.1/../../../../arm-none-eabi/lib/thumb/v7e-m/nofp/libc.a(lib_a-mprec.o)
                0x0000000008008f64                __hi0bits
 .text.__lo0bits
                0x0000000008008fa4       0x5c /opt/gcc-arm-none-eabi-10.3-2021.07/bin/../lib/gcc/arm-none-eabi/10.3.1/../../../../arm-none-eabi/lib/thumb/v7e-m/nofp/libc.a(lib_a-mprec.o)
                0x0000000008008fa4                __lo0bits
 .text.__i2b    0x0000000008009000       0x5c /opt/gcc-arm-none-eabi-10.3-2021.07/bin/../lib/gcc/arm-none-eabi/10.3.1/../../../../arm-none-eabi/lib/thumb/v7e-m/nofp/libc.a(lib_a-mprec.o)
                0x0000000008009000                __i2b
 .text.__multiply
                0x000000000800905c      0x15c /opt/gcc-arm-none-eabi-10.3-2021.07/bin/../lib/gcc/arm-none-eabi/10.3.1/../../../../arm-none-eabi/lib/thumb/v7e-m/nofp/libc.a(lib_a-mprec.o)
                0x000000000800905c                __multiply
 .text.__pow5mult
                0x00000000080091b8       0xc0 /opt/gcc-arm-none-eabi-10.3-2021.07/bin/../lib/gcc/arm-none-eabi/10.3.1/../../../../arm-none-eabi/lib/thumb/v7e-m/nofp/libc.a(lib_a-mprec.o)
                0x00000000080091b8                __pow5mult
 .text.__lshift
                0x0000000008009278       0xf0 /opt/gcc-arm-none-eabi-10.3-2021.07/bin/../lib/gcc/arm-none-eabi/10.3.1/../../../../arm-none-eabi/lib/thumb/v7e-m/nofp/libc.a(lib_a-mprec.o)
                0x0000000008009278                __lshift
 .text.__mcmp   0x0000000008009368       0x40 /opt/gcc-arm-none-eabi-10.3-2021.07/bin/../lib/gcc/arm-none-eabi/10.3.1/../../../../arm-none-eabi/lib/thumb/v7e-m/nofp/libc.a(lib_a-mprec.o)
                0x0000000008009368                __mcmp
 .text.__mdiff  0x00000000080093a8      0x14c /opt/gcc-arm-none-eabi-10.3-2021.07/bin/../lib/gcc/arm-none-eabi/10.3.1/../../../../arm-none-eabi/lib/thumb/v7e-m/nofp/libc.a(lib_a-mprec.o)
                0x00000000080093a8                __mdiff
 .text.__d2b    0x00000000080094f4       0xc4 /opt/gcc-arm-none-eabi-10.3-2021.07/bin/../lib/gcc/arm-none-eabi/10.3.1/../../../../arm-none-eabi/lib/thumb/v7e-m/nofp/libc.a(lib_a-mprec.o)
                0x00000000080094f4                __d2b
 .text.frexp    0x00000000080095b8       0x70 /opt/gcc-arm-none-eabi-10.3-2021.07/bin/../lib/gcc/arm-none-eabi/10.3.1/../../../../arm-none-eabi/lib/thumb/v7e-m/nofp/libc.a(lib_a-s_frexp.o)
                0x00000000080095b8                frexp
 .text.__sread  0x0000000008009628       0x24 /opt/gcc-arm-none-eabi-10.3-2021.07/bin/../lib/gcc/arm-none-eabi/10.3.1/../../../../arm-none-eabi/lib/thumb/v7e-m/nofp/libc.a(lib_a-stdio.o)
                0x0000000008009628                __sread
 .text.__swrite
                0x000000000800964c       0x40 /opt/gcc-arm-none-eabi-10.3-2021.07/bin/../lib/gcc/arm-none-eabi/10.3.1/../../../../arm-none-eabi/lib/thumb/v7e-m/nofp/libc.a(lib_a-stdio.o)
                0x000000000800964c                __swrite
 .text.__sseek  0x000000000800968c       0x20 /opt/gcc-arm-none-eabi-10.3-2021.07/bin/../lib/gcc/arm-none-eabi/10.3.1/../../../../arm-none-eabi/lib/thumb/v7e-m/nofp/libc.a(lib_a-stdio.o)
                0x000000000800968c                __sseek
 .text.__sclose
                0x00000000080096ac        0x8 /opt/gcc-arm-none-eabi-10.3-2021.07/bin/../lib/gcc/arm-none-eabi/10.3.1/../../../../arm-none-eabi/lib/thumb/v7e-m/nofp/libc.a(lib_a-stdio.o)
                0x00000000080096ac                __sclose
 .text.__sprint_r.part.0
                0x00000000080096b4       0x78 /opt/gcc-arm-none-eabi-10.3-2021.07/bin/../lib/gcc/arm-none-eabi/10.3.1/../../../../arm-none-eabi/lib/thumb/v7e-m/nofp/libc.a(lib_a-vfiprintf.o)
 .text.__sprint_r
                0x000000000800972c       0x14 /opt/gcc-arm-none-eabi-10.3-2021.07/bin/../lib/gcc/arm-none-eabi/10.3.1/../../../../arm-none-eabi/lib/thumb/v7e-m/nofp/libc.a(lib_a-vfiprintf.o)
                0x000000000800972c                __sprint_r
 .text._vfiprintf_r
                0x0000000008009740      0xda0 /opt/gcc-arm-none-eabi-10.3-2021.07/bin/../lib/gcc/arm-none-eabi/10.3.1/../../../../arm-none-eabi/lib/thumb/v7e-m/nofp/libc.a(lib_a-vfiprintf.o)
                0x0000000008009740                _vfiprintf_r
 .text.__sbprintf
                0x000000000800a4e0       0x80 /opt/gcc-arm-none-eabi-10.3-2021.07/bin/../lib/gcc/arm-none-eabi/10.3.1/../../../../arm-none-eabi/lib/thumb/v7e-m/nofp/libc.a(lib_a-vfiprintf.o)
 .text._write_r
                0x000000000800a560       0x2c /opt/gcc-arm-none-eabi-10.3-2021.07/bin/../lib/gcc/arm-none-eabi/10.3.1/../../../../arm-none-eabi/lib/thumb/v7e-m/nofp/libc.a(lib_a-writer.o)
                0x000000000800a560                _write_r
 .text.__assert_func
                0x000000000800a58c       0x40 /opt/gcc-arm-none-eabi-10.3-2021.07/bin/../lib/gcc/arm-none-eabi/10.3.1/../../../../arm-none-eabi/lib/thumb/v7e-m/nofp/libc.a(lib_a-assert.o)
                0x000000000800a58c                __assert_func
 .text._calloc_r
                0x000000000800a5cc       0x78 /opt/gcc-arm-none-eabi-10.3-2021.07/bin/../lib/gcc/arm-none-eabi/10.3.1/../../../../arm-none-eabi/lib/thumb/v7e-m/nofp/libc.a(lib_a-callocr.o)
                0x000000000800a5cc                _calloc_r
 .text._close_r
                0x000000000800a644       0x24 /opt/gcc-arm-none-eabi-10.3-2021.07/bin/../lib/gcc/arm-none-eabi/10.3.1/../../../../arm-none-eabi/lib/thumb/v7e-m/nofp/libc.a(lib_a-closer.o)
                0x000000000800a644                _close_r
 .text.__errno  0x000000000800a668        0xc /opt/gcc-arm-none-eabi-10.3-2021.07/bin/../lib/gcc/arm-none-eabi/10.3.1/../../../../arm-none-eabi/lib/thumb/v7e-m/nofp/libc.a(lib_a-errno.o)
                0x000000000800a668                __errno
 .text._fclose_r
                0x000000000800a674       0xcc /opt/gcc-arm-none-eabi-10.3-2021.07/bin/../lib/gcc/arm-none-eabi/10.3.1/../../../../arm-none-eabi/lib/thumb/v7e-m/nofp/libc.a(lib_a-fclose.o)
                0x000000000800a674                _fclose_r
 .text.fiprintf
                0x000000000800a740       0x28 /opt/gcc-arm-none-eabi-10.3-2021.07/bin/../lib/gcc/arm-none-eabi/10.3.1/../../../../arm-none-eabi/lib/thumb/v7e-m/nofp/libc.a(lib_a-fiprintf.o)
                0x000000000800a740                fiprintf
 .text.__fputwc
                0x000000000800a768       0xa8 /opt/gcc-arm-none-eabi-10.3-2021.07/bin/../lib/gcc/arm-none-eabi/10.3.1/../../../../arm-none-eabi/lib/thumb/v7e-m/nofp/libc.a(lib_a-fputwc.o)
                0x000000000800a768                __fputwc
 .text._fputwc_r
                0x000000000800a810       0x68 /opt/gcc-arm-none-eabi-10.3-2021.07/bin/../lib/gcc/arm-none-eabi/10.3.1/../../../../arm-none-eabi/lib/thumb/v7e-m/nofp/libc.a(lib_a-fputwc.o)
                0x000000000800a810                _fputwc_r
 .text._fstat_r
                0x000000000800a878       0x2c /opt/gcc-arm-none-eabi-10.3-2021.07/bin/../lib/gcc/arm-none-eabi/10.3.1/../../../../arm-none-eabi/lib/thumb/v7e-m/nofp/libc.a(lib_a-fstatr.o)
                0x000000000800a878                _fstat_r
 .text.__sfvwrite_r
                0x000000000800a8a4      0x2e8 /opt/gcc-arm-none-eabi-10.3-2021.07/bin/../lib/gcc/arm-none-eabi/10.3.1/../../../../arm-none-eabi/lib/thumb/v7e-m/nofp/libc.a(lib_a-fvwrite.o)
                0x000000000800a8a4                __sfvwrite_r
 .text._isatty_r
                0x000000000800ab8c       0x24 /opt/gcc-arm-none-eabi-10.3-2021.07/bin/../lib/gcc/arm-none-eabi/10.3.1/../../../../arm-none-eabi/lib/thumb/v7e-m/nofp/libc.a(lib_a-isattyr.o)
                0x000000000800ab8c                _isatty_r
 .text.__locale_mb_cur_max
                0x000000000800abb0        0xc /opt/gcc-arm-none-eabi-10.3-2021.07/bin/../lib/gcc/arm-none-eabi/10.3.1/../../../../arm-none-eabi/lib/thumb/v7e-m/nofp/libc.a(lib_a-locale.o)
                0x000000000800abb0                __locale_mb_cur_max
 .text._lseek_r
                0x000000000800abbc       0x2c /opt/gcc-arm-none-eabi-10.3-2021.07/bin/../lib/gcc/arm-none-eabi/10.3.1/../../../../arm-none-eabi/lib/thumb/v7e-m/nofp/libc.a(lib_a-lseekr.o)
                0x000000000800abbc                _lseek_r
 .text.__ascii_mbtowc
                0x000000000800abe8       0x2c /opt/gcc-arm-none-eabi-10.3-2021.07/bin/../lib/gcc/arm-none-eabi/10.3.1/../../../../arm-none-eabi/lib/thumb/v7e-m/nofp/libc.a(lib_a-mbtowc_r.o)
                0x000000000800abe8                __ascii_mbtowc
 .text.memmove  0x000000000800ac14       0xf8 /opt/gcc-arm-none-eabi-10.3-2021.07/bin/../lib/gcc/arm-none-eabi/10.3.1/../../../../arm-none-eabi/lib/thumb/v7e-m/nofp/libc.a(lib_a-memmove.o)
                0x000000000800ac14                memmove
 .text._read_r  0x000000000800ad0c       0x2c /opt/gcc-arm-none-eabi-10.3-2021.07/bin/../lib/gcc/arm-none-eabi/10.3.1/../../../../arm-none-eabi/lib/thumb/v7e-m/nofp/libc.a(lib_a-readr.o)
                0x000000000800ad0c                _read_r
 .text._realloc_r
                0x000000000800ad38      0x3d8 /opt/gcc-arm-none-eabi-10.3-2021.07/bin/../lib/gcc/arm-none-eabi/10.3.1/../../../../arm-none-eabi/lib/thumb/v7e-m/nofp/libc.a(lib_a-reallocr.o)
                0x000000000800ad38                _realloc_r
 .text.__swbuf_r
                0x000000000800b110       0xb0 /opt/gcc-arm-none-eabi-10.3-2021.07/bin/../lib/gcc/arm-none-eabi/10.3.1/../../../../arm-none-eabi/lib/thumb/v7e-m/nofp/libc.a(lib_a-wbuf.o)
                0x000000000800b110                __swbuf_r
 .text._wcrtomb_r
                0x000000000800b1c0       0x3c /opt/gcc-arm-none-eabi-10.3-2021.07/bin/../lib/gcc/arm-none-eabi/10.3.1/../../../../arm-none-eabi/lib/thumb/v7e-m/nofp/libc.a(lib_a-wcrtomb.o)
                0x000000000800b1c0                _wcrtomb_r
 .text.__ascii_wctomb
                0x000000000800b1fc       0x1c /opt/gcc-arm-none-eabi-10.3-2021.07/bin/../lib/gcc/arm-none-eabi/10.3.1/../../../../arm-none-eabi/lib/thumb/v7e-m/nofp/libc.a(lib_a-wctomb_r.o)
                0x000000000800b1fc                __ascii_wctomb
 .text.abort    0x000000000800b218       0x10 /opt/gcc-arm-none-eabi-10.3-2021.07/bin/../lib/gcc/arm-none-eabi/10.3.1/../../../../arm-none-eabi/lib/thumb/v7e-m/nofp/libc.a(lib_a-abort.o)
                0x000000000800b218                abort
 .text.raise    0x000000000800b228       0x5c /opt/gcc-arm-none-eabi-10.3-2021.07/bin/../lib/gcc/arm-none-eabi/10.3.1/../../../../arm-none-eabi/lib/thumb/v7e-m/nofp/libc.a(lib_a-signal.o)
                0x000000000800b228                raise
 .text._kill_r  0x000000000800b284       0x2c /opt/gcc-arm-none-eabi-10.3-2021.07/bin/../lib/gcc/arm-none-eabi/10.3.1/../../../../arm-none-eabi/lib/thumb/v7e-m/nofp/libc.a(lib_a-signalr.o)
                0x000000000800b284                _kill_r
 .text._getpid_r
                0x000000000800b2b0        0x4 /opt/gcc-arm-none-eabi-10.3-2021.07/bin/../lib/gcc/arm-none-eabi/10.3.1/../../../../arm-none-eabi/lib/thumb/v7e-m/nofp/libc.a(lib_a-signalr.o)
                0x000000000800b2b0                _getpid_r
 *(.glue_7)
 .glue_7        0x000000000800b2b4        0x0 linker stubs
 *(.glue_7t)
 .glue_7t       0x000000000800b2b4        0x0 linker stubs
 *(.eh_frame)
 *(.init)
 *(.fini)
                0x000000000800b2b4                . = ALIGN (0x4)
                0x000000000800b2b4                _etext = .
                0x000000000800b2b4                _exit = .

.vfp11_veneer   0x000000000800b2b4        0x0
 .vfp11_veneer  0x000000000800b2b4        0x0 linker stubs

.v4_bx          0x000000000800b2b4        0x0
 .v4_bx         0x000000000800b2b4        0x0 linker stubs

.iplt           0x000000000800b2b4        0x0
 .iplt          0x000000000800b2b4        0x0 build/os/tpl_os_kernel.c.o

.after_vectors  0x000000000800b2b4       0x58
 .after_vectors
                0x000000000800b2b4       0x58 build/machines/cortex/armv7em/stm32f303/startup_stm32f3xx.c.o
                0x000000000800b2b4                system_init
                0x000000000800b2d8                tpl_continue_reset_handler

.ARM.extab
 *(.ARM.extab* .gnu.linkonce.armextab.*)

.ARM            0x000000000800b30c        0x8
                0x000000000800b30c                __exidx_start = .
 *(.ARM.exidx*)
 .ARM.exidx     0x000000000800b30c        0x8 /opt/gcc-arm-none-eabi-10.3-2021.07/bin/../lib/gcc/arm-none-eabi/10.3.1/thumb/v7e-m/nofp/libgcc.a(_udivmoddi4.o)
                0x000000000800b314                __exidx_end = .

.rel.dyn        0x000000000800b314        0x0
 .rel.iplt      0x000000000800b314        0x0 build/os/tpl_os_kernel.c.o

.preinit_array  0x000000000800b314        0x4
                0x000000000800b314                PROVIDE (__preinit_array_start = .)
 *(.preinit_array*)
 .preinit_array_sysinit
                0x000000000800b314        0x4 build/machines/cortex/armv7em/stm32f303/startup_stm32f3xx.c.o
                0x000000000800b314                p_system_init
                0x000000000800b318                PROVIDE (__preinit_array_end = .)

.init_array     0x000000000800b318        0x8
                0x000000000800b318                PROVIDE (__init_array_start = .)
 *(SORT_BY_NAME(.init_array.*))
 *(.init_array*)
 .init_array    0x000000000800b318        0x4 build/machines/cortex/armv7em/stm32f303/coroLabBoard/mcp23s17.cpp.o
 .init_array    0x000000000800b31c        0x4 build/machines/cortex/armv7em/stm32f303/coroLabBoard/tft/tft.cpp.o
                0x000000000800b320                PROVIDE (__init_array_end = .)

.fini_array     0x000000000800b320        0x0
                0x000000000800b320                PROVIDE (__fini_array_start = .)
 *(.fini_array*)
 *(SORT_BY_NAME(.fini_array.*))
                0x000000000800b320                PROVIDE (__fini_array_end = .)
                0x000000000800b320                _sidata = .

.data           0x0000000020000000      0xac8 load address 0x000000000800b320
                0x0000000020000000                . = ALIGN (0x4)
                0x0000000020000000                _sdata = .
 *(.data)
 *(.data*)
 .data.SystemCoreClock
                0x0000000020000000        0x4 build/machines/cortex/armv7em/stm32f303/system_stm32f30x.c.o
                0x0000000020000000                SystemCoreClock
 .data.__malloc_av_
                0x0000000020000004      0x408 /opt/gcc-arm-none-eabi-10.3-2021.07/bin/../lib/gcc/arm-none-eabi/10.3.1/../../../../arm-none-eabi/lib/thumb/v7e-m/nofp/libc.a(lib_a-mallocr.o)
                0x0000000020000004                __malloc_av_
 .data.__malloc_sbrk_base
                0x000000002000040c        0x4 /opt/gcc-arm-none-eabi-10.3-2021.07/bin/../lib/gcc/arm-none-eabi/10.3.1/../../../../arm-none-eabi/lib/thumb/v7e-m/nofp/libc.a(lib_a-mallocr.o)
                0x000000002000040c                __malloc_sbrk_base
 .data.__malloc_trim_threshold
                0x0000000020000410        0x4 /opt/gcc-arm-none-eabi-10.3-2021.07/bin/../lib/gcc/arm-none-eabi/10.3.1/../../../../arm-none-eabi/lib/thumb/v7e-m/nofp/libc.a(lib_a-mallocr.o)
                0x0000000020000410                __malloc_trim_threshold
 .data._impure_ptr
                0x0000000020000414        0x4 /opt/gcc-arm-none-eabi-10.3-2021.07/bin/../lib/gcc/arm-none-eabi/10.3.1/../../../../arm-none-eabi/lib/thumb/v7e-m/nofp/libc.a(lib_a-impure.o)
                0x0000000020000414                _impure_ptr
 .data.impure_data
                0x0000000020000418      0x428 /opt/gcc-arm-none-eabi-10.3-2021.07/bin/../lib/gcc/arm-none-eabi/10.3.1/../../../../arm-none-eabi/lib/thumb/v7e-m/nofp/libc.a(lib_a-impure.o)
 .data.__global_locale
                0x0000000020000840      0x16c /opt/gcc-arm-none-eabi-10.3-2021.07/bin/../lib/gcc/arm-none-eabi/10.3.1/../../../../arm-none-eabi/lib/thumb/v7e-m/nofp/libc.a(lib_a-locale.o)
                0x0000000020000840                __global_locale
 *(.osVar)
 .osVar         0x00000000200009ac        0x1 build/os/tpl_os_timeobj_kernel.c.o
 .osVar         0x00000000200009ad        0x1 build/os/tpl_os_os_kernel.c.o
 *fill*         0x00000000200009ae        0x2 
 .osVar         0x00000000200009b0       0x14 build/os/tpl_os_interrupt_kernel.c.o
                0x00000000200009b0                tpl_user_task_lock
                0x00000000200009b4                tpl_cpt_user_task_lock_OS
                0x00000000200009b8                tpl_cpt_user_task_lock_All
                0x00000000200009bc                tpl_cpt_os_task_lock
                0x00000000200009c0                tpl_locking_depth
 .osVar         0x00000000200009c4      0x103 build/lab1/tpl_app_config.c.o
                0x00000000200009c4                SystemCounter_counter_desc
                0x00000000200009e0                tpl_time_counter
                0x00000000200009e4                tpl_kern
                0x0000000020000a00                task3_task_desc
                0x0000000020000a08                task3_int_context
                0x0000000020000a2c                task1_task_desc
                0x0000000020000a34                task1_int_context
                0x0000000020000a58                task2_task_desc
                0x0000000020000a60                task2_int_context
                0x0000000020000a84                IDLE_TASK_task_desc
                0x0000000020000a8c                IDLE_TASK_int_context
                0x0000000020000ab0                res_sched_rez_desc
                0x0000000020000ab8                tpl_tail_for_prio
                0x0000000020000abd                tpl_ready_list
 *(.Task_task2_SEC_VAR_POWER_ON_INIT_32BIT)
 *(.Task_task2_SEC_VAR_POWER_ON_INIT_16BIT)
 *(.Task_task2_SEC_VAR_POWER_ON_INIT_8BIT)
 *(.Task_task2_SEC_VAR_POWER_ON_INIT_BOOLEAN)
 *(.Task_task2_SEC_VAR_POWER_ON_INIT_UNSPECIFIED)
 *(.Task_task1_SEC_VAR_POWER_ON_INIT_32BIT)
 *(.Task_task1_SEC_VAR_POWER_ON_INIT_16BIT)
 *(.Task_task1_SEC_VAR_POWER_ON_INIT_8BIT)
 *(.Task_task1_SEC_VAR_POWER_ON_INIT_BOOLEAN)
 *(.Task_task1_SEC_VAR_POWER_ON_INIT_UNSPECIFIED)
 *(.Task_task3_SEC_VAR_POWER_ON_INIT_32BIT)
 *(.Task_task3_SEC_VAR_POWER_ON_INIT_16BIT)
 *(.Task_task3_SEC_VAR_POWER_ON_INIT_8BIT)
 *(.Task_task3_SEC_VAR_POWER_ON_INIT_BOOLEAN)
 *(.Task_task3_SEC_VAR_POWER_ON_INIT_UNSPECIFIED)
                0x0000000020000ac8                . = ALIGN (0x4)
 *fill*         0x0000000020000ac7        0x1 
                0x0000000020000ac8                _edata = .

.igot.plt       0x0000000020000ac8        0x0 load address 0x000000000800bde8
 .igot.plt      0x0000000020000ac8        0x0 build/os/tpl_os_kernel.c.o

.Task_IDLE_TASKStack
                0x0000000020000ac8      0x12c load address 0x000000000800bde8
 .Task_IDLE_TASKStack
                0x0000000020000ac8      0x12c build/lab1/tpl_app_config.c.o
                0x0000000020000ac8                IDLE_TASK_stack_zone

.Task_task2_SEC_VAR
                0x0000000020000bf4        0xc load address 0x000000000800bf14
                0x0000000020000c00                . = ALIGN (__SEG_ALIGN_Task_task2_VAR_RGN)
 *fill*         0x0000000020000bf4        0xc 
                0x0000000020000c00                __SEG_START_Task_task2_VAR_RGN = .
 *(.Task_task2_SEC_VAR_NOINIT_32BIT)
 *(.Task_task2_SEC_VAR_FAST_32BIT)
 *(.Task_task2_SEC_VAR_32BIT)
 *(.Task_task2_SEC_VAR_NOINIT_16BIT)
 *(.Task_task2_SEC_VAR_FAST_16BIT)
 *(.Task_task2_SEC_VAR_16BIT)
 *(.Task_task2_SEC_VAR_NOINIT_8BIT)
 *(.Task_task2_SEC_VAR_FAST_8BIT)
 *(.Task_task2_SEC_VAR_8BIT)
 *(.Task_task2_SEC_VAR_NOINIT_BOOLEAN)
 *(.Task_task2_SEC_VAR_FAST_BOOLEAN)
 *(.Task_task2_SEC_VAR_BOOLEAN)
 *(.Task_task2_SEC_VAR_NOINIT_UNSPECIFIED)
 *(.Task_task2_SEC_VAR_FAST_UNSPECIFIED)
 *(.Task_task2_SEC_VAR_UNSPECIFIED)
                0x0000000020000c00                __SEG_END_Task_task2_VAR_RGN = .
                0x0000000020000c14                __SEG_SIZE_Task_task2_VAR_RGN = ((__SEG_END_Task_task2_VAR_RGN - __SEG_START_Task_task2_VAR_RGN) < 0x1000)?0x1000:__SEG_SIZE_Task_task2_VAR_RGN
                0x0000000020000c14                __SEG_SIZE_Task_task2_VAR_RGN = ((__SEG_END_Task_task2_VAR_RGN - __SEG_START_Task_task2_VAR_RGN) < 0x400)?0x400:__SEG_SIZE_Task_task2_VAR_RGN
                0x0000000020000c14                __SEG_SIZE_Task_task2_VAR_RGN = ((__SEG_END_Task_task2_VAR_RGN - __SEG_START_Task_task2_VAR_RGN) < 0x200)?0x200:__SEG_SIZE_Task_task2_VAR_RGN
                0x0000000020000c14                __SEG_SIZE_Task_task2_VAR_RGN = ((__SEG_END_Task_task2_VAR_RGN - __SEG_START_Task_task2_VAR_RGN) < 0x100)?0x100:__SEG_SIZE_Task_task2_VAR_RGN
                0x0000000020000c14                __SEG_SIZE_Task_task2_VAR_RGN = ((__SEG_END_Task_task2_VAR_RGN - __SEG_START_Task_task2_VAR_RGN) < 0x80)?0x80:__SEG_SIZE_Task_task2_VAR_RGN
                0x0000000020000c14                __SEG_SIZE_Task_task2_VAR_RGN = ((__SEG_END_Task_task2_VAR_RGN - __SEG_START_Task_task2_VAR_RGN) < 0x40)?0x40:__SEG_SIZE_Task_task2_VAR_RGN
                0x0000000020000c14                __SEG_SIZE_Task_task2_VAR_RGN = ((__SEG_END_Task_task2_VAR_RGN - __SEG_START_Task_task2_VAR_RGN) < 0x20)?0x20:__SEG_SIZE_Task_task2_VAR_RGN
                0x0000000020000c14                __SEG_ALIGN_Task_task2_VAR_RGN = __SEG_SIZE_Task_task2_VAR_RGN

.Task_task1_SEC_VAR
                0x0000000020000c00        0x0
                0x0000000020000c00                . = ALIGN (__SEG_ALIGN_Task_task1_VAR_RGN)
                0x0000000020000c00                __SEG_START_Task_task1_VAR_RGN = .
 *(.Task_task1_SEC_VAR_NOINIT_32BIT)
 *(.Task_task1_SEC_VAR_FAST_32BIT)
 *(.Task_task1_SEC_VAR_32BIT)
 *(.Task_task1_SEC_VAR_NOINIT_16BIT)
 *(.Task_task1_SEC_VAR_FAST_16BIT)
 *(.Task_task1_SEC_VAR_16BIT)
 *(.Task_task1_SEC_VAR_NOINIT_8BIT)
 *(.Task_task1_SEC_VAR_FAST_8BIT)
 *(.Task_task1_SEC_VAR_8BIT)
 *(.Task_task1_SEC_VAR_NOINIT_BOOLEAN)
 *(.Task_task1_SEC_VAR_FAST_BOOLEAN)
 *(.Task_task1_SEC_VAR_BOOLEAN)
 *(.Task_task1_SEC_VAR_NOINIT_UNSPECIFIED)
 *(.Task_task1_SEC_VAR_FAST_UNSPECIFIED)
 *(.Task_task1_SEC_VAR_UNSPECIFIED)
                0x0000000020000c00                __SEG_END_Task_task1_VAR_RGN = .
                0x0000000020000c20                __SEG_SIZE_Task_task1_VAR_RGN = ((__SEG_END_Task_task1_VAR_RGN - __SEG_START_Task_task1_VAR_RGN) < 0x1000)?0x1000:__SEG_SIZE_Task_task1_VAR_RGN
                0x0000000020000c20                __SEG_SIZE_Task_task1_VAR_RGN = ((__SEG_END_Task_task1_VAR_RGN - __SEG_START_Task_task1_VAR_RGN) < 0x400)?0x400:__SEG_SIZE_Task_task1_VAR_RGN
                0x0000000020000c20                __SEG_SIZE_Task_task1_VAR_RGN = ((__SEG_END_Task_task1_VAR_RGN - __SEG_START_Task_task1_VAR_RGN) < 0x200)?0x200:__SEG_SIZE_Task_task1_VAR_RGN
                0x0000000020000c20                __SEG_SIZE_Task_task1_VAR_RGN = ((__SEG_END_Task_task1_VAR_RGN - __SEG_START_Task_task1_VAR_RGN) < 0x100)?0x100:__SEG_SIZE_Task_task1_VAR_RGN
                0x0000000020000c20                __SEG_SIZE_Task_task1_VAR_RGN = ((__SEG_END_Task_task1_VAR_RGN - __SEG_START_Task_task1_VAR_RGN) < 0x80)?0x80:__SEG_SIZE_Task_task1_VAR_RGN
                0x0000000020000c20                __SEG_SIZE_Task_task1_VAR_RGN = ((__SEG_END_Task_task1_VAR_RGN - __SEG_START_Task_task1_VAR_RGN) < 0x40)?0x40:__SEG_SIZE_Task_task1_VAR_RGN
                0x0000000020000c20                __SEG_SIZE_Task_task1_VAR_RGN = ((__SEG_END_Task_task1_VAR_RGN - __SEG_START_Task_task1_VAR_RGN) < 0x20)?0x20:__SEG_SIZE_Task_task1_VAR_RGN
                0x0000000020000c20                __SEG_ALIGN_Task_task1_VAR_RGN = __SEG_SIZE_Task_task1_VAR_RGN

.Task_task3_SEC_VAR
                0x0000000020000c00        0x0
                0x0000000020000c00                . = ALIGN (__SEG_ALIGN_Task_task3_VAR_RGN)
                0x0000000020000c00                __SEG_START_Task_task3_VAR_RGN = .
 *(.Task_task3_SEC_VAR_NOINIT_32BIT)
 *(.Task_task3_SEC_VAR_FAST_32BIT)
 *(.Task_task3_SEC_VAR_32BIT)
 *(.Task_task3_SEC_VAR_NOINIT_16BIT)
 *(.Task_task3_SEC_VAR_FAST_16BIT)
 *(.Task_task3_SEC_VAR_16BIT)
 *(.Task_task3_SEC_VAR_NOINIT_8BIT)
 *(.Task_task3_SEC_VAR_FAST_8BIT)
 *(.Task_task3_SEC_VAR_8BIT)
 *(.Task_task3_SEC_VAR_NOINIT_BOOLEAN)
 *(.Task_task3_SEC_VAR_FAST_BOOLEAN)
 *(.Task_task3_SEC_VAR_BOOLEAN)
 *(.Task_task3_SEC_VAR_NOINIT_UNSPECIFIED)
 *(.Task_task3_SEC_VAR_FAST_UNSPECIFIED)
 *(.Task_task3_SEC_VAR_UNSPECIFIED)
                0x0000000020000c00                __SEG_END_Task_task3_VAR_RGN = .
                0x0000000020000c20                __SEG_SIZE_Task_task3_VAR_RGN = ((__SEG_END_Task_task3_VAR_RGN - __SEG_START_Task_task3_VAR_RGN) < 0x1000)?0x1000:__SEG_SIZE_Task_task3_VAR_RGN
                0x0000000020000c20                __SEG_SIZE_Task_task3_VAR_RGN = ((__SEG_END_Task_task3_VAR_RGN - __SEG_START_Task_task3_VAR_RGN) < 0x400)?0x400:__SEG_SIZE_Task_task3_VAR_RGN
                0x0000000020000c20                __SEG_SIZE_Task_task3_VAR_RGN = ((__SEG_END_Task_task3_VAR_RGN - __SEG_START_Task_task3_VAR_RGN) < 0x200)?0x200:__SEG_SIZE_Task_task3_VAR_RGN
                0x0000000020000c20                __SEG_SIZE_Task_task3_VAR_RGN = ((__SEG_END_Task_task3_VAR_RGN - __SEG_START_Task_task3_VAR_RGN) < 0x100)?0x100:__SEG_SIZE_Task_task3_VAR_RGN
                0x0000000020000c20                __SEG_SIZE_Task_task3_VAR_RGN = ((__SEG_END_Task_task3_VAR_RGN - __SEG_START_Task_task3_VAR_RGN) < 0x80)?0x80:__SEG_SIZE_Task_task3_VAR_RGN
                0x0000000020000c20                __SEG_SIZE_Task_task3_VAR_RGN = ((__SEG_END_Task_task3_VAR_RGN - __SEG_START_Task_task3_VAR_RGN) < 0x40)?0x40:__SEG_SIZE_Task_task3_VAR_RGN
                0x0000000020000c20                __SEG_SIZE_Task_task3_VAR_RGN = ((__SEG_END_Task_task3_VAR_RGN - __SEG_START_Task_task3_VAR_RGN) < 0x20)?0x20:__SEG_SIZE_Task_task3_VAR_RGN
                0x0000000020000c20                __SEG_ALIGN_Task_task3_VAR_RGN = __SEG_SIZE_Task_task3_VAR_RGN

.Task_task2_SEC_STACK
                0x0000000020000c00      0x12c load address 0x000000000800bf20
                0x0000000020000c00                . = ALIGN (__SEG_ALIGN_Task_task2_STACK_RGN)
                0x0000000020000c00                __SEG_START_Task_task2_STACK_RGN = .
 *(.Task_task2Stack)
 .Task_task2Stack
                0x0000000020000c00      0x12c build/lab1/tpl_app_config.c.o
                0x0000000020000c00                task2_stack_zone
                0x0000000020000d2c                . = ALIGN (0x4)
                0x0000000020000d2c                __SEG_END_Task_task2_STACK_RGN = .
                0x0000000020000e00                __SEG_SIZE_Task_task2_STACK_RGN = ((__SEG_END_Task_task2_STACK_RGN - __SEG_START_Task_task2_STACK_RGN) < 0x1000)?0x1000:__SEG_SIZE_Task_task2_STACK_RGN
                0x0000000020000e00                __SEG_SIZE_Task_task2_STACK_RGN = ((__SEG_END_Task_task2_STACK_RGN - __SEG_START_Task_task2_STACK_RGN) < 0x400)?0x400:__SEG_SIZE_Task_task2_STACK_RGN
                0x0000000020000e00                __SEG_SIZE_Task_task2_STACK_RGN = ((__SEG_END_Task_task2_STACK_RGN - __SEG_START_Task_task2_STACK_RGN) < 0x200)?0x200:__SEG_SIZE_Task_task2_STACK_RGN
                [0x0000000020000e00]                __SEG_SIZE_Task_task2_STACK_RGN = ((__SEG_END_Task_task2_STACK_RGN - __SEG_START_Task_task2_STACK_RGN) < 0x100)?0x100:__SEG_SIZE_Task_task2_STACK_RGN
                [0x0000000020000e00]                __SEG_SIZE_Task_task2_STACK_RGN = ((__SEG_END_Task_task2_STACK_RGN - __SEG_START_Task_task2_STACK_RGN) < 0x80)?0x80:__SEG_SIZE_Task_task2_STACK_RGN
                [0x0000000020000e00]                __SEG_SIZE_Task_task2_STACK_RGN = ((__SEG_END_Task_task2_STACK_RGN - __SEG_START_Task_task2_STACK_RGN) < 0x40)?0x40:__SEG_SIZE_Task_task2_STACK_RGN
                [0x0000000020000e00]                __SEG_SIZE_Task_task2_STACK_RGN = ((__SEG_END_Task_task2_STACK_RGN - __SEG_START_Task_task2_STACK_RGN) < 0x20)?0x20:__SEG_SIZE_Task_task2_STACK_RGN
                0x0000000020000e00                __SEG_ALIGN_Task_task2_STACK_RGN = __SEG_SIZE_Task_task2_STACK_RGN

.Task_task1_SEC_STACK
                0x0000000020000d2c      0x200 load address 0x000000000800c04c
                0x0000000020000e00                . = ALIGN (__SEG_ALIGN_Task_task1_STACK_RGN)
 *fill*         0x0000000020000d2c       0xd4 
                0x0000000020000e00                __SEG_START_Task_task1_STACK_RGN = .
 *(.Task_task1Stack)
 .Task_task1Stack
                0x0000000020000e00      0x12c build/lab1/tpl_app_config.c.o
                0x0000000020000e00                task1_stack_zone
                0x0000000020000f2c                . = ALIGN (0x4)
                0x0000000020000f2c                __SEG_END_Task_task1_STACK_RGN = .
                0x0000000020000f2c                __SEG_SIZE_Task_task1_STACK_RGN = ((__SEG_END_Task_task1_STACK_RGN - __SEG_START_Task_task1_STACK_RGN) < 0x1000)?0x1000:__SEG_SIZE_Task_task1_STACK_RGN
                0x0000000020000f2c                __SEG_SIZE_Task_task1_STACK_RGN = ((__SEG_END_Task_task1_STACK_RGN - __SEG_START_Task_task1_STACK_RGN) < 0x400)?0x400:__SEG_SIZE_Task_task1_STACK_RGN
                0x0000000020000f2c                __SEG_SIZE_Task_task1_STACK_RGN = ((__SEG_END_Task_task1_STACK_RGN - __SEG_START_Task_task1_STACK_RGN) < 0x200)?0x200:__SEG_SIZE_Task_task1_STACK_RGN
                [0x0000000020000f2c]                __SEG_SIZE_Task_task1_STACK_RGN = ((__SEG_END_Task_task1_STACK_RGN - __SEG_START_Task_task1_STACK_RGN) < 0x100)?0x100:__SEG_SIZE_Task_task1_STACK_RGN
                [0x0000000020000f2c]                __SEG_SIZE_Task_task1_STACK_RGN = ((__SEG_END_Task_task1_STACK_RGN - __SEG_START_Task_task1_STACK_RGN) < 0x80)?0x80:__SEG_SIZE_Task_task1_STACK_RGN
                [0x0000000020000f2c]                __SEG_SIZE_Task_task1_STACK_RGN = ((__SEG_END_Task_task1_STACK_RGN - __SEG_START_Task_task1_STACK_RGN) < 0x40)?0x40:__SEG_SIZE_Task_task1_STACK_RGN
                [0x0000000020000f2c]                __SEG_SIZE_Task_task1_STACK_RGN = ((__SEG_END_Task_task1_STACK_RGN - __SEG_START_Task_task1_STACK_RGN) < 0x20)?0x20:__SEG_SIZE_Task_task1_STACK_RGN
                0x0000000020000f2c                __SEG_ALIGN_Task_task1_STACK_RGN = __SEG_SIZE_Task_task1_STACK_RGN

.Task_task3_SEC_STACK
                0x0000000020000f2c      0x200 load address 0x000000000800c24c
                0x0000000020001000                . = ALIGN (__SEG_ALIGN_Task_task3_STACK_RGN)
 *fill*         0x0000000020000f2c       0xd4 
                0x0000000020001000                __SEG_START_Task_task3_STACK_RGN = .
 *(.Task_task3Stack)
 .Task_task3Stack
                0x0000000020001000      0x12c build/lab1/tpl_app_config.c.o
                0x0000000020001000                task3_stack_zone
                0x000000002000112c                . = ALIGN (0x4)
                0x000000002000112c                __SEG_END_Task_task3_STACK_RGN = .
                0x000000002000112c                __SEG_SIZE_Task_task3_STACK_RGN = ((__SEG_END_Task_task3_STACK_RGN - __SEG_START_Task_task3_STACK_RGN) < 0x1000)?0x1000:__SEG_SIZE_Task_task3_STACK_RGN
                0x000000002000112c                __SEG_SIZE_Task_task3_STACK_RGN = ((__SEG_END_Task_task3_STACK_RGN - __SEG_START_Task_task3_STACK_RGN) < 0x400)?0x400:__SEG_SIZE_Task_task3_STACK_RGN
                0x000000002000112c                __SEG_SIZE_Task_task3_STACK_RGN = ((__SEG_END_Task_task3_STACK_RGN - __SEG_START_Task_task3_STACK_RGN) < 0x200)?0x200:__SEG_SIZE_Task_task3_STACK_RGN
                [0x000000002000112c]                __SEG_SIZE_Task_task3_STACK_RGN = ((__SEG_END_Task_task3_STACK_RGN - __SEG_START_Task_task3_STACK_RGN) < 0x100)?0x100:__SEG_SIZE_Task_task3_STACK_RGN
                [0x000000002000112c]                __SEG_SIZE_Task_task3_STACK_RGN = ((__SEG_END_Task_task3_STACK_RGN - __SEG_START_Task_task3_STACK_RGN) < 0x80)?0x80:__SEG_SIZE_Task_task3_STACK_RGN
                [0x000000002000112c]                __SEG_SIZE_Task_task3_STACK_RGN = ((__SEG_END_Task_task3_STACK_RGN - __SEG_START_Task_task3_STACK_RGN) < 0x40)?0x40:__SEG_SIZE_Task_task3_STACK_RGN
                [0x000000002000112c]                __SEG_SIZE_Task_task3_STACK_RGN = ((__SEG_END_Task_task3_STACK_RGN - __SEG_START_Task_task3_STACK_RGN) < 0x20)?0x20:__SEG_SIZE_Task_task3_STACK_RGN
                0x000000002000112c                __SEG_ALIGN_Task_task3_STACK_RGN = __SEG_SIZE_Task_task3_STACK_RGN

appvars
                0x000000002000112c                . = ALIGN (0x4)

.bss            0x000000002000112c       0xc8 load address 0x000000000800c44c
                0x000000002000112c                _sbss = .
                0x000000002000112c                __bss_start__ = _sbss
 *(.bss)
 *(.bss*)
 .bss.ioExt     0x000000002000112c       0x54 build/machines/cortex/armv7em/stm32f303/coroLabBoard/mcp23s17.cpp.o
                0x000000002000112c                ioExt
 .bss.Tft       0x0000000020001180       0x30 build/machines/cortex/armv7em/stm32f303/coroLabBoard/tft/tft.cpp.o
                0x0000000020001180                Tft
 .bss.__malloc_current_mallinfo
                0x00000000200011b0       0x28 /opt/gcc-arm-none-eabi-10.3-2021.07/bin/../lib/gcc/arm-none-eabi/10.3.1/../../../../arm-none-eabi/lib/thumb/v7e-m/nofp/libc.a(lib_a-mallocr.o)
                0x00000000200011b0                __malloc_current_mallinfo
 .bss.__malloc_max_sbrked_mem
                0x00000000200011d8        0x4 /opt/gcc-arm-none-eabi-10.3-2021.07/bin/../lib/gcc/arm-none-eabi/10.3.1/../../../../arm-none-eabi/lib/thumb/v7e-m/nofp/libc.a(lib_a-mallocr.o)
                0x00000000200011d8                __malloc_max_sbrked_mem
 .bss.__malloc_max_total_mem
                0x00000000200011dc        0x4 /opt/gcc-arm-none-eabi-10.3-2021.07/bin/../lib/gcc/arm-none-eabi/10.3.1/../../../../arm-none-eabi/lib/thumb/v7e-m/nofp/libc.a(lib_a-mallocr.o)
                0x00000000200011dc                __malloc_max_total_mem
 .bss.__malloc_top_pad
                0x00000000200011e0        0x4 /opt/gcc-arm-none-eabi-10.3-2021.07/bin/../lib/gcc/arm-none-eabi/10.3.1/../../../../arm-none-eabi/lib/thumb/v7e-m/nofp/libc.a(lib_a-mallocr.o)
                0x00000000200011e0                __malloc_top_pad
 .bss.__lock___malloc_recursive_mutex
                0x00000000200011e4        0x1 /opt/gcc-arm-none-eabi-10.3-2021.07/bin/../lib/gcc/arm-none-eabi/10.3.1/../../../../arm-none-eabi/lib/thumb/v7e-m/nofp/libc.a(lib_a-lock.o)
                0x00000000200011e4                __lock___malloc_recursive_mutex
 *fill*         0x00000000200011e5        0x3 
 .bss.__lock___sfp_recursive_mutex
                0x00000000200011e8        0x1 /opt/gcc-arm-none-eabi-10.3-2021.07/bin/../lib/gcc/arm-none-eabi/10.3.1/../../../../arm-none-eabi/lib/thumb/v7e-m/nofp/libc.a(lib_a-lock.o)