/opt/trampoline/os/tpl_os_kernel.c:491:29:tpl_current_os_state	0	static
/opt/trampoline/os/tpl_os_kernel.c:404:31:tpl_front_proc	8	static
/opt/trampoline/os/tpl_os_kernel.c:1107:21:tpl_init_proc	0	static
/opt/trampoline/os/tpl_os_kernel.c:525:1:tpl_get_internal_resource	0	static
/opt/trampoline/os/tpl_os_kernel.c:550:1:tpl_release_internal_resource	0	static
/opt/trampoline/os/tpl_os_kernel.c:796:21:tpl_terminate	8	static
/opt/trampoline/os/tpl_os_kernel.c:1245:21:tpl_call_terminate_task_service	8	static
/opt/trampoline/os/tpl_os_kernel.c:1287:21:tpl_call_terminate_isr2_service	8	static
/opt/trampoline/os/tpl_os_kernel.c:1037:1:tpl_set_event	0	static
/opt/trampoline/os/tpl_os_kernel.c:224:1:tpl_compare_entries	8	static
/opt/trampoline/os/tpl_os_kernel.c:260:1:tpl_bubble_up	24	static
/opt/trampoline/os/tpl_os_kernel.c:370:1:tpl_put_preempted_proc	0	static
/opt/trampoline/os/tpl_os_kernel.c:603:1:tpl_run_elected	16	static
/opt/trampoline/os/tpl_os_kernel.c:334:21:tpl_put_new_proc	8	static
/opt/trampoline/os/tpl_os_kernel.c:1013:21:tpl_release	8	static
/opt/trampoline/os/tpl_os_kernel.c:938:1:tpl_activate_task	8	static
/opt/trampoline/os/tpl_os_kernel.c:1124:21:tpl_init_os	16	static
/opt/trampoline/os/tpl_os_kernel.c:291:1:tpl_bubble_down	32	static
/opt/trampoline/os/tpl_os_kernel.c:417:31:tpl_remove_front_proc	24	static
/opt/trampoline/os/tpl_os_kernel.c:703:21:tpl_start	24	static
/opt/trampoline/os/tpl_os_kernel.c:916:21:tpl_start_scheduling	0	static
/opt/trampoline/os/tpl_os_kernel.c:874:21:tpl_block	8	static
/opt/trampoline/os/tpl_os_kernel.c:567:21:tpl_preempt	0	static
/opt/trampoline/os/tpl_os_kernel.c:759:21:tpl_schedule_from_running	8	static
